Component: ARM Compiler 5.06 update 3 (build 300) Tool: armlink [4d35c9]

==============================================================================

Section Cross References

    misc.o(i.NVIC_Init) refers to main.o(i.assert_failed) for assert_failed
    misc.o(i.NVIC_PriorityGroupConfig) refers to main.o(i.assert_failed) for assert_failed
    misc.o(i.NVIC_SetVectorTable) refers to main.o(i.assert_failed) for assert_failed
    misc.o(i.NVIC_SystemLPConfig) refers to main.o(i.assert_failed) for assert_failed
    misc.o(i.SysTick_CLKSourceConfig) refers to main.o(i.assert_failed) for assert_failed
    stm32f10x_adc.o(i.ADC_AnalogWatchdogCmd) refers to main.o(i.assert_failed) for assert_failed
    stm32f10x_adc.o(i.ADC_AnalogWatchdogSingleChannelConfig) refers to main.o(i.assert_failed) for assert_failed
    stm32f10x_adc.o(i.ADC_AnalogWatchdogThresholdsConfig) refers to main.o(i.assert_failed) for assert_failed
    stm32f10x_adc.o(i.ADC_AutoInjectedConvCmd) refers to main.o(i.assert_failed) for assert_failed
    stm32f10x_adc.o(i.ADC_ClearFlag) refers to main.o(i.assert_failed) for assert_failed
    stm32f10x_adc.o(i.ADC_ClearITPendingBit) refers to main.o(i.assert_failed) for assert_failed
    stm32f10x_adc.o(i.ADC_Cmd) refers to main.o(i.assert_failed) for assert_failed
    stm32f10x_adc.o(i.ADC_DMACmd) refers to main.o(i.assert_failed) for assert_failed
    stm32f10x_adc.o(i.ADC_DeInit) refers to main.o(i.assert_failed) for assert_failed
    stm32f10x_adc.o(i.ADC_DeInit) refers to stm32f10x_rcc.o(i.RCC_APB2PeriphResetCmd) for RCC_APB2PeriphResetCmd
    stm32f10x_adc.o(i.ADC_DiscModeChannelCountConfig) refers to main.o(i.assert_failed) for assert_failed
    stm32f10x_adc.o(i.ADC_DiscModeCmd) refers to main.o(i.assert_failed) for assert_failed
    stm32f10x_adc.o(i.ADC_ExternalTrigConvCmd) refers to main.o(i.assert_failed) for assert_failed
    stm32f10x_adc.o(i.ADC_ExternalTrigInjectedConvCmd) refers to main.o(i.assert_failed) for assert_failed
    stm32f10x_adc.o(i.ADC_ExternalTrigInjectedConvConfig) refers to main.o(i.assert_failed) for assert_failed
    stm32f10x_adc.o(i.ADC_GetCalibrationStatus) refers to main.o(i.assert_failed) for assert_failed
    stm32f10x_adc.o(i.ADC_GetConversionValue) refers to main.o(i.assert_failed) for assert_failed
    stm32f10x_adc.o(i.ADC_GetFlagStatus) refers to main.o(i.assert_failed) for assert_failed
    stm32f10x_adc.o(i.ADC_GetITStatus) refers to main.o(i.assert_failed) for assert_failed
    stm32f10x_adc.o(i.ADC_GetInjectedConversionValue) refers to main.o(i.assert_failed) for assert_failed
    stm32f10x_adc.o(i.ADC_GetResetCalibrationStatus) refers to main.o(i.assert_failed) for assert_failed
    stm32f10x_adc.o(i.ADC_GetSoftwareStartConvStatus) refers to main.o(i.assert_failed) for assert_failed
    stm32f10x_adc.o(i.ADC_GetSoftwareStartInjectedConvCmdStatus) refers to main.o(i.assert_failed) for assert_failed
    stm32f10x_adc.o(i.ADC_ITConfig) refers to main.o(i.assert_failed) for assert_failed
    stm32f10x_adc.o(i.ADC_Init) refers to main.o(i.assert_failed) for assert_failed
    stm32f10x_adc.o(i.ADC_InjectedChannelConfig) refers to main.o(i.assert_failed) for assert_failed
    stm32f10x_adc.o(i.ADC_InjectedDiscModeCmd) refers to main.o(i.assert_failed) for assert_failed
    stm32f10x_adc.o(i.ADC_InjectedSequencerLengthConfig) refers to main.o(i.assert_failed) for assert_failed
    stm32f10x_adc.o(i.ADC_RegularChannelConfig) refers to main.o(i.assert_failed) for assert_failed
    stm32f10x_adc.o(i.ADC_ResetCalibration) refers to main.o(i.assert_failed) for assert_failed
    stm32f10x_adc.o(i.ADC_SetInjectedOffset) refers to main.o(i.assert_failed) for assert_failed
    stm32f10x_adc.o(i.ADC_SoftwareStartConvCmd) refers to main.o(i.assert_failed) for assert_failed
    stm32f10x_adc.o(i.ADC_SoftwareStartInjectedConvCmd) refers to main.o(i.assert_failed) for assert_failed
    stm32f10x_adc.o(i.ADC_StartCalibration) refers to main.o(i.assert_failed) for assert_failed
    stm32f10x_adc.o(i.ADC_TempSensorVrefintCmd) refers to main.o(i.assert_failed) for assert_failed
    stm32f10x_bkp.o(i.BKP_DeInit) refers to stm32f10x_rcc.o(i.RCC_BackupResetCmd) for RCC_BackupResetCmd
    stm32f10x_bkp.o(i.BKP_ITConfig) refers to main.o(i.assert_failed) for assert_failed
    stm32f10x_bkp.o(i.BKP_RTCOutputConfig) refers to main.o(i.assert_failed) for assert_failed
    stm32f10x_bkp.o(i.BKP_ReadBackupRegister) refers to main.o(i.assert_failed) for assert_failed
    stm32f10x_bkp.o(i.BKP_SetRTCCalibrationValue) refers to main.o(i.assert_failed) for assert_failed
    stm32f10x_bkp.o(i.BKP_TamperPinCmd) refers to main.o(i.assert_failed) for assert_failed
    stm32f10x_bkp.o(i.BKP_TamperPinLevelConfig) refers to main.o(i.assert_failed) for assert_failed
    stm32f10x_bkp.o(i.BKP_WriteBackupRegister) refers to main.o(i.assert_failed) for assert_failed
    stm32f10x_can.o(i.CAN_CancelTransmit) refers to main.o(i.assert_failed) for assert_failed
[...]
    Removing stm32f10x_can.o(i.CAN_Transmit), (328 bytes).
    Removing stm32f10x_can.o(i.CAN_TransmitStatus), (204 bytes).
    Removing stm32f10x_can.o(i.CAN_WakeUp), (96 bytes).
    Removing stm32f10x_can.o(i.CheckITStatus), (12 bytes).
    Removing stm32f10x_cec.o(i.CEC_ClearFlag), (72 bytes).
    Removing stm32f10x_cec.o(i.CEC_ClearITPendingBit), (80 bytes).
    Removing stm32f10x_cec.o(i.CEC_Cmd), (68 bytes).
    Removing stm32f10x_cec.o(i.CEC_DeInit), (24 bytes).
    Removing stm32f10x_cec.o(i.CEC_EndOfMessageCmd), (52 bytes).
    Removing stm32f10x_cec.o(i.CEC_GetFlagStatus), (160 bytes).
    Removing stm32f10x_cec.o(i.CEC_GetITStatus), (84 bytes).
    Removing stm32f10x_cec.o(i.CEC_ITConfig), (52 bytes).
    Removing stm32f10x_cec.o(i.CEC_Init), (84 bytes).
    Removing stm32f10x_cec.o(i.CEC_OwnAddressConfig), (48 bytes).
    Removing stm32f10x_cec.o(i.CEC_ReceiveDataByte), (12 bytes).
    Removing stm32f10x_cec.o(i.CEC_SendDataByte), (12 bytes).
    Removing stm32f10x_cec.o(i.CEC_SetPrescaler), (48 bytes).
    Removing stm32f10x_cec.o(i.CEC_StartOfMessage), (12 bytes).
    Removing stm32f10x_crc.o(i.CRC_CalcBlockCRC), (28 bytes).
    Removing stm32f10x_crc.o(i.CRC_CalcCRC), (12 bytes).
    Removing stm32f10x_crc.o(i.CRC_GetCRC), (12 bytes).
    Removing stm32f10x_crc.o(i.CRC_GetIDRegister), (12 bytes).
    Removing stm32f10x_crc.o(i.CRC_ResetDR), (12 bytes).
    Removing stm32f10x_crc.o(i.CRC_SetIDRegister), (12 bytes).
    Removing stm32f10x_dac.o(i.DAC_Cmd), (84 bytes).
    Removing stm32f10x_dac.o(i.DAC_DMACmd), (84 bytes).
    Removing stm32f10x_dac.o(i.DAC_DeInit), (24 bytes).
    Removing stm32f10x_dac.o(i.DAC_DualSoftwareTriggerCmd), (72 bytes).
    Removing stm32f10x_dac.o(i.DAC_GetDataOutputValue), (68 bytes).
    Removing stm32f10x_dac.o(i.DAC_Init), (224 bytes).
    Removing stm32f10x_dac.o(i.DAC_SetChannel1Data), (88 bytes).
    Removing stm32f10x_dac.o(i.DAC_SetChannel2Data), (88 bytes).
    Removing stm32f10x_dac.o(i.DAC_SetDualChannelData), (112 bytes).
    Removing stm32f10x_dac.o(i.DAC_SoftwareTriggerCmd), (92 bytes).
    Removing stm32f10x_dac.o(i.DAC_StructInit), (12 bytes).
    Removing stm32f10x_dac.o(i.DAC_WaveGenerationCmd), (108 bytes).
    Removing stm32f10x_dbgmcu.o(i.DBGMCU_Config), (88 bytes).
    Removing stm32f10x_dbgmcu.o(i.DBGMCU_GetDEVID), (16 bytes).
    Removing stm32f10x_dbgmcu.o(i.DBGMCU_GetREVID), (12 bytes).
    Removing stm32f10x_dma.o(i.DMA_ClearFlag), (76 bytes).
    Removing stm32f10x_dma.o(i.DMA_ClearITPendingBit), (76 bytes).
    Removing stm32f10x_dma.o(i.DMA_Cmd), (176 bytes).
    Removing stm32f10x_dma.o(i.DMA_DeInit), (364 bytes).
    Removing stm32f10x_dma.o(i.DMA_GetCurrDataCounter), (140 bytes).
    Removing stm32f10x_dma.o(i.DMA_GetFlagStatus), (404 bytes).
    Removing stm32f10x_dma.o(i.DMA_GetITStatus), (404 bytes).
    Removing stm32f10x_dma.o(i.DMA_ITConfig), (192 bytes).
    Removing stm32f10x_dma.o(i.DMA_Init), (372 bytes).
    Removing stm32f10x_dma.o(i.DMA_SetCurrDataCounter), (140 bytes).
    Removing stm32f10x_dma.o(i.DMA_StructInit), (26 bytes).
    Removing stm32f10x_exti.o(i.EXTI_ClearFlag), (52 bytes).
    Removing stm32f10x_exti.o(i.EXTI_DeInit), (36 bytes).
    Removing stm32f10x_exti.o(i.EXTI_GenerateSWInterrupt), (56 bytes).
    Removing stm32f10x_exti.o(i.EXTI_GetFlagStatus), (160 bytes).
    Removing stm32f10x_exti.o(i.EXTI_StructInit), (14 bytes).
    Removing stm32f10x_flash.o(i.FLASH_ClearFlag), (56 bytes).
    Removing stm32f10x_flash.o(i.FLASH_EnableWriteProtection), (212 bytes).
    Removing stm32f10x_flash.o(i.FLASH_EraseAllBank1Pages), (56 bytes).
    Removing stm32f10x_flash.o(i.FLASH_EraseAllPages), (56 bytes).
    Removing stm32f10x_flash.o(i.FLASH_EraseOptionBytes), (136 bytes).
    Removing stm32f10x_flash.o(i.FLASH_ErasePage), (108 bytes).
    Removing stm32f10x_flash.o(i.FLASH_GetBank1Status), (40 bytes).
    Removing stm32f10x_flash.o(i.FLASH_GetFlagStatus), (88 bytes).
    Removing stm32f10x_flash.o(i.FLASH_GetPrefetchBufferStatus), (20 bytes).
    Removing stm32f10x_flash.o(i.FLASH_GetReadOutProtectionStatus), (20 bytes).
    Removing stm32f10x_flash.o(i.FLASH_GetStatus), (40 bytes).
    Removing stm32f10x_flash.o(i.FLASH_GetUserOptionByte), (12 bytes).
    Removing stm32f10x_flash.o(i.FLASH_GetWriteProtectionOptionByte), (12 bytes).
    Removing stm32f10x_flash.o(i.FLASH_HalfCycleAccessCmd), (68 bytes).
    Removing stm32f10x_flash.o(i.FLASH_ITConfig), (88 bytes).
    Removing stm32f10x_flash.o(i.FLASH_Lock), (16 bytes).
    Removing stm32f10x_flash.o(i.FLASH_LockBank1), (16 bytes).
    Removing stm32f10x_flash.o(i.FLASH_PrefetchBufferCmd), (68 bytes).
    Removing stm32f10x_flash.o(i.FLASH_ProgramHalfWord), (104 bytes).
    Removing stm32f10x_flash.o(i.FLASH_ProgramOptionByteData), (128 bytes).
    Removing stm32f10x_flash.o(i.FLASH_ProgramWord), (140 bytes).
    Removing stm32f10x_flash.o(i.FLASH_ReadOutProtection), (180 bytes).
    Removing stm32f10x_flash.o(i.FLASH_SetLatency), (68 bytes).
    Removing stm32f10x_flash.o(i.FLASH_Unlock), (24 bytes).
    Removing stm32f10x_flash.o(i.FLASH_UnlockBank1), (24 bytes).
    Removing stm32f10x_flash.o(i.FLASH_UserOptionByteConfig), (168 bytes).
    Removing stm32f10x_flash.o(i.FLASH_WaitForLastBank1Operation), (32 bytes).
    Removing stm32f10x_flash.o(i.FLASH_WaitForLastOperation), (32 bytes).
    Removing stm32f10x_fsmc.o(i.FSMC_ClearFlag), (116 bytes).
    Removing stm32f10x_fsmc.o(i.FSMC_ClearITPendingBit), (124 bytes).
    Removing stm32f10x_fsmc.o(i.FSMC_GetECC), (18 bytes).
    Removing stm32f10x_fsmc.o(i.FSMC_GetFlagStatus), (128 bytes).
    Removing stm32f10x_fsmc.o(i.FSMC_GetITStatus), (132 bytes).
    Removing stm32f10x_fsmc.o(i.FSMC_ITConfig), (176 bytes).
    Removing stm32f10x_fsmc.o(i.FSMC_NANDCmd), (128 bytes).
    Removing stm32f10x_fsmc.o(i.FSMC_NANDDeInit), (84 bytes).
    Removing stm32f10x_fsmc.o(i.FSMC_NANDECCCmd), (128 bytes).
    Removing stm32f10x_fsmc.o(i.FSMC_NANDInit), (428 bytes).
    Removing stm32f10x_fsmc.o(i.FSMC_NANDStructInit), (54 bytes).
    Removing stm32f10x_fsmc.o(i.FSMC_NORSRAMDeInit), (100 bytes).
    Removing stm32f10x_fsmc.o(i.FSMC_NORSRAMStructInit), (98 bytes).
    Removing stm32f10x_fsmc.o(i.FSMC_PCCARDCmd), (80 bytes).
    Removing stm32f10x_fsmc.o(i.FSMC_PCCARDDeInit), (28 bytes).
    Removing stm32f10x_fsmc.o(i.FSMC_PCCARDInit), (396 bytes).
    Removing stm32f10x_fsmc.o(i.FSMC_PCCARDStructInit), (60 bytes).
    Removing stm32f10x_gpio.o(i.GPIO_AFIODeInit), (22 bytes).
    Removing stm32f10x_gpio.o(i.GPIO_DeInit), (292 bytes).
    Removing stm32f10x_gpio.o(i.GPIO_ETH_MediaInterfaceConfig), (56 bytes).
    Removing stm32f10x_gpio.o(i.GPIO_EventOutputCmd), (56 bytes).
    Removing stm32f10x_gpio.o(i.GPIO_EventOutputConfig), (156 bytes).
    Removing stm32f10x_gpio.o(i.GPIO_PinLockConfig), (140 bytes).
    Removing stm32f10x_gpio.o(i.GPIO_ReadInputData), (116 bytes).
    Removing stm32f10x_gpio.o(i.GPIO_ReadInputDataBit), (216 bytes).
    Removing stm32f10x_gpio.o(i.GPIO_ReadOutputData), (116 bytes).
    Removing stm32f10x_gpio.o(i.GPIO_ReadOutputDataBit), (216 bytes).
    Removing stm32f10x_gpio.o(i.GPIO_StructInit), (16 bytes).
    Removing stm32f10x_gpio.o(i.GPIO_Write), (116 bytes).
    Removing stm32f10x_gpio.o(i.GPIO_WriteBit), (228 bytes).
    Removing stm32f10x_i2c.o(i.I2C_ARPCmd), (96 bytes).
    Removing stm32f10x_i2c.o(i.I2C_AcknowledgeConfig), (96 bytes).
    Removing stm32f10x_i2c.o(i.I2C_CalculatePEC), (96 bytes).
    Removing stm32f10x_i2c.o(i.I2C_CheckEvent), (240 bytes).
    Removing stm32f10x_i2c.o(i.I2C_ClearFlag), (84 bytes).
    Removing stm32f10x_i2c.o(i.I2C_ClearITPendingBit), (84 bytes).
    Removing stm32f10x_i2c.o(i.I2C_Cmd), (96 bytes).
    Removing stm32f10x_i2c.o(i.I2C_DMACmd), (96 bytes).
    Removing stm32f10x_i2c.o(i.I2C_DMALastTransferCmd), (96 bytes).
    Removing stm32f10x_i2c.o(i.I2C_DeInit), (100 bytes).
    Removing stm32f10x_i2c.o(i.I2C_DualAddressCmd), (96 bytes).
    Removing stm32f10x_i2c.o(i.I2C_FastModeDutyCycleConfig), (108 bytes).
    Removing stm32f10x_i2c.o(i.I2C_GeneralCallCmd), (96 bytes).
    Removing stm32f10x_i2c.o(i.I2C_GenerateSTART), (96 bytes).
    Removing stm32f10x_i2c.o(i.I2C_GenerateSTOP), (96 bytes).
    Removing stm32f10x_i2c.o(i.I2C_GetFlagStatus), (284 bytes).
    Removing stm32f10x_i2c.o(i.I2C_GetITStatus), (220 bytes).
    Removing stm32f10x_i2c.o(i.I2C_GetLastEvent), (68 bytes).
    Removing stm32f10x_i2c.o(i.I2C_GetPEC), (60 bytes).
    Removing stm32f10x_i2c.o(i.I2C_ITConfig), (112 bytes).
    Removing stm32f10x_i2c.o(i.I2C_Init), (360 bytes).
    Removing stm32f10x_i2c.o(i.I2C_NACKPositionConfig), (108 bytes).
    Removing stm32f10x_i2c.o(i.I2C_OwnAddress2Config), (72 bytes).
    Removing stm32f10x_i2c.o(i.I2C_PECPositionConfig), (108 bytes).
    Removing stm32f10x_i2c.o(i.I2C_ReadRegister), (120 bytes).
    Removing stm32f10x_i2c.o(i.I2C_ReceiveData), (60 bytes).
    Removing stm32f10x_i2c.o(i.I2C_SMBusAlertConfig), (108 bytes).
    Removing stm32f10x_i2c.o(i.I2C_Send7bitAddress), (92 bytes).
    Removing stm32f10x_i2c.o(i.I2C_SendData), (60 bytes).
    Removing stm32f10x_i2c.o(i.I2C_SoftwareResetCmd), (96 bytes).
    Removing stm32f10x_i2c.o(i.I2C_StretchClockCmd), (96 bytes).
    Removing stm32f10x_i2c.o(i.I2C_StructInit), (28 bytes).
    Removing stm32f10x_i2c.o(i.I2C_TransmitPEC), (96 bytes).
    Removing stm32f10x_iwdg.o(i.IWDG_Enable), (16 bytes).
    Removing stm32f10x_iwdg.o(i.IWDG_GetFlagStatus), (64 bytes).
    Removing stm32f10x_iwdg.o(i.IWDG_ReloadCounter), (16 bytes).
    Removing stm32f10x_iwdg.o(i.IWDG_SetPrescaler), (76 bytes).
    Removing stm32f10x_iwdg.o(i.IWDG_SetReload), (52 bytes).
    Removing stm32f10x_iwdg.o(i.IWDG_WriteAccessCmd), (56 bytes).
    Removing stm32f10x_pwr.o(i.PWR_BackupAccessCmd), (52 bytes).
    Removing stm32f10x_pwr.o(i.PWR_ClearFlag), (60 bytes).
    Removing stm32f10x_pwr.o(i.PWR_DeInit), (24 bytes).
    Removing stm32f10x_pwr.o(i.PWR_EnterSTANDBYMode), (40 bytes).
    Removing stm32f10x_pwr.o(i.PWR_EnterSTOPMode), (108 bytes).
    Removing stm32f10x_pwr.o(i.PWR_GetFlagStatus), (68 bytes).
    Removing stm32f10x_pwr.o(i.PWR_PVDCmd), (52 bytes).
    Removing stm32f10x_pwr.o(i.PWR_PVDLevelConfig), (84 bytes).
    Removing stm32f10x_pwr.o(i.PWR_WakeUpPinCmd), (52 bytes).
    Removing stm32f10x_rcc.o(i.RCC_ADCCLKConfig), (76 bytes).
    Removing stm32f10x_rcc.o(i.RCC_APB1PeriphClockCmd), (88 bytes).
    Removing stm32f10x_rcc.o(i.RCC_APB1PeriphResetCmd), (88 bytes).
    Removing stm32f10x_rcc.o(i.RCC_APB2PeriphResetCmd), (88 bytes).
    Removing stm32f10x_rcc.o(i.RCC_AdjustHSICalibrationValue), (60 bytes).
    Removing stm32f10x_rcc.o(i.RCC_BackupResetCmd), (52 bytes).
    Removing stm32f10x_rcc.o(i.RCC_ClearFlag), (16 bytes).
    Removing stm32f10x_rcc.o(i.RCC_ClearITPendingBit), (52 bytes).
    Removing stm32f10x_rcc.o(i.RCC_ClockSecuritySystemCmd), (52 bytes).
    Removing stm32f10x_rcc.o(i.RCC_DeInit), (64 bytes).
    Removing stm32f10x_rcc.o(i.RCC_GetClocksFreq), (172 bytes).
    Removing stm32f10x_rcc.o(i.RCC_GetFlagStatus), (124 bytes).
    Removing stm32f10x_rcc.o(i.RCC_GetITStatus), (80 bytes).
    Removing stm32f10x_rcc.o(i.RCC_GetSYSCLKSource), (16 bytes).
    Removing stm32f10x_rcc.o(i.RCC_HCLKConfig), (88 bytes).
    Removing stm32f10x_rcc.o(i.RCC_HSEConfig), (104 bytes).
    Removing stm32f10x_rcc.o(i.RCC_HSICmd), (52 bytes).
    Removing stm32f10x_rcc.o(i.RCC_ITConfig), (84 bytes).
    Removing stm32f10x_rcc.o(i.RCC_LSEConfig), (84 bytes).
    Removing stm32f10x_rcc.o(i.RCC_LSICmd), (52 bytes).
    Removing stm32f10x_rcc.o(i.RCC_MCOConfig), (64 bytes).
    Removing stm32f10x_rcc.o(i.RCC_PCLK1Config), (80 bytes).
    Removing stm32f10x_rcc.o(i.RCC_PCLK2Config), (84 bytes).
    Removing stm32f10x_rcc.o(i.RCC_PLLCmd), (52 bytes).
    Removing stm32f10x_rcc.o(i.RCC_PLLConfig), (168 bytes).
    Removing stm32f10x_rcc.o(i.RCC_RTCCLKCmd), (52 bytes).
    Removing stm32f10x_rcc.o(i.RCC_RTCCLKConfig), (68 bytes).
    Removing stm32f10x_rcc.o(i.RCC_SYSCLKConfig), (64 bytes).
    Removing stm32f10x_rcc.o(i.RCC_USBCLKConfig), (52 bytes).
    Removing stm32f10x_rcc.o(i.RCC_WaitForHSEStartUp), (48 bytes).
    Removing stm32f10x_rcc.o(.data), (20 bytes).
    Removing stm32f10x_rtc.o(i.RTC_ClearFlag), (56 bytes).
    Removing stm32f10x_rtc.o(i.RTC_ClearITPendingBit), (56 bytes).
    Removing stm32f10x_rtc.o(i.RTC_EnterConfigMode), (16 bytes).
    Removing stm32f10x_rtc.o(i.RTC_ExitConfigMode), (16 bytes).
    Removing stm32f10x_rtc.o(i.RTC_GetCounter), (20 bytes).
    Removing stm32f10x_rtc.o(i.RTC_GetDivider), (24 bytes).
    Removing stm32f10x_rtc.o(i.RTC_GetFlagStatus), (72 bytes).
    Removing stm32f10x_rtc.o(i.RTC_GetITStatus), (80 bytes).
    Removing stm32f10x_rtc.o(i.RTC_ITConfig), (80 bytes).
    Removing stm32f10x_rtc.o(i.RTC_SetAlarm), (32 bytes).
    Removing stm32f10x_rtc.o(i.RTC_SetCounter), (32 bytes).
    Removing stm32f10x_rtc.o(i.RTC_SetPrescaler), (68 bytes).
    Removing stm32f10x_rtc.o(i.RTC_WaitForLastTask), (16 bytes).
    Removing stm32f10x_rtc.o(i.RTC_WaitForSynchro), (24 bytes).
    Removing stm32f10x_sdio.o(i.SDIO_CEATAITCmd), (60 bytes).
    Removing stm32f10x_sdio.o(i.SDIO_ClearFlag), (60 bytes).
    Removing stm32f10x_sdio.o(i.SDIO_ClearITPendingBit), (60 bytes).
    Removing stm32f10x_sdio.o(i.SDIO_ClockCmd), (56 bytes).
    Removing stm32f10x_sdio.o(i.SDIO_CmdStructInit), (14 bytes).
    Removing stm32f10x_sdio.o(i.SDIO_CommandCompletionCmd), (56 bytes).
    Removing stm32f10x_sdio.o(i.SDIO_DMACmd), (56 bytes).
    Removing stm32f10x_sdio.o(i.SDIO_DataConfig), (212 bytes).
    Removing stm32f10x_sdio.o(i.SDIO_DataStructInit), (20 bytes).
    Removing stm32f10x_sdio.o(i.SDIO_DeInit), (36 bytes).
    Removing stm32f10x_sdio.o(i.SDIO_GetCommandResponse), (12 bytes).
    Removing stm32f10x_sdio.o(i.SDIO_GetDataCounter), (12 bytes).
    Removing stm32f10x_sdio.o(i.SDIO_GetFIFOCount), (12 bytes).
    Removing stm32f10x_sdio.o(i.SDIO_GetFlagStatus), (188 bytes).
    Removing stm32f10x_sdio.o(i.SDIO_GetITStatus), (188 bytes).
    Removing stm32f10x_sdio.o(i.SDIO_GetPowerState), (16 bytes).
    Removing stm32f10x_sdio.o(i.SDIO_GetResponse), (76 bytes).
    Removing stm32f10x_sdio.o(i.SDIO_ITConfig), (88 bytes).
    Removing stm32f10x_sdio.o(i.SDIO_Init), (168 bytes).
    Removing stm32f10x_sdio.o(i.SDIO_ReadData), (12 bytes).
    Removing stm32f10x_sdio.o(i.SDIO_SendCEATACmd), (56 bytes).
    Removing stm32f10x_sdio.o(i.SDIO_SendCommand), (148 bytes).
    Removing stm32f10x_sdio.o(i.SDIO_SendSDIOSuspendCmd), (56 bytes).
    Removing stm32f10x_sdio.o(i.SDIO_SetPowerState), (68 bytes).
    Removing stm32f10x_sdio.o(i.SDIO_SetSDIOOperation), (56 bytes).
    Removing stm32f10x_sdio.o(i.SDIO_SetSDIOReadWaitMode), (56 bytes).
    Removing stm32f10x_sdio.o(i.SDIO_StartSDIOReadWait), (56 bytes).
    Removing stm32f10x_sdio.o(i.SDIO_StopSDIOReadWait), (56 bytes).
    Removing stm32f10x_sdio.o(i.SDIO_StructInit), (16 bytes).
    Removing stm32f10x_sdio.o(i.SDIO_WriteData), (12 bytes).
    Removing stm32f10x_spi.o(i.I2S_Cmd), (96 bytes).
    Removing stm32f10x_spi.o(i.I2S_Init), (376 bytes).
    Removing stm32f10x_spi.o(i.I2S_StructInit), (18 bytes).
    Removing stm32f10x_spi.o(i.SPI_BiDirectionalLineConfig), (116 bytes).
    Removing stm32f10x_spi.o(i.SPI_CalculateCRC), (104 bytes).
    Removing stm32f10x_spi.o(i.SPI_Cmd), (104 bytes).
    Removing stm32f10x_spi.o(i.SPI_DataSizeConfig), (100 bytes).
    Removing stm32f10x_spi.o(i.SPI_GetCRC), (96 bytes).
    Removing stm32f10x_spi.o(i.SPI_GetCRCPolynomial), (68 bytes).
    Removing stm32f10x_spi.o(i.SPI_I2S_ClearFlag), (88 bytes).
    Removing stm32f10x_spi.o(i.SPI_I2S_ClearITPendingBit), (96 bytes).
    Removing stm32f10x_spi.o(i.SPI_I2S_DMACmd), (120 bytes).
    Removing stm32f10x_spi.o(i.SPI_I2S_DeInit), (148 bytes).
    Removing stm32f10x_spi.o(i.SPI_I2S_GetFlagStatus), (124 bytes).
    Removing stm32f10x_spi.o(i.SPI_I2S_GetITStatus), (140 bytes).
    Removing stm32f10x_spi.o(i.SPI_I2S_ITConfig), (132 bytes).
    Removing stm32f10x_spi.o(i.SPI_I2S_ReceiveData), (68 bytes).
    Removing stm32f10x_spi.o(i.SPI_I2S_SendData), (72 bytes).
    Removing stm32f10x_spi.o(i.SPI_Init), (304 bytes).
    Removing stm32f10x_spi.o(i.SPI_NSSInternalSoftwareConfig), (116 bytes).
    Removing stm32f10x_spi.o(i.SPI_SSOutputCmd), (104 bytes).
    Removing stm32f10x_spi.o(i.SPI_StructInit), (24 bytes).
    Removing stm32f10x_spi.o(i.SPI_TransmitCRC), (76 bytes).
    Removing stm32f10x_tim.o(i.TI1_Config), (116 bytes).
    Removing stm32f10x_tim.o(i.TI2_Config), (124 bytes).
    Removing stm32f10x_tim.o(i.TI3_Config), (120 bytes).
    Removing stm32f10x_tim.o(i.TI4_Config), (124 bytes).
    Removing stm32f10x_tim.o(i.TIM_ARRPreloadConfig), (240 bytes).
    Removing stm32f10x_tim.o(i.TIM_BDTRConfig), (252 bytes).
    Removing stm32f10x_tim.o(i.TIM_BDTRStructInit), (18 bytes).
    Removing stm32f10x_tim.o(i.TIM_CCPreloadControl), (140 bytes).
    Removing stm32f10x_tim.o(i.TIM_CCxCmd), (244 bytes).
    Removing stm32f10x_tim.o(i.TIM_CCxNCmd), (144 bytes).
    Removing stm32f10x_tim.o(i.TIM_ClearFlag), (228 bytes).
    Removing stm32f10x_tim.o(i.TIM_ClearITPendingBit), (224 bytes).
    Removing stm32f10x_tim.o(i.TIM_ClearOC1Ref), (120 bytes).
    Removing stm32f10x_tim.o(i.TIM_ClearOC2Ref), (128 bytes).
    Removing stm32f10x_tim.o(i.TIM_ClearOC3Ref), (120 bytes).
    Removing stm32f10x_tim.o(i.TIM_ClearOC4Ref), (128 bytes).
    Removing stm32f10x_tim.o(i.TIM_Cmd), (240 bytes).
    Removing stm32f10x_tim.o(i.TIM_CounterModeConfig), (132 bytes).
    Removing stm32f10x_tim.o(i.TIM_CtrlPWMOutputs), (128 bytes).
    Removing stm32f10x_tim.o(i.TIM_DMACmd), (196 bytes).
    Removing stm32f10x_tim.o(i.TIM_DMAConfig), (332 bytes).
    Removing stm32f10x_tim.o(i.TIM_DeInit), (660 bytes).
    Removing stm32f10x_tim.o(i.TIM_ETRClockMode1Config), (196 bytes).
    Removing stm32f10x_tim.o(i.TIM_ETRClockMode2Config), (184 bytes).
    Removing stm32f10x_tim.o(i.TIM_ETRConfig), (184 bytes).
    Removing stm32f10x_tim.o(i.TIM_EncoderInterfaceConfig), (212 bytes).
    Removing stm32f10x_tim.o(i.TIM_ForcedOC1Config), (212 bytes).
    Removing stm32f10x_tim.o(i.TIM_ForcedOC2Config), (160 bytes).
    Removing stm32f10x_tim.o(i.TIM_ForcedOC3Config), (124 bytes).
    Removing stm32f10x_tim.o(i.TIM_ForcedOC4Config), (132 bytes).
    Removing stm32f10x_tim.o(i.TIM_GenerateEvent), (224 bytes).
    Removing stm32f10x_tim.o(i.TIM_GetCapture1), (184 bytes).
    Removing stm32f10x_tim.o(i.TIM_GetCapture2), (124 bytes).
    Removing stm32f10x_tim.o(i.TIM_GetCapture3), (96 bytes).
    Removing stm32f10x_tim.o(i.TIM_GetCapture4), (96 bytes).
    Removing stm32f10x_tim.o(i.TIM_GetCounter), (204 bytes).
    Removing stm32f10x_tim.o(i.TIM_GetFlagStatus), (284 bytes).
    Removing stm32f10x_tim.o(i.TIM_GetITStatus), (264 bytes).
    Removing stm32f10x_tim.o(i.TIM_GetPrescaler), (204 bytes).
    Removing stm32f10x_tim.o(i.TIM_ICInit), (576 bytes).
    Removing stm32f10x_tim.o(i.TIM_ICStructInit), (16 bytes).
    Removing stm32f10x_tim.o(i.TIM_ITConfig), (256 bytes).
    Removing stm32f10x_tim.o(i.TIM_ITRxExternalClockConfig), (164 bytes).
    Removing stm32f10x_tim.o(i.TIM_InternalClockConfig), (132 bytes).
    Removing stm32f10x_tim.o(i.TIM_OC1FastConfig), (212 bytes).
    Removing stm32f10x_tim.o(i.TIM_OC1Init), (452 bytes).
    Removing stm32f10x_tim.o(i.TIM_OC1NPolarityConfig), (116 bytes).
    Removing stm32f10x_tim.o(i.TIM_OC1PolarityConfig), (212 bytes).
    Removing stm32f10x_tim.o(i.TIM_OC1PreloadConfig), (212 bytes).
    Removing stm32f10x_tim.o(i.TIM_OC2FastConfig), (160 bytes).
    Removing stm32f10x_tim.o(i.TIM_OC2Init), (404 bytes).
    Removing stm32f10x_tim.o(i.TIM_OC2NPolarityConfig), (92 bytes).
    Removing stm32f10x_tim.o(i.TIM_OC2PolarityConfig), (160 bytes).
    Removing stm32f10x_tim.o(i.TIM_OC2PreloadConfig), (160 bytes).
    Removing stm32f10x_tim.o(i.TIM_OC3FastConfig), (120 bytes).
    Removing stm32f10x_tim.o(i.TIM_OC3Init), (372 bytes).
    Removing stm32f10x_tim.o(i.TIM_OC3NPolarityConfig), (92 bytes).
    Removing stm32f10x_tim.o(i.TIM_OC3PolarityConfig), (128 bytes).
    Removing stm32f10x_tim.o(i.TIM_OC3PreloadConfig), (120 bytes).
    Removing stm32f10x_tim.o(i.TIM_OC4FastConfig), (128 bytes).
    Removing stm32f10x_tim.o(i.TIM_OC4Init), (284 bytes).
    Removing stm32f10x_tim.o(i.TIM_OC4PolarityConfig), (128 bytes).
    Removing stm32f10x_tim.o(i.TIM_OC4PreloadConfig), (128 bytes).
    Removing stm32f10x_tim.o(i.TIM_OCStructInit), (20 bytes).
    Removing stm32f10x_tim.o(i.TIM_PWMIConfig), (228 bytes).
    Removing stm32f10x_tim.o(i.TIM_PrescalerConfig), (228 bytes).
    Removing stm32f10x_tim.o(i.TIM_SelectCCDMA), (160 bytes).
    Removing stm32f10x_tim.o(i.TIM_SelectCOM), (124 bytes).
    Removing stm32f10x_tim.o(i.TIM_SelectHallSensor), (160 bytes).
    Removing stm32f10x_tim.o(i.TIM_SelectInputTrigger), (176 bytes).
    Removing stm32f10x_tim.o(i.TIM_SelectMasterSlaveMode), (156 bytes).
    Removing stm32f10x_tim.o(i.TIM_SelectOCxM), (320 bytes).
    Removing stm32f10x_tim.o(i.TIM_SelectOnePulseMode), (236 bytes).
    Removing stm32f10x_tim.o(i.TIM_SelectOutputTrigger), (200 bytes).
    Removing stm32f10x_tim.o(i.TIM_SelectSlaveMode), (164 bytes).
    Removing stm32f10x_tim.o(i.TIM_SetAutoreload), (208 bytes).
    Removing stm32f10x_tim.o(i.TIM_SetClockDivision), (224 bytes).
    Removing stm32f10x_tim.o(i.TIM_SetCompare1), (188 bytes).
    Removing stm32f10x_tim.o(i.TIM_SetCompare2), (128 bytes).
    Removing stm32f10x_tim.o(i.TIM_SetCompare3), (96 bytes).
    Removing stm32f10x_tim.o(i.TIM_SetCompare4), (100 bytes).
    Removing stm32f10x_tim.o(i.TIM_SetCounter), (208 bytes).
    Removing stm32f10x_tim.o(i.TIM_SetIC1Prescaler), (224 bytes).
    Removing stm32f10x_tim.o(i.TIM_SetIC2Prescaler), (172 bytes).
    Removing stm32f10x_tim.o(i.TIM_SetIC3Prescaler), (132 bytes).
    Removing stm32f10x_tim.o(i.TIM_SetIC4Prescaler), (140 bytes).
    Removing stm32f10x_tim.o(i.TIM_TIxExternalClockConfig), (232 bytes).
    Removing stm32f10x_tim.o(i.TIM_TimeBaseInit), (364 bytes).
    Removing stm32f10x_tim.o(i.TIM_TimeBaseStructInit), (18 bytes).
    Removing stm32f10x_tim.o(i.TIM_UpdateDisableConfig), (240 bytes).
    Removing stm32f10x_tim.o(i.TIM_UpdateRequestConfig), (240 bytes).
    Removing stm32f10x_usart.o(i.USART_ClearFlag), (148 bytes).
    Removing stm32f10x_usart.o(i.USART_ClockInit), (180 bytes).
    Removing stm32f10x_usart.o(i.USART_ClockStructInit), (12 bytes).
    Removing stm32f10x_usart.o(i.USART_Cmd), (128 bytes).
    Removing stm32f10x_usart.o(i.USART_DMACmd), (144 bytes).
    Removing stm32f10x_usart.o(i.USART_DeInit), (228 bytes).
    Removing stm32f10x_usart.o(i.USART_GetFlagStatus), (196 bytes).
    Removing stm32f10x_usart.o(i.USART_HalfDuplexCmd), (128 bytes).
    Removing stm32f10x_usart.o(i.USART_ITConfig), (260 bytes).
    Removing stm32f10x_usart.o(i.USART_Init), (436 bytes).
    Removing stm32f10x_usart.o(i.USART_IrDACmd), (128 bytes).
    Removing stm32f10x_usart.o(i.USART_IrDAConfig), (124 bytes).
    Removing stm32f10x_usart.o(i.USART_LINBreakDetectLengthConfig), (124 bytes).
    Removing stm32f10x_usart.o(i.USART_LINCmd), (128 bytes).
    Removing stm32f10x_usart.o(i.USART_OneBitMethodCmd), (128 bytes).
    Removing stm32f10x_usart.o(i.USART_OverSampling8Cmd), (128 bytes).
    Removing stm32f10x_usart.o(i.USART_ReceiverWakeUpCmd), (128 bytes).
    Removing stm32f10x_usart.o(i.USART_SendBreak), (100 bytes).
    Removing stm32f10x_usart.o(i.USART_SendData), (116 bytes).
    Removing stm32f10x_usart.o(i.USART_SetAddress), (120 bytes).
    Removing stm32f10x_usart.o(i.USART_SetGuardTime), (88 bytes).
    Removing stm32f10x_usart.o(i.USART_SetPrescaler), (108 bytes).
    Removing stm32f10x_usart.o(i.USART_SmartCardCmd), (108 bytes).
    Removing stm32f10x_usart.o(i.USART_SmartCardNACKCmd), (108 bytes).
    Removing stm32f10x_usart.o(i.USART_StructInit), (22 bytes).
    Removing stm32f10x_usart.o(i.USART_WakeUpConfig), (124 bytes).
    Removing stm32f10x_wwdg.o(i.WWDG_ClearFlag), (12 bytes).
    Removing stm32f10x_wwdg.o(i.WWDG_DeInit), (24 bytes).
    Removing stm32f10x_wwdg.o(i.WWDG_Enable), (60 bytes).
    Removing stm32f10x_wwdg.o(i.WWDG_EnableIT), (12 bytes).
    Removing stm32f10x_wwdg.o(i.WWDG_GetFlagStatus), (12 bytes).
    Removing stm32f10x_wwdg.o(i.WWDG_SetCounter), (60 bytes).
    Removing stm32f10x_wwdg.o(i.WWDG_SetPrescaler), (76 bytes).
    Removing stm32f10x_wwdg.o(i.WWDG_SetWindowValue), (76 bytes).
    Removing startup_stm32f10x_hd.o(HEAP), (512 bytes).
    Removing main.o(.data), (1 bytes).
    Removing system_stm32f10x.o(i.SystemCoreClockUpdate), (124 bytes).
    Removing bsp_spi_nrf.o(i.NRF_Check), (72 bytes).
    Removing bsp_spi_nrf.o(i.NRF_RX_Mode), (92 bytes).
    Removing bsp_spi_nrf.o(i.NRF_Rx_Dat), (84 bytes).
    Removing bsp_spi_nrf.o(i.NRF_TX_Mode), (108 bytes).
    Removing bsp_spi_nrf.o(i.NRF_Tx_Dat), (92 bytes).
    Removing bsp_spi_nrf.o(i.SPI_NRF_Init), (204 bytes).
    Removing bsp_spi_nrf.o(i.SPI_NRF_RW), (52 bytes).
    Removing bsp_spi_nrf.o(i.SPI_NRF_ReadBuf), (76 bytes).
    Removing bsp_spi_nrf.o(i.SPI_NRF_ReadReg), (52 bytes).
    Removing bsp_spi_nrf.o(i.SPI_NRF_WriteBuf), (76 bytes).
    Removing bsp_spi_nrf.o(i.SPI_NRF_WriteReg), (56 bytes).
    Removing bsp_spi_nrf.o(.data), (10 bytes).
    Removing bsp_spi_nrf.o(.data), (4 bytes).
    Removing bsp_spi_nrf.o(.data), (4 bytes).
    Removing lcd.o(i.LCD_BGR2RGB), (18 bytes).
    Removing lcd.o(i.LCD_Color_Fill), (88 bytes).
    Removing lcd.o(i.LCD_DisplayOff), (72 bytes).
    Removing lcd.o(i.LCD_DisplayOn), (72 bytes).
    Removing lcd.o(i.LCD_DrawLine), (152 bytes).
    Removing lcd.o(i.LCD_DrawRectangle), (62 bytes).
    Removing lcd.o(i.LCD_Pow), (16 bytes).
    Removing lcd.o(i.LCD_ReadPoint), (276 bytes).
    Removing lcd.o(i.LCD_Set_Window), (488 bytes).
    Removing lcd.o(i.LCD_ShowNum), (124 bytes).
    Removing lcd.o(i.LCD_ShowxNum), (156 bytes).
    Removing lcd.o(i.LCD_WriteRAM), (12 bytes).
    Removing lcd.o(i.opt_delay), (8 bytes).
    Removing sys.o(.emb_text), (6 bytes).
    Removing sys.o(i.INTX_DISABLE), (4 bytes).
    Removing sys.o(i.INTX_ENABLE), (4 bytes).
    Removing sys.o(i.WFI_SET), (4 bytes).
    Removing usart1.o(i.USART1_Configuration), (88 bytes).
    Removing usart1.o(i.USART1_GPIO_Configuration), (64 bytes).
    Removing usart1.o(i.USART1_NVIC_Configuration), (40 bytes).
    Removing usart1.o(i.USART1_RCC_Configuration), (10 bytes).
    Removing dadd.o(.text), (334 bytes).
    Removing ddiv.o(.text), (222 bytes).
    Removing dfixul.o(.text), (48 bytes).
    Removing cdrcmple.o(.text), (48 bytes).

497 unused section(s) (total 57401 bytes) removed from the image.

==============================================================================

Image Symbol Table

    Local Symbols

    Symbol Name                              Value     Ov Type        Size  Object(Section)

    ../clib/microlib/division.c              0x00000000   Number         0  uidiv.o ABSOLUTE
    ../clib/microlib/division.c              0x00000000   Number         0  uldiv.o ABSOLUTE
    ../clib/microlib/init/entry.s            0x00000000   Number         0  entry10a.o ABSOLUTE
    ../clib/microlib/init/entry.s            0x00000000   Number         0  entry2.o ABSOLUTE
    ../clib/microlib/init/entry.s            0x00000000   Number         0  entry9a.o ABSOLUTE
    ../clib/microlib/init/entry.s            0x00000000   Number         0  entry.o ABSOLUTE
    ../clib/microlib/init/entry.s            0x00000000   Number         0  entry10b.o ABSOLUTE
    ../clib/microlib/init/entry.s            0x00000000   Number         0  entry11a.o ABSOLUTE
    ../clib/microlib/init/entry.s            0x00000000   Number         0  entry11b.o ABSOLUTE
    ../clib/microlib/init/entry.s            0x00000000   Number         0  entry9b.o ABSOLUTE
    ../clib/microlib/init/entry.s            0x00000000   Number         0  entry8a.o ABSOLUTE
    ../clib/microlib/init/entry.s            0x00000000   Number         0  entry8b.o ABSOLUTE
    ../clib/microlib/init/entry.s            0x00000000   Number         0  entry7b.o ABSOLUTE
    ../clib/microlib/init/entry.s            0x00000000   Number         0  entry7a.o ABSOLUTE
    ../clib/microlib/init/entry.s            0x00000000   Number         0  entry5.o ABSOLUTE
    ../clib/microlib/longlong.c              0x00000000   Number         0  llushr.o ABSOLUTE
    ../clib/microlib/longlong.c              0x00000000   Number         0  llsshr.o ABSOLUTE
    ../clib/microlib/longlong.c              0x00000000   Number         0  llshl.o ABSOLUTE
    ../clib/microlib/printf/printf.c         0x00000000   Number         0  printf4.o ABSOLUTE
    ../clib/microlib/printf/printf.c         0x00000000   Number         0  printf8.o ABSOLUTE
    ../clib/microlib/printf/printf.c         0x00000000   Number         0  printf5.o ABSOLUTE
    ../clib/microlib/printf/printf.c         0x00000000   Number         0  printf2.o ABSOLUTE
    ../clib/microlib/printf/printf.c         0x00000000   Number         0  printf1.o ABSOLUTE
    ../clib/microlib/printf/printf.c         0x00000000   Number         0  printf0.o ABSOLUTE
    ../clib/microlib/printf/printf.c         0x00000000   Number         0  printfb.o ABSOLUTE
    ../clib/microlib/printf/printf.c         0x00000000   Number         0  printfa.o ABSOLUTE
    ../clib/microlib/printf/printf.c         0x00000000   Number         0  printf7.o ABSOLUTE
    ../clib/microlib/printf/printf.c         0x00000000   Number         0  printf3.o ABSOLUTE
    ../clib/microlib/printf/printf.c         0x00000000   Number         0  printf6.o ABSOLUTE
    ../clib/microlib/printf/stubs.s          0x00000000   Number         0  stubs.o ABSOLUTE
    ../clib/microlib/stdio/fputc.c           0x00000000   Number         0  fputc.o ABSOLUTE
    ../clib/microlib/stdio/semi.s            0x00000000   Number         0  semi.o ABSOLUTE
    ../clib/microlib/stdio/streams.c         0x00000000   Number         0  stdout.o ABSOLUTE
    ../clib/microlib/stubs.s                 0x00000000   Number         0  iusefp.o ABSOLUTE
    ../clib/microlib/stubs.s                 0x00000000   Number         0  iusesemip.o ABSOLUTE
    ../fplib/microlib/fpadd.c                0x00000000   Number         0  dadd.o ABSOLUTE
    ../fplib/microlib/fpadd.c                0x00000000   Number         0  fadd.o ABSOLUTE
    ../fplib/microlib/fpdiv.c                0x00000000   Number         0  ddiv.o ABSOLUTE
    ../fplib/microlib/fpdiv.c                0x00000000   Number         0  fdiv.o ABSOLUTE
    ../fplib/microlib/fpepilogue.c           0x00000000   Number         0  fepilogue.o ABSOLUTE
    ../fplib/microlib/fpepilogue.c           0x00000000   Number         0  depilogue.o ABSOLUTE
    ../fplib/microlib/fpfix.c                0x00000000   Number         0  ffixi.o ABSOLUTE
    ../fplib/microlib/fpfix.c                0x00000000   Number         0  dfixui.o ABSOLUTE
    ../fplib/microlib/fpfix.c                0x00000000   Number         0  dfixul.o ABSOLUTE
    ../fplib/microlib/fpflt.c                0x00000000   Number         0  dfltui.o ABSOLUTE
    ../fplib/microlib/fpflt.c                0x00000000   Number         0  fflti.o ABSOLUTE
    ../fplib/microlib/fpmul.c                0x00000000   Number         0  dmul.o ABSOLUTE
    ../fplib/microlib/fpmul.c                0x00000000   Number         0  fmul.o ABSOLUTE
    ../fplib/microlib/fpscalb.c              0x00000000   Number         0  fscalb.o ABSOLUTE
    MDK-ARM\startup_stm32f10x_hd.s           0x00000000   Number         0  startup_stm32f10x_hd.o ABSOLUTE
    cdrcmple.s                               0x00000000   Number         0  cdrcmple.o ABSOLUTE
    cfcmple.s                                0x00000000   Number         0  cfcmple.o ABSOLUTE
    cfrcmple.s                               0x00000000   Number         0  cfrcmple.o ABSOLUTE
    dc.s                                     0x00000000   Number         0  dc.o ABSOLUTE
    handlers.s                               0x00000000   Number         0  handlers.o ABSOLUTE
    init.s                                   0x00000000   Number         0  init.o ABSOLUTE
    main\\sys.c                              0x00000000   Number         0  sys.o ABSOLUTE
    main\bsp_spi_nrf.c                       0x00000000   Number         0  bsp_spi_nrf.o ABSOLUTE
    main\delay.c                             0x00000000   Number         0  delay.o ABSOLUTE
    main\exti.c                              0x00000000   Number         0  exti.o ABSOLUTE
    main\lcd.c                               0x00000000   Number         0  lcd.o ABSOLUTE
    main\main.c                              0x00000000   Number         0  main.o ABSOLUTE
    main\ov7670.c                            0x00000000   Number         0  ov7670.o ABSOLUTE
    main\sccb.c                              0x00000000   Number         0  sccb.o ABSOLUTE
    main\stm32f10x_it.c                      0x00000000   Number         0  stm32f10x_it.o ABSOLUTE
    main\sys.c                               0x00000000   Number         0  sys.o ABSOLUTE
    main\system_stm32f10x.c                  0x00000000   Number         0  system_stm32f10x.o ABSOLUTE
    main\usart1.c                            0x00000000   Number         0  usart1.o ABSOLUTE
    src\misc.c                               0x00000000   Number         0  misc.o ABSOLUTE
    src\stm32f10x_adc.c                      0x00000000   Number         0  stm32f10x_adc.o ABSOLUTE
    src\stm32f10x_bkp.c                      0x00000000   Number         0  stm32f10x_bkp.o ABSOLUTE
    src\stm32f10x_can.c                      0x00000000   Number         0  stm32f10x_can.o ABSOLUTE
    src\stm32f10x_cec.c                      0x00000000   Number         0  stm32f10x_cec.o ABSOLUTE
    src\stm32f10x_crc.c                      0x00000000   Number         0  stm32f10x_crc.o ABSOLUTE
    src\stm32f10x_dac.c                      0x00000000   Number         0  stm32f10x_dac.o ABSOLUTE
    src\stm32f10x_dbgmcu.c                   0x00000000   Number         0  stm32f10x_dbgmcu.o ABSOLUTE
    src\stm32f10x_dma.c                      0x00000000   Number         0  stm32f10x_dma.o ABSOLUTE
    src\stm32f10x_exti.c                     0x00000000   Number         0  stm32f10x_exti.o ABSOLUTE
    src\stm32f10x_flash.c                    0x00000000   Number         0  stm32f10x_flash.o ABSOLUTE
    src\stm32f10x_fsmc.c                     0x00000000   Number         0  stm32f10x_fsmc.o ABSOLUTE
    src\stm32f10x_gpio.c                     0x00000000   Number         0  stm32f10x_gpio.o ABSOLUTE
    src\stm32f10x_i2c.c                      0x00000000   Number         0  stm32f10x_i2c.o ABSOLUTE
    src\stm32f10x_iwdg.c                     0x00000000   Number         0  stm32f10x_iwdg.o ABSOLUTE
    src\stm32f10x_pwr.c                      0x00000000   Number         0  stm32f10x_pwr.o ABSOLUTE
    src\stm32f10x_rcc.c                      0x00000000   Number         0  stm32f10x_rcc.o ABSOLUTE
    src\stm32f10x_rtc.c                      0x00000000   Number         0  stm32f10x_rtc.o ABSOLUTE
    src\stm32f10x_sdio.c                     0x00000000   Number         0  stm32f10x_sdio.o ABSOLUTE
    src\stm32f10x_spi.c                      0x00000000   Number         0  stm32f10x_spi.o ABSOLUTE
    src\stm32f10x_tim.c                      0x00000000   Number         0  stm32f10x_tim.o ABSOLUTE
    src\stm32f10x_usart.c                    0x00000000   Number         0  stm32f10x_usart.o ABSOLUTE
    src\stm32f10x_wwdg.c                     0x00000000   Number         0  stm32f10x_wwdg.o ABSOLUTE
    RESET                                    0x08000000   Section      304  startup_stm32f10x_hd.o(RESET)
    .ARM.Collect$$$$00000000                 0x08000130   Section        0  entry.o(.ARM.Collect$$$$00000000)
    .ARM.Collect$$$$00000001                 0x08000130   Section        4  entry2.o(.ARM.Collect$$$$00000001)
    .ARM.Collect$$$$00000004                 0x08000134   Section        4  entry5.o(.ARM.Collect$$$$00000004)
    .ARM.Collect$$$$00000008                 0x08000138   Section        0  entry7b.o(.ARM.Collect$$$$00000008)
    .ARM.Collect$$$$0000000A                 0x08000138   Section        0  entry8b.o(.ARM.Collect$$$$0000000A)
    .ARM.Collect$$$$0000000B                 0x08000138   Section        8  entry9a.o(.ARM.Collect$$$$0000000B)
    .ARM.Collect$$$$0000000D                 0x08000140   Section        0  entry10a.o(.ARM.Collect$$$$0000000D)
    .ARM.Collect$$$$0000000F                 0x08000140   Section        0  entry11a.o(.ARM.Collect$$$$0000000F)
    .ARM.Collect$$$$00002712                 0x08000140   Section        4  entry2.o(.ARM.Collect$$$$00002712)
    __lit__00000000                          0x08000140   Data           4  entry2.o(.ARM.Collect$$$$00002712)
    .text                                    0x08000144   Section       36  startup_stm32f10x_hd.o(.text)
    .text                                    0x08000168   Section        0  fadd.o(.text)
    .text                                    0x08000218   Section        0  fmul.o(.text)
    .text                                    0x0800027c   Section        0  fdiv.o(.text)
    .text                                    0x080002f8   Section        0  fscalb.o(.text)
    .text                                    0x08000310   Section        0  dmul.o(.text)
    .text                                    0x080003f4   Section        0  fflti.o(.text)
    .text                                    0x08000406   Section        0  dfltui.o(.text)
    .text                                    0x08000420   Section        0  ffixi.o(.text)
    .text                                    0x08000452   Section        0  dfixui.o(.text)
    .text                                    0x08000484   Section       20  cfcmple.o(.text)
    .text                                    0x08000498   Section       20  cfrcmple.o(.text)
    .text                                    0x080004ac   Section        0  uidiv.o(.text)
    .text                                    0x080004d8   Section        0  llushr.o(.text)
    .text                                    0x080004f8   Section        0  fepilogue.o(.text)
    .text                                    0x080004f8   Section        0  iusefp.o(.text)
    .text                                    0x08000566   Section        0  depilogue.o(.text)
    .text                                    0x08000620   Section       36  init.o(.text)
    .text                                    0x08000644   Section        0  llshl.o(.text)
    .text                                    0x08000644   Section        0  semi.o(.text)
    .text                                    0x08000662   Section        0  iusesemip.o(.text)
    i.BusFault_Handler                       0x08000662   Section        0  stm32f10x_it.o(i.BusFault_Handler)
    i.DebugMon_Handler                       0x08000664   Section        0  stm32f10x_it.o(i.DebugMon_Handler)
    i.EXTI8_Init                             0x08000666   Section        0  exti.o(i.EXTI8_Init)
    i.EXTI9_5_IRQHandler                     0x080006a8   Section        0  exti.o(i.EXTI9_5_IRQHandler)
    i.EXTI_ClearITPendingBit                 0x080006f8   Section        0  stm32f10x_exti.o(i.EXTI_ClearITPendingBit)
    i.EXTI_GetITStatus                       0x0800072c   Section        0  stm32f10x_exti.o(i.EXTI_GetITStatus)
    i.EXTI_Init                              0x080007d8   Section        0  stm32f10x_exti.o(i.EXTI_Init)
    i.FSMC_NORSRAMCmd                        0x080008ac   Section        0  stm32f10x_fsmc.o(i.FSMC_NORSRAMCmd)
    i.FSMC_NORSRAMInit                       0x08000914   Section        0  stm32f10x_fsmc.o(i.FSMC_NORSRAMInit)
    i.GPIO_EXTILineConfig                    0x08000be0   Section        0  stm32f10x_gpio.o(i.GPIO_EXTILineConfig)
    i.GPIO_Init                              0x08000c90   Section        0  stm32f10x_gpio.o(i.GPIO_Init)
    i.GPIO_PinRemapConfig                    0x08000dec   Section        0  stm32f10x_gpio.o(i.GPIO_PinRemapConfig)
    i.GPIO_ResetBits                         0x08000fe4   Section        0  stm32f10x_gpio.o(i.GPIO_ResetBits)
    i.GPIO_SetBits                           0x08001064   Section        0  stm32f10x_gpio.o(i.GPIO_SetBits)
    i.HardFault_Handler                      0x080010e4   Section        0  stm32f10x_it.o(i.HardFault_Handler)
    i.LCD_Clear                              0x080010e8   Section        0  lcd.o(i.LCD_Clear)
    i.LCD_Display_Dir                        0x08001158   Section        0  lcd.o(i.LCD_Display_Dir)
    i.LCD_DrawPoint                          0x08001298   Section        0  lcd.o(i.LCD_DrawPoint)
    i.LCD_Draw_Circle                        0x080012b4   Section        0  lcd.o(i.LCD_Draw_Circle)
    i.LCD_Fast_DrawPoint                     0x08001368   Section        0  lcd.o(i.LCD_Fast_DrawPoint)
    i.LCD_Fill                               0x080014ac   Section        0  lcd.o(i.LCD_Fill)
    i.LCD_Init                               0x0800153c   Section        0  lcd.o(i.LCD_Init)
    i.LCD_RD_DATA                            0x08004b38   Section        0  lcd.o(i.LCD_RD_DATA)
    i.LCD_ReadReg                            0x08004b4c   Section        0  lcd.o(i.LCD_ReadReg)
    i.LCD_SSD_BackLightSet                   0x08004b60   Section        0  lcd.o(i.LCD_SSD_BackLightSet)
    i.LCD_Scan_Dir                           0x08004bac   Section        0  lcd.o(i.LCD_Scan_Dir)
    i.LCD_SetCursor                          0x08004dc4   Section        0  lcd.o(i.LCD_SetCursor)
    i.LCD_ShowChar                           0x08004f34   Section        0  lcd.o(i.LCD_ShowChar)
    i.LCD_ShowString                         0x08005014   Section        0  lcd.o(i.LCD_ShowString)
    i.LCD_WR_DATA                            0x08005068   Section        0  lcd.o(i.LCD_WR_DATA)
    i.LCD_WR_REG                             0x08005074   Section        0  lcd.o(i.LCD_WR_REG)
    i.LCD_WriteRAM_Prepare                   0x08005080   Section        0  lcd.o(i.LCD_WriteRAM_Prepare)
    i.LCD_WriteReg                           0x08005094   Section        0  lcd.o(i.LCD_WriteReg)
    i.MemManage_Handler                      0x080050a4   Section        0  stm32f10x_it.o(i.MemManage_Handler)
    i.NMI_Handler                            0x080050a6   Section        0  stm32f10x_it.o(i.NMI_Handler)
    i.NVIC_Init                              0x080050a8   Section        0  misc.o(i.NVIC_Init)
    i.NVIC_PriorityGroupConfig               0x08005148   Section        0  misc.o(i.NVIC_PriorityGroupConfig)
    i.OV7670_Brightness                      0x08005190   Section        0  ov7670.o(i.OV7670_Brightness)
    i.OV7670_Color_Saturation                0x080051b8   Section        0  ov7670.o(i.OV7670_Color_Saturation)
    i.OV7670_Contrast                        0x0800522c   Section        0  ov7670.o(i.OV7670_Contrast)
    i.OV7670_Init                            0x08005254   Section        0  ov7670.o(i.OV7670_Init)
    i.OV7670_Light_Mode                      0x08005368   Section        0  ov7670.o(i.OV7670_Light_Mode)
    i.OV7670_Special_Effects                 0x080053ba   Section        0  ov7670.o(i.OV7670_Special_Effects)
    i.OV7670_Window_Set                      0x08005412   Section        0  ov7670.o(i.OV7670_Window_Set)
    i.PendSV_Handler                         0x08005480   Section        0  stm32f10x_it.o(i.PendSV_Handler)
    i.RCC_AHBPeriphClockCmd                  0x08005484   Section        0  stm32f10x_rcc.o(i.RCC_AHBPeriphClockCmd)
    i.RCC_APB2PeriphClockCmd                 0x080054dc   Section        0  stm32f10x_rcc.o(i.RCC_APB2PeriphClockCmd)
    i.SCCB_Init                              0x08005534   Section        0  sccb.o(i.SCCB_Init)
    i.SCCB_No_Ack                            0x080055a0   Section        0  sccb.o(i.SCCB_No_Ack)
    i.SCCB_RD_Byte                           0x080055d8   Section        0  sccb.o(i.SCCB_RD_Byte)
    i.SCCB_RD_Reg                            0x0800564c   Section        0  sccb.o(i.SCCB_RD_Reg)
    i.SCCB_Start                             0x08005698   Section        0  sccb.o(i.SCCB_Start)
    i.SCCB_Stop                              0x080056c0   Section        0  sccb.o(i.SCCB_Stop)
    i.SCCB_WR_Byte                           0x080056f0   Section        0  sccb.o(i.SCCB_WR_Byte)
    i.SCCB_WR_Reg                            0x08005784   Section        0  sccb.o(i.SCCB_WR_Reg)
    i.SVC_Handler                            0x080057c2   Section        0  stm32f10x_it.o(i.SVC_Handler)
    i.SetSysClock                            0x080057c4   Section        0  system_stm32f10x.o(i.SetSysClock)
    SetSysClock                              0x080057c5   Thumb Code     4  system_stm32f10x.o(i.SetSysClock)
    i.SetSysClockTo72                        0x080057c8   Section        0  system_stm32f10x.o(i.SetSysClockTo72)
    SetSysClockTo72                          0x080057c9   Thumb Code   166  system_stm32f10x.o(i.SetSysClockTo72)
    i.SysTick_CLKSourceConfig                0x08005878   Section        0  misc.o(i.SysTick_CLKSourceConfig)
    i.SysTick_Handler                        0x080058b4   Section        0  stm32f10x_it.o(i.SysTick_Handler)
    i.SystemInit                             0x080058b8   Section        0  system_stm32f10x.o(i.SystemInit)
    i.USART1_IRQHandler                      0x08005908   Section        0  usart1.o(i.USART1_IRQHandler)
    i.USART_ClearITPendingBit                0x08005968   Section        0  stm32f10x_usart.o(i.USART_ClearITPendingBit)
    i.USART_GetITStatus                      0x08005a1c   Section        0  stm32f10x_usart.o(i.USART_GetITStatus)
    i.USART_ReceiveData                      0x08005b24   Section        0  stm32f10x_usart.o(i.USART_ReceiveData)
    i.UsageFault_Handler                     0x08005b84   Section        0  stm32f10x_it.o(i.UsageFault_Handler)
    i.__0printf$3                            0x08005b88   Section        0  printf3.o(i.__0printf$3)
    i.__scatterload_copy                     0x08005ba8   Section       14  handlers.o(i.__scatterload_copy)
    i.__scatterload_null                     0x08005bb6   Section        2  handlers.o(i.__scatterload_null)
    i.__scatterload_zeroinit                 0x08005bb8   Section       14  handlers.o(i.__scatterload_zeroinit)
    i._printf_core                           0x08005bc8   Section        0  printf3.o(i._printf_core)
    _printf_core                             0x08005bc9   Thumb Code   436  printf3.o(i._printf_core)
    i.assert_failed                          0x08005d80   Section        0  main.o(i.assert_failed)
    i.camera_refresh                         0x08005dbc   Section        0  main.o(i.camera_refresh)
    i.delay_init                             0x08006c14   Section        0  delay.o(i.delay_init)
    i.delay_ms                               0x08006c50   Section        0  delay.o(i.delay_ms)
    i.delay_us                               0x08006c84   Section        0  delay.o(i.delay_us)
    i.fputc                                  0x08006cb8   Section        0  fputc.o(i.fputc)
    i.main                                   0x08006ccc   Section        0  main.o(i.main)
    .constdata                               0x08006f0c   Section     6080  lcd.o(.constdata)
    .constdata                               0x080086cc   Section      230  ov7670.o(.constdata)
    .data                                    0x20000000   Section      116  main.o(.data)
    .data                                    0x20000074   Section       20  system_stm32f10x.o(.data)
    .data                                    0x20000088   Section        4  delay.o(.data)
    fac_us                                   0x20000088   Data           1  delay.o(.data)
    fac_ms                                   0x2000008a   Data           2  delay.o(.data)
    .data                                    0x2000008c   Section        1  exti.o(.data)
    .data                                    0x2000008e   Section        4  lcd.o(.data)
    .data                                    0x20000092   Section        1  usart1.o(.data)
    .data                                    0x20000094   Section        4  stdout.o(.data)
    .bss                                     0x20000098   Section      270  main.o(.bss)
    .bss                                     0x200001a6   Section       14  lcd.o(.bss)
    STACK                                    0x200001b8   Section     1024  startup_stm32f10x_hd.o(STACK)

    Global Symbols

    Symbol Name                              Value     Ov Type        Size  Object(Section)

    BuildAttributes$$THM_ISAv4$P$D$K$B$S$PE$A:L22UL41UL21$X:L11$S22US41US21$IEEE1$IW$USESV6$~STKCKD$USESV7$~SHL$OTIME$ROPI$EBA8$MICROLIB$REQ8$PRES8$EABIv2 0x00000000   Number         0  anon$$obj.o ABSOLUTE
    __ARM_use_no_argv                        0x00000000   Number         0  main.o ABSOLUTE
    _printf_a                                0x00000000   Number         0  stubs.o ABSOLUTE
    _printf_c                                0x00000000   Number         0  stubs.o ABSOLUTE
    _printf_charcount                        0x00000000   Number         0  stubs.o ABSOLUTE
    _printf_d                                0x00000000   Number         0  stubs.o ABSOLUTE
    _printf_e                                0x00000000   Number         0  stubs.o ABSOLUTE
    _printf_f                                0x00000000   Number         0  stubs.o ABSOLUTE
    _printf_flags                            0x00000000   Number         0  stubs.o ABSOLUTE
    _printf_fp_dec                           0x00000000   Number         0  stubs.o ABSOLUTE
    _printf_fp_hex                           0x00000000   Number         0  stubs.o ABSOLUTE
    _printf_g                                0x00000000   Number         0  stubs.o ABSOLUTE
    _printf_i                                0x00000000   Number         0  stubs.o ABSOLUTE
    _printf_int_dec                          0x00000000   Number         0  stubs.o ABSOLUTE
    _printf_l                                0x00000000   Number         0  stubs.o ABSOLUTE
    _printf_lc                               0x00000000   Number         0  stubs.o ABSOLUTE
    _printf_ll                               0x00000000   Number         0  stubs.o ABSOLUTE
    _printf_lld                              0x00000000   Number         0  stubs.o ABSOLUTE
    _printf_lli                              0x00000000   Number         0  stubs.o ABSOLUTE
    _printf_llo                              0x00000000   Number         0  stubs.o ABSOLUTE
    _printf_llu                              0x00000000   Number         0  stubs.o ABSOLUTE
    _printf_llx                              0x00000000   Number         0  stubs.o ABSOLUTE
    _printf_longlong_dec                     0x00000000   Number         0  stubs.o ABSOLUTE
    _printf_longlong_hex                     0x00000000   Number         0  stubs.o ABSOLUTE
    _printf_longlong_oct                     0x00000000   Number         0  stubs.o ABSOLUTE
    _printf_ls                               0x00000000   Number         0  stubs.o ABSOLUTE
    _printf_mbtowc                           0x00000000   Number         0  stubs.o ABSOLUTE
    _printf_n                                0x00000000   Number         0  stubs.o ABSOLUTE
    _printf_o                                0x00000000   Number         0  stubs.o ABSOLUTE
    _printf_p                                0x00000000   Number         0  stubs.o ABSOLUTE
    _printf_percent                          0x00000000   Number         0  stubs.o ABSOLUTE
    _printf_pre_padding                      0x00000000   Number         0  stubs.o ABSOLUTE
    _printf_return_value                     0x00000000   Number         0  stubs.o ABSOLUTE
    _printf_s                                0x00000000   Number         0  stubs.o ABSOLUTE
    _printf_sizespec                         0x00000000   Number         0  stubs.o ABSOLUTE
    _printf_str                              0x00000000   Number         0  stubs.o ABSOLUTE
    _printf_truncate_signed                  0x00000000   Number         0  stubs.o ABSOLUTE
    _printf_truncate_unsigned                0x00000000   Number         0  stubs.o ABSOLUTE
    _printf_u                                0x00000000   Number         0  stubs.o ABSOLUTE
    _printf_wc                               0x00000000   Number         0  stubs.o ABSOLUTE
    _printf_wctomb                           0x00000000   Number         0  stubs.o ABSOLUTE
    _printf_widthprec                        0x00000000   Number         0  stubs.o ABSOLUTE
    _printf_x                                0x00000000   Number         0  stubs.o ABSOLUTE
    __cpp_initialize__aeabi_                  - Undefined Weak Reference
    __cxa_finalize                            - Undefined Weak Reference
    __decompress                              - Undefined Weak Reference
    _clock_init                               - Undefined Weak Reference
    _microlib_exit                            - Undefined Weak Reference
    __Vectors_Size                           0x00000130   Number         0  startup_stm32f10x_hd.o ABSOLUTE
    __Vectors                                0x08000000   Data           4  startup_stm32f10x_hd.o(RESET)
    __Vectors_End                            0x08000130   Data           0  startup_stm32f10x_hd.o(RESET)
    __main                                   0x08000131   Thumb Code     0  entry.o(.ARM.Collect$$$$00000000)
    _main_stk                                0x08000131   Thumb Code     0  entry2.o(.ARM.Collect$$$$00000001)
    _main_scatterload                        0x08000135   Thumb Code     0  entry5.o(.ARM.Collect$$$$00000004)
    __main_after_scatterload                 0x08000139   Thumb Code     0  entry5.o(.ARM.Collect$$$$00000004)
    _main_clock                              0x08000139   Thumb Code     0  entry7b.o(.ARM.Collect$$$$00000008)
    _main_cpp_init                           0x08000139   Thumb Code     0  entry8b.o(.ARM.Collect$$$$0000000A)
    _main_init                               0x08000139   Thumb Code     0  entry9a.o(.ARM.Collect$$$$0000000B)
    __rt_final_cpp                           0x08000141   Thumb Code     0  entry10a.o(.ARM.Collect$$$$0000000D)
    __rt_final_exit                          0x08000141   Thumb Code     0  entry11a.o(.ARM.Collect$$$$0000000F)
    Reset_Handler                            0x08000145   Thumb Code     8  startup_stm32f10x_hd.o(.text)
    ADC1_2_IRQHandler                        0x0800015f   Thumb Code     0  startup_stm32f10x_hd.o(.text)
    ADC3_IRQHandler                          0x0800015f   Thumb Code     0  startup_stm32f10x_hd.o(.text)
    CAN1_RX1_IRQHandler                      0x0800015f   Thumb Code     0  startup_stm32f10x_hd.o(.text)
    CAN1_SCE_IRQHandler                      0x0800015f   Thumb Code     0  startup_stm32f10x_hd.o(.text)
    DMA1_Channel1_IRQHandler                 0x0800015f   Thumb Code     0  startup_stm32f10x_hd.o(.text)
    DMA1_Channel2_IRQHandler                 0x0800015f   Thumb Code     0  startup_stm32f10x_hd.o(.text)
    DMA1_Channel3_IRQHandler                 0x0800015f   Thumb Code     0  startup_stm32f10x_hd.o(.text)
    DMA1_Channel4_IRQHandler                 0x0800015f   Thumb Code     0  startup_stm32f10x_hd.o(.text)
    DMA1_Channel5_IRQHandler                 0x0800015f   Thumb Code     0  startup_stm32f10x_hd.o(.text)
    DMA1_Channel6_IRQHandler                 0x0800015f   Thumb Code     0  startup_stm32f10x_hd.o(.text)
    DMA1_Channel7_IRQHandler                 0x0800015f   Thumb Code     0  startup_stm32f10x_hd.o(.text)
    DMA2_Channel1_IRQHandler                 0x0800015f   Thumb Code     0  startup_stm32f10x_hd.o(.text)
    DMA2_Channel2_IRQHandler                 0x0800015f   Thumb Code     0  startup_stm32f10x_hd.o(.text)
    DMA2_Channel3_IRQHandler                 0x0800015f   Thumb Code     0  startup_stm32f10x_hd.o(.text)
    DMA2_Channel4_5_IRQHandler               0x0800015f   Thumb Code     0  startup_stm32f10x_hd.o(.text)
    EXTI0_IRQHandler                         0x0800015f   Thumb Code     0  startup_stm32f10x_hd.o(.text)
    EXTI15_10_IRQHandler                     0x0800015f   Thumb Code     0  startup_stm32f10x_hd.o(.text)
    EXTI1_IRQHandler                         0x0800015f   Thumb Code     0  startup_stm32f10x_hd.o(.text)
    EXTI2_IRQHandler                         0x0800015f   Thumb Code     0  startup_stm32f10x_hd.o(.text)
    EXTI3_IRQHandler                         0x0800015f   Thumb Code     0  startup_stm32f10x_hd.o(.text)
    EXTI4_IRQHandler                         0x0800015f   Thumb Code     0  startup_stm32f10x_hd.o(.text)
    FLASH_IRQHandler                         0x0800015f   Thumb Code     0  startup_stm32f10x_hd.o(.text)
    FSMC_IRQHandler                          0x0800015f   Thumb Code     0  startup_stm32f10x_hd.o(.text)
    I2C1_ER_IRQHandler                       0x0800015f   Thumb Code     0  startup_stm32f10x_hd.o(.text)
    I2C1_EV_IRQHandler                       0x0800015f   Thumb Code     0  startup_stm32f10x_hd.o(.text)
    I2C2_ER_IRQHandler                       0x0800015f   Thumb Code     0  startup_stm32f10x_hd.o(.text)
    I2C2_EV_IRQHandler                       0x0800015f   Thumb Code     0  startup_stm32f10x_hd.o(.text)
    PVD_IRQHandler                           0x0800015f   Thumb Code     0  startup_stm32f10x_hd.o(.text)
    RCC_IRQHandler                           0x0800015f   Thumb Code     0  startup_stm32f10x_hd.o(.text)
    RTCAlarm_IRQHandler                      0x0800015f   Thumb Code     0  startup_stm32f10x_hd.o(.text)
    RTC_IRQHandler                           0x0800015f   Thumb Code     0  startup_stm32f10x_hd.o(.text)
    SDIO_IRQHandler                          0x0800015f   Thumb Code     0  startup_stm32f10x_hd.o(.text)
    SPI1_IRQHandler                          0x0800015f   Thumb Code     0  startup_stm32f10x_hd.o(.text)
    SPI2_IRQHandler                          0x0800015f   Thumb Code     0  startup_stm32f10x_hd.o(.text)
    SPI3_IRQHandler                          0x0800015f   Thumb Code     0  startup_stm32f10x_hd.o(.text)
    TAMPER_IRQHandler                        0x0800015f   Thumb Code     0  startup_stm32f10x_hd.o(.text)
    TIM1_BRK_IRQHandler                      0x0800015f   Thumb Code     0  startup_stm32f10x_hd.o(.text)
    TIM1_CC_IRQHandler                       0x0800015f   Thumb Code     0  startup_stm32f10x_hd.o(.text)
    TIM1_TRG_COM_IRQHandler                  0x0800015f   Thumb Code     0  startup_stm32f10x_hd.o(.text)
    TIM1_UP_IRQHandler                       0x0800015f   Thumb Code     0  startup_stm32f10x_hd.o(.text)
    TIM2_IRQHandler                          0x0800015f   Thumb Code     0  startup_stm32f10x_hd.o(.text)
    TIM3_IRQHandler                          0x0800015f   Thumb Code     0  startup_stm32f10x_hd.o(.text)
    TIM4_IRQHandler                          0x0800015f   Thumb Code     0  startup_stm32f10x_hd.o(.text)
    TIM5_IRQHandler                          0x0800015f   Thumb Code     0  startup_stm32f10x_hd.o(.text)
    TIM6_IRQHandler                          0x0800015f   Thumb Code     0  startup_stm32f10x_hd.o(.text)
    TIM7_IRQHandler                          0x0800015f   Thumb Code     0  startup_stm32f10x_hd.o(.text)
    TIM8_BRK_IRQHandler                      0x0800015f   Thumb Code     0  startup_stm32f10x_hd.o(.text)
    TIM8_CC_IRQHandler                       0x0800015f   Thumb Code     0  startup_stm32f10x_hd.o(.text)
    TIM8_TRG_COM_IRQHandler                  0x0800015f   Thumb Code     0  startup_stm32f10x_hd.o(.text)
    TIM8_UP_IRQHandler                       0x0800015f   Thumb Code     0  startup_stm32f10x_hd.o(.text)
    UART4_IRQHandler                         0x0800015f   Thumb Code     0  startup_stm32f10x_hd.o(.text)
    UART5_IRQHandler                         0x0800015f   Thumb Code     0  startup_stm32f10x_hd.o(.text)
    USART2_IRQHandler                        0x0800015f   Thumb Code     0  startup_stm32f10x_hd.o(.text)
    USART3_IRQHandler                        0x0800015f   Thumb Code     0  startup_stm32f10x_hd.o(.text)
    USBWakeUp_IRQHandler                     0x0800015f   Thumb Code     0  startup_stm32f10x_hd.o(.text)
    USB_HP_CAN1_TX_IRQHandler                0x0800015f   Thumb Code     0  startup_stm32f10x_hd.o(.text)
    USB_LP_CAN1_RX0_IRQHandler               0x0800015f   Thumb Code     0  startup_stm32f10x_hd.o(.text)
    WWDG_IRQHandler                          0x0800015f   Thumb Code     0  startup_stm32f10x_hd.o(.text)
    __aeabi_fadd                             0x08000169   Thumb Code   164  fadd.o(.text)
    __aeabi_fsub                             0x0800020d   Thumb Code     6  fadd.o(.text)
    __aeabi_frsub                            0x08000213   Thumb Code     6  fadd.o(.text)
    __aeabi_fmul                             0x08000219   Thumb Code   100  fmul.o(.text)
    __aeabi_fdiv                             0x0800027d   Thumb Code   124  fdiv.o(.text)
    __ARM_scalbnf                            0x080002f9   Thumb Code    24  fscalb.o(.text)
    scalbnf                                  0x080002f9   Thumb Code     0  fscalb.o(.text)
    __aeabi_dmul                             0x08000311   Thumb Code   228  dmul.o(.text)
    __aeabi_i2f                              0x080003f5   Thumb Code    18  fflti.o(.text)
    __aeabi_ui2d                             0x08000407   Thumb Code    26  dfltui.o(.text)
    __aeabi_f2iz                             0x08000421   Thumb Code    50  ffixi.o(.text)
    __aeabi_d2uiz                            0x08000453   Thumb Code    50  dfixui.o(.text)
    __aeabi_cfcmpeq                          0x08000485   Thumb Code     0  cfcmple.o(.text)
    __aeabi_cfcmple                          0x08000485   Thumb Code    20  cfcmple.o(.text)
    __aeabi_cfrcmple                         0x08000499   Thumb Code    20  cfrcmple.o(.text)
    __aeabi_uidiv                            0x080004ad   Thumb Code     0  uidiv.o(.text)
    __aeabi_uidivmod                         0x080004ad   Thumb Code    44  uidiv.o(.text)
    __aeabi_llsr                             0x080004d9   Thumb Code    32  llushr.o(.text)
    _ll_ushift_r                             0x080004d9   Thumb Code     0  llushr.o(.text)
    __I$use$fp                               0x080004f9   Thumb Code     0  iusefp.o(.text)
    _float_round                             0x080004f9   Thumb Code    18  fepilogue.o(.text)
    _float_epilogue                          0x0800050b   Thumb Code    92  fepilogue.o(.text)
    _double_round                            0x08000567   Thumb Code    30  depilogue.o(.text)
    _double_epilogue                         0x08000585   Thumb Code   156  depilogue.o(.text)
    __scatterload                            0x08000621   Thumb Code    28  init.o(.text)
    __scatterload_rt2                        0x08000621   Thumb Code     0  init.o(.text)
    __aeabi_llsl                             0x08000645   Thumb Code    30  llshl.o(.text)
    __semihosting_library_function           0x08000645   Thumb Code     0  semi.o(.text)
    _ll_shift_l                              0x08000645   Thumb Code     0  llshl.o(.text)
    BusFault_Handler                         0x08000663   Thumb Code     2  stm32f10x_it.o(i.BusFault_Handler)
    __I$use$semihosting$fputc                0x08000663   Thumb Code     0  iusesemip.o(.text)
    DebugMon_Handler                         0x08000665   Thumb Code     2  stm32f10x_it.o(i.DebugMon_Handler)
    EXTI8_Init                               0x08000667   Thumb Code    66  exti.o(i.EXTI8_Init)
    EXTI9_5_IRQHandler                       0x080006a9   Thumb Code    66  exti.o(i.EXTI9_5_IRQHandler)
    EXTI_ClearITPendingBit                   0x080006f9   Thumb Code    24  stm32f10x_exti.o(i.EXTI_ClearITPendingBit)
    EXTI_GetITStatus                         0x0800072d   Thumb Code   142  stm32f10x_exti.o(i.EXTI_GetITStatus)
    EXTI_Init                                0x080007d9   Thumb Code   184  stm32f10x_exti.o(i.EXTI_Init)
    FSMC_NORSRAMCmd                          0x080008ad   Thumb Code    76  stm32f10x_fsmc.o(i.FSMC_NORSRAMCmd)
    FSMC_NORSRAMInit                         0x08000915   Thumb Code   690  stm32f10x_fsmc.o(i.FSMC_NORSRAMInit)
    GPIO_EXTILineConfig                      0x08000be1   Thumb Code   148  stm32f10x_gpio.o(i.GPIO_EXTILineConfig)
    GPIO_Init                                0x08000c91   Thumb Code   294  stm32f10x_gpio.o(i.GPIO_Init)
    GPIO_PinRemapConfig                      0x08000ded   Thumb Code   410  stm32f10x_gpio.o(i.GPIO_PinRemapConfig)
    GPIO_ResetBits                           0x08000fe5   Thumb Code    74  stm32f10x_gpio.o(i.GPIO_ResetBits)
    GPIO_SetBits                             0x08001065   Thumb Code    74  stm32f10x_gpio.o(i.GPIO_SetBits)
    HardFault_Handler                        0x080010e5   Thumb Code     2  stm32f10x_it.o(i.HardFault_Handler)
    LCD_Clear                                0x080010e9   Thumb Code   102  lcd.o(i.LCD_Clear)
    LCD_Display_Dir                          0x08001159   Thumb Code   316  lcd.o(i.LCD_Display_Dir)
    LCD_DrawPoint                            0x08001299   Thumb Code    20  lcd.o(i.LCD_DrawPoint)
    LCD_Draw_Circle                          0x080012b5   Thumb Code   180  lcd.o(i.LCD_Draw_Circle)
    LCD_Fast_DrawPoint                       0x08001369   Thumb Code   314  lcd.o(i.LCD_Fast_DrawPoint)
    LCD_Fill                                 0x080014ad   Thumb Code   136  lcd.o(i.LCD_Fill)
    LCD_Init                                 0x0800153d   Thumb Code 13816  lcd.o(i.LCD_Init)
    LCD_RD_DATA                              0x08004b39   Thumb Code    14  lcd.o(i.LCD_RD_DATA)
    LCD_ReadReg                              0x08004b4d   Thumb Code    20  lcd.o(i.LCD_ReadReg)
    LCD_SSD_BackLightSet                     0x08004b61   Thumb Code    70  lcd.o(i.LCD_SSD_BackLightSet)
    LCD_Scan_Dir                             0x08004bad   Thumb Code   530  lcd.o(i.LCD_Scan_Dir)
    LCD_SetCursor                            0x08004dc5   Thumb Code   364  lcd.o(i.LCD_SetCursor)
    LCD_ShowChar                             0x08004f35   Thumb Code   202  lcd.o(i.LCD_ShowChar)
    LCD_ShowString                           0x08005015   Thumb Code    84  lcd.o(i.LCD_ShowString)
    LCD_WR_DATA                              0x08005069   Thumb Code     6  lcd.o(i.LCD_WR_DATA)
    LCD_WR_REG                               0x08005075   Thumb Code     6  lcd.o(i.LCD_WR_REG)
    LCD_WriteRAM_Prepare                     0x08005081   Thumb Code    10  lcd.o(i.LCD_WriteRAM_Prepare)
    LCD_WriteReg                             0x08005095   Thumb Code    10  lcd.o(i.LCD_WriteReg)
    MemManage_Handler                        0x080050a5   Thumb Code     2  stm32f10x_it.o(i.MemManage_Handler)
    NMI_Handler                              0x080050a7   Thumb Code     2  stm32f10x_it.o(i.NMI_Handler)
    NVIC_Init                                0x080050a9   Thumb Code   144  misc.o(i.NVIC_Init)
    NVIC_PriorityGroupConfig                 0x08005149   Thumb Code    52  misc.o(i.NVIC_PriorityGroupConfig)
    OV7670_Brightness                        0x08005191   Thumb Code    40  ov7670.o(i.OV7670_Brightness)
    OV7670_Color_Saturation                  0x080051b9   Thumb Code   116  ov7670.o(i.OV7670_Color_Saturation)
    OV7670_Contrast                          0x0800522d   Thumb Code    40  ov7670.o(i.OV7670_Contrast)
    OV7670_Init                              0x08005255   Thumb Code   246  ov7670.o(i.OV7670_Init)
    OV7670_Light_Mode                        0x08005369   Thumb Code    82  ov7670.o(i.OV7670_Light_Mode)
    OV7670_Special_Effects                   0x080053bb   Thumb Code    88  ov7670.o(i.OV7670_Special_Effects)
    OV7670_Window_Set                        0x08005413   Thumb Code   110  ov7670.o(i.OV7670_Window_Set)
    PendSV_Handler                           0x08005481   Thumb Code     2  stm32f10x_it.o(i.PendSV_Handler)
    RCC_AHBPeriphClockCmd                    0x08005485   Thumb Code    64  stm32f10x_rcc.o(i.RCC_AHBPeriphClockCmd)
    RCC_APB2PeriphClockCmd                   0x080054dd   Thumb Code    60  stm32f10x_rcc.o(i.RCC_APB2PeriphClockCmd)
    SCCB_Init                                0x08005535   Thumb Code    98  sccb.o(i.SCCB_Init)
    SCCB_No_Ack                              0x080055a1   Thumb Code    46  sccb.o(i.SCCB_No_Ack)
    SCCB_RD_Byte                             0x080055d9   Thumb Code   102  sccb.o(i.SCCB_RD_Byte)
    SCCB_RD_Reg                              0x0800564d   Thumb Code    76  sccb.o(i.SCCB_RD_Reg)
    SCCB_Start                               0x08005699   Thumb Code    32  sccb.o(i.SCCB_Start)
    SCCB_Stop                                0x080056c1   Thumb Code    38  sccb.o(i.SCCB_Stop)
    SCCB_WR_Byte                             0x080056f1   Thumb Code   134  sccb.o(i.SCCB_WR_Byte)
    SCCB_WR_Reg                              0x08005785   Thumb Code    62  sccb.o(i.SCCB_WR_Reg)
    SVC_Handler                              0x080057c3   Thumb Code     2  stm32f10x_it.o(i.SVC_Handler)
    SysTick_CLKSourceConfig                  0x08005879   Thumb Code    48  misc.o(i.SysTick_CLKSourceConfig)
    SysTick_Handler                          0x080058b5   Thumb Code     2  stm32f10x_it.o(i.SysTick_Handler)
    SystemInit                               0x080058b9   Thumb Code    64  system_stm32f10x.o(i.SystemInit)
    USART1_IRQHandler                        0x08005909   Thumb Code    88  usart1.o(i.USART1_IRQHandler)
    USART_ClearITPendingBit                  0x08005969   Thumb Code   134  stm32f10x_usart.o(i.USART_ClearITPendingBit)
    USART_GetITStatus                        0x08005a1d   Thumb Code   220  stm32f10x_usart.o(i.USART_GetITStatus)
    USART_ReceiveData                        0x08005b25   Thumb Code    52  stm32f10x_usart.o(i.USART_ReceiveData)
    UsageFault_Handler                       0x08005b85   Thumb Code     2  stm32f10x_it.o(i.UsageFault_Handler)
    __0printf$3                              0x08005b89   Thumb Code    22  printf3.o(i.__0printf$3)
    __1printf$3                              0x08005b89   Thumb Code     0  printf3.o(i.__0printf$3)
    __2printf                                0x08005b89   Thumb Code     0  printf3.o(i.__0printf$3)
    __scatterload_copy                       0x08005ba9   Thumb Code    14  handlers.o(i.__scatterload_copy)
    __scatterload_null                       0x08005bb7   Thumb Code     2  handlers.o(i.__scatterload_null)
    __scatterload_zeroinit                   0x08005bb9   Thumb Code    14  handlers.o(i.__scatterload_zeroinit)
    assert_failed                            0x08005d81   Thumb Code    12  main.o(i.assert_failed)
    camera_refresh                           0x08005dbd   Thumb Code  3670  main.o(i.camera_refresh)
    delay_init                               0x08006c15   Thumb Code    46  delay.o(i.delay_init)
    delay_ms                                 0x08006c51   Thumb Code    46  delay.o(i.delay_ms)
    delay_us                                 0x08006c85   Thumb Code    46  delay.o(i.delay_us)
    fputc                                    0x08006cb9   Thumb Code    18  fputc.o(i.fputc)
    main                                     0x08006ccd   Thumb Code   386  main.o(i.main)
    asc2_1206                                0x08006f0c   Data        1140  lcd.o(.constdata)
    asc2_1608                                0x08007380   Data        1520  lcd.o(.constdata)
    asc2_2412                                0x08007970   Data        3420  lcd.o(.constdata)
    ov7670_init_reg_tbl                      0x080086cc   Data         230  ov7670.o(.constdata)
    Region$$Table$$Base                      0x080087b4   Number         0  anon$$obj.o(Region$$Table)
    Region$$Table$$Limit                     0x080087d4   Number         0  anon$$obj.o(Region$$Table)
    logicFlagy                               0x20000000   Data           1  main.o(.data)
    logicFlagx                               0x20000001   Data           1  main.o(.data)
    utiltnum                                 0x20000002   Data           1  main.o(.data)
    repnum                                   0x20000003   Data           1  main.o(.data)
    xnum                                     0x20000004   Data           1  main.o(.data)
    ynum                                     0x20000005   Data           1  main.o(.data)
    color                                    0x20000006   Data           2  main.o(.data)
    rcolor                                   0x20000008   Data           2  main.o(.data)
    gcolor                                   0x2000000a   Data           2  main.o(.data)
    bcolor                                   0x2000000c   Data           2  main.o(.data)
    graycolor                                0x2000000e   Data           2  main.o(.data)
    xcm                                      0x20000010   Data           2  main.o(.data)
    ycm                                      0x20000012   Data           2  main.o(.data)
    charxpix                                 0x20000014   Data           2  main.o(.data)
    pic2cm                                   0x20000018   Data           4  main.o(.data)
    coorxCount                               0x2000001c   Data           4  main.o(.data)
    coorxTemp                                0x20000020   Data           4  main.o(.data)
    cooryTemp                                0x20000024   Data           4  main.o(.data)
    countnum                                 0x20000028   Data           4  main.o(.data)
    itemp                                    0x2000002c   Data           4  main.o(.data)
    jtemp                                    0x20000030   Data           4  main.o(.data)
    uppointx                                 0x20000034   Data           4  main.o(.data)
    uppointy                                 0x20000038   Data           4  main.o(.data)
    lfpointx                                 0x2000003c   Data           4  main.o(.data)
    lfpointy                                 0x20000040   Data           4  main.o(.data)
    rtpointx                                 0x20000044   Data           4  main.o(.data)
    rtpointy                                 0x20000048   Data           4  main.o(.data)
    xerr                                     0x2000004c   Data           4  main.o(.data)
    yerr                                     0x20000050   Data           4  main.o(.data)
    xmsur                                    0x20000054   Data           4  main.o(.data)
    ymsur                                    0x20000058   Data           4  main.o(.data)
    ledup                                    0x2000005c   Data           8  main.o(.data)
    ledlf                                    0x20000064   Data           8  main.o(.data)
    ledrt                                    0x2000006c   Data           8  main.o(.data)
    SystemCoreClock                          0x20000074   Data           4  system_stm32f10x.o(.data)
    AHBPrescTable                            0x20000078   Data          16  system_stm32f10x.o(.data)
    ov_sta                                   0x2000008c   Data           1  exti.o(.data)
    POINT_COLOR                              0x2000008e   Data           2  lcd.o(.data)
    BACK_COLOR                               0x20000090   Data           2  lcd.o(.data)
    RxData                                   0x20000092   Data           1  usart1.o(.data)
    __stdout                                 0x20000094   Data           4  stdout.o(.data)
    coorx                                    0x20000098   Data          40  main.o(.bss)
    coory                                    0x200000c0   Data          40  main.o(.bss)
    pointCount                               0x200000e8   Data          40  main.o(.bss)
    coorxFirpre                              0x20000110   Data          40  main.o(.bss)
    coorxLatpre                              0x20000138   Data          40  main.o(.bss)
    coorypre                                 0x20000160   Data          40  main.o(.bss)
    utiltFlag                                0x20000188   Data          10  main.o(.bss)
    repFlag                                  0x20000192   Data          10  main.o(.bss)
    countReflect                             0x2000019c   Data          10  main.o(.bss)
    lcddev                                   0x200001a6   Data          14  lcd.o(.bss)
    __initial_sp                             0x200005b8   Data           0  startup_stm32f10x_hd.o(STACK)



==============================================================================

Memory Map of the image

  Image Entry point : 0x08000145

  Load Region LR_1 (Base: 0x08000000, Size: 0x0000886c, Max: 0xffffffff, ABSOLUTE)

    Execution Region ER_RO (Base: 0x08000000, Size: 0x000087d4, Max: 0xffffffff, ABSOLUTE)

    Base Addr    Size         Type   Attr      Idx    E Section Name        Object

    0x08000000   0x00000130   Data   RO         3058    RESET               startup_stm32f10x_hd.o
    0x08000130   0x00000000   Code   RO         3728  * .ARM.Collect$$$$00000000  mc_w.l(entry.o)
    0x08000130   0x00000004   Code   RO         4014    .ARM.Collect$$$$00000001  mc_w.l(entry2.o)
    0x08000134   0x00000004   Code   RO         4017    .ARM.Collect$$$$00000004  mc_w.l(entry5.o)
    0x08000138   0x00000000   Code   RO         4019    .ARM.Collect$$$$00000008  mc_w.l(entry7b.o)
    0x08000138   0x00000000   Code   RO         4021    .ARM.Collect$$$$0000000A  mc_w.l(entry8b.o)
    0x08000138   0x00000008   Code   RO         4022    .ARM.Collect$$$$0000000B  mc_w.l(entry9a.o)
    0x08000140   0x00000000   Code   RO         4024    .ARM.Collect$$$$0000000D  mc_w.l(entry10a.o)
    0x08000140   0x00000000   Code   RO         4026    .ARM.Collect$$$$0000000F  mc_w.l(entry11a.o)
    0x08000140   0x00000004   Code   RO         4015    .ARM.Collect$$$$00002712  mc_w.l(entry2.o)
    0x08000144   0x00000024   Code   RO         3059  * .text               startup_stm32f10x_hd.o
    0x08000168   0x000000b0   Code   RO         3992    .text               mf_w.l(fadd.o)
    0x08000218   0x00000064   Code   RO         3994    .text               mf_w.l(fmul.o)
    0x0800027c   0x0000007c   Code   RO         3996    .text               mf_w.l(fdiv.o)
    0x080002f8   0x00000018   Code   RO         3998    .text               mf_w.l(fscalb.o)
    0x08000310   0x000000e4   Code   RO         4000    .text               mf_w.l(dmul.o)
    0x080003f4   0x00000012   Code   RO         4002    .text               mf_w.l(fflti.o)
    0x08000406   0x0000001a   Code   RO         4004    .text               mf_w.l(dfltui.o)
    0x08000420   0x00000032   Code   RO         4006    .text               mf_w.l(ffixi.o)
    0x08000452   0x00000032   Code   RO         4008    .text               mf_w.l(dfixui.o)
    0x08000484   0x00000014   Code   RO         4010    .text               mf_w.l(cfcmple.o)
    0x08000498   0x00000014   Code   RO         4012    .text               mf_w.l(cfrcmple.o)
    0x080004ac   0x0000002c   Code   RO         4031    .text               mc_w.l(uidiv.o)
    0x080004d8   0x00000020   Code   RO         4035    .text               mc_w.l(llushr.o)
    0x080004f8   0x00000000   Code   RO         4037    .text               mc_w.l(iusefp.o)
    0x080004f8   0x0000006e   Code   RO         4038    .text               mf_w.l(fepilogue.o)
    0x08000566   0x000000ba   Code   RO         4040    .text               mf_w.l(depilogue.o)
    0x08000620   0x00000024   Code   RO         4050    .text               mc_w.l(init.o)
    0x08000644   0x00000000   Code   RO         4052    .text               mc_w.l(semi.o)
    0x08000644   0x0000001e   Code   RO         4053    .text               mc_w.l(llshl.o)
    0x08000662   0x00000000   Code   RO         4057    .text               mc_w.l(iusesemip.o)
    0x08000662   0x00000002   Code   RO         3123    i.BusFault_Handler  stm32f10x_it.o
    0x08000664   0x00000002   Code   RO         3124    i.DebugMon_Handler  stm32f10x_it.o
    0x08000666   0x00000042   Code   RO         3323    i.EXTI8_Init        exti.o
    0x080006a8   0x00000050   Code   RO         3324    i.EXTI9_5_IRQHandler  exti.o
    0x080006f8   0x00000034   Code   RO          887    i.EXTI_ClearITPendingBit  stm32f10x_exti.o
    0x0800072c   0x000000ac   Code   RO          891    i.EXTI_GetITStatus  stm32f10x_exti.o
    0x080007d8   0x000000d4   Code   RO          892    i.EXTI_Init         stm32f10x_exti.o
    0x080008ac   0x00000068   Code   RO         1125    i.FSMC_NORSRAMCmd   stm32f10x_fsmc.o
    0x08000914   0x000002cc   Code   RO         1127    i.FSMC_NORSRAMInit  stm32f10x_fsmc.o
    0x08000be0   0x000000b0   Code   RO         1237    i.GPIO_EXTILineConfig  stm32f10x_gpio.o
    0x08000c90   0x0000015c   Code   RO         1240    i.GPIO_Init         stm32f10x_gpio.o
    0x08000dec   0x000001f8   Code   RO         1242    i.GPIO_PinRemapConfig  stm32f10x_gpio.o
    0x08000fe4   0x00000080   Code   RO         1247    i.GPIO_ResetBits    stm32f10x_gpio.o
    0x08001064   0x00000080   Code   RO         1248    i.GPIO_SetBits      stm32f10x_gpio.o
    0x080010e4   0x00000002   Code   RO         3125    i.HardFault_Handler  stm32f10x_it.o
    0x080010e6   0x00000002   PAD
    0x080010e8   0x00000070   Code   RO         3351    i.LCD_Clear         lcd.o
    0x08001158   0x00000140   Code   RO         3355    i.LCD_Display_Dir   lcd.o
    0x08001298   0x0000001c   Code   RO         3357    i.LCD_DrawPoint     lcd.o
    0x080012b4   0x000000b4   Code   RO         3359    i.LCD_Draw_Circle   lcd.o
    0x08001368   0x00000144   Code   RO         3360    i.LCD_Fast_DrawPoint  lcd.o
    0x080014ac   0x00000090   Code   RO         3361    i.LCD_Fill          lcd.o
    0x0800153c   0x000035fc   Code   RO         3362    i.LCD_Init          lcd.o
    0x08004b38   0x00000014   Code   RO         3364    i.LCD_RD_DATA       lcd.o
    0x08004b4c   0x00000014   Code   RO         3366    i.LCD_ReadReg       lcd.o
    0x08004b60   0x0000004c   Code   RO         3367    i.LCD_SSD_BackLightSet  lcd.o
    0x08004bac   0x00000218   Code   RO         3368    i.LCD_Scan_Dir      lcd.o
    0x08004dc4   0x00000170   Code   RO         3369    i.LCD_SetCursor     lcd.o
    0x08004f34   0x000000e0   Code   RO         3371    i.LCD_ShowChar      lcd.o
    0x08005014   0x00000054   Code   RO         3373    i.LCD_ShowString    lcd.o
    0x08005068   0x0000000c   Code   RO         3375    i.LCD_WR_DATA       lcd.o
    0x08005074   0x0000000c   Code   RO         3376    i.LCD_WR_REG        lcd.o
    0x08005080   0x00000014   Code   RO         3378    i.LCD_WriteRAM_Prepare  lcd.o
    0x08005094   0x00000010   Code   RO         3379    i.LCD_WriteReg      lcd.o
    0x080050a4   0x00000002   Code   RO         3126    i.MemManage_Handler  stm32f10x_it.o
    0x080050a6   0x00000002   Code   RO         3127    i.NMI_Handler       stm32f10x_it.o
    0x080050a8   0x000000a0   Code   RO            1    i.NVIC_Init         misc.o
    0x08005148   0x00000048   Code   RO            2    i.NVIC_PriorityGroupConfig  misc.o
    0x08005190   0x00000028   Code   RO         3553    i.OV7670_Brightness  ov7670.o
    0x080051b8   0x00000074   Code   RO         3554    i.OV7670_Color_Saturation  ov7670.o
    0x0800522c   0x00000028   Code   RO         3555    i.OV7670_Contrast   ov7670.o
    0x08005254   0x00000114   Code   RO         3556    i.OV7670_Init       ov7670.o
    0x08005368   0x00000052   Code   RO         3557    i.OV7670_Light_Mode  ov7670.o
    0x080053ba   0x00000058   Code   RO         3558    i.OV7670_Special_Effects  ov7670.o
    0x08005412   0x0000006e   Code   RO         3559    i.OV7670_Window_Set  ov7670.o
    0x08005480   0x00000002   Code   RO         3128    i.PendSV_Handler    stm32f10x_it.o
    0x08005482   0x00000002   PAD
    0x08005484   0x00000058   Code   RO         1655    i.RCC_AHBPeriphClockCmd  stm32f10x_rcc.o
    0x080054dc   0x00000058   Code   RO         1658    i.RCC_APB2PeriphClockCmd  stm32f10x_rcc.o
    0x08005534   0x0000006c   Code   RO         3607    i.SCCB_Init         sccb.o
    0x080055a0   0x00000038   Code   RO         3608    i.SCCB_No_Ack       sccb.o
    0x080055d8   0x00000074   Code   RO         3609    i.SCCB_RD_Byte      sccb.o
    0x0800564c   0x0000004c   Code   RO         3610    i.SCCB_RD_Reg       sccb.o
    0x08005698   0x00000028   Code   RO         3611    i.SCCB_Start        sccb.o
    0x080056c0   0x00000030   Code   RO         3612    i.SCCB_Stop         sccb.o
    0x080056f0   0x00000094   Code   RO         3613    i.SCCB_WR_Byte      sccb.o
    0x08005784   0x0000003e   Code   RO         3614    i.SCCB_WR_Reg       sccb.o
    0x080057c2   0x00000002   Code   RO         3129    i.SVC_Handler       stm32f10x_it.o
    0x080057c4   0x00000004   Code   RO         3186    i.SetSysClock       system_stm32f10x.o
    0x080057c8   0x000000b0   Code   RO         3187    i.SetSysClockTo72   system_stm32f10x.o
    0x08005878   0x0000003c   Code   RO            5    i.SysTick_CLKSourceConfig  misc.o
    0x080058b4   0x00000002   Code   RO         3130    i.SysTick_Handler   stm32f10x_it.o
    0x080058b6   0x00000002   PAD
    0x080058b8   0x00000050   Code   RO         3189    i.SystemInit        system_stm32f10x.o
    0x08005908   0x00000060   Code   RO         3691    i.USART1_IRQHandler  usart1.o
    0x08005968   0x000000b4   Code   RO         2823    i.USART_ClearITPendingBit  stm32f10x_usart.o
    0x08005a1c   0x00000108   Code   RO         2830    i.USART_GetITStatus  stm32f10x_usart.o
    0x08005b24   0x00000060   Code   RO         2840    i.USART_ReceiveData  stm32f10x_usart.o
    0x08005b84   0x00000002   Code   RO         3131    i.UsageFault_Handler  stm32f10x_it.o
    0x08005b86   0x00000002   PAD
    0x08005b88   0x00000020   Code   RO         3820    i.__0printf$3       mc_w.l(printf3.o)
    0x08005ba8   0x0000000e   Code   RO         4060    i.__scatterload_copy  mc_w.l(handlers.o)
    0x08005bb6   0x00000002   Code   RO         4061    i.__scatterload_null  mc_w.l(handlers.o)
    0x08005bb8   0x0000000e   Code   RO         4062    i.__scatterload_zeroinit  mc_w.l(handlers.o)
    0x08005bc6   0x00000002   PAD
    0x08005bc8   0x000001b8   Code   RO         3827    i._printf_core      mc_w.l(printf3.o)
    0x08005d80   0x0000003c   Code   RO         3064    i.assert_failed     main.o
    0x08005dbc   0x00000e56   Code   RO         3065    i.camera_refresh    main.o
    0x08006c12   0x00000002   PAD
    0x08006c14   0x0000003c   Code   RO         3220    i.delay_init        delay.o
    0x08006c50   0x00000034   Code   RO         3221    i.delay_ms          delay.o
    0x08006c84   0x00000034   Code   RO         3222    i.delay_us          delay.o
    0x08006cb8   0x00000012   Code   RO         4028    i.fputc             mc_w.l(fputc.o)
    0x08006cca   0x00000002   PAD
    0x08006ccc   0x00000240   Code   RO         3066    i.main              main.o
    0x08006f0c   0x000017c0   Data   RO         3382    .constdata          lcd.o
    0x080086cc   0x000000e6   Data   RO         3560    .constdata          ov7670.o
    0x080087b2   0x00000002   PAD
    0x080087b4   0x00000020   Data   RO         4058    Region$$Table       anon$$obj.o


    Execution Region ER_RW (Base: 0x20000000, Size: 0x00000098, Max: 0xffffffff, ABSOLUTE)

    Base Addr    Size         Type   Attr      Idx    E Section Name        Object

    0x20000000   0x00000074   Data   RW         3068    .data               main.o
    0x20000074   0x00000014   Data   RW         3190    .data               system_stm32f10x.o
    0x20000088   0x00000004   Data   RW         3223    .data               delay.o
    0x2000008c   0x00000001   Data   RW         3325    .data               exti.o
    0x2000008d   0x00000001   PAD
    0x2000008e   0x00000004   Data   RW         3383    .data               lcd.o
    0x20000092   0x00000001   Data   RW         3694    .data               usart1.o
    0x20000093   0x00000001   PAD
    0x20000094   0x00000004   Data   RW         4030    .data               mc_w.l(stdout.o)


    Execution Region ER_ZI (Base: 0x20000098, Size: 0x00000520, Max: 0xffffffff, ABSOLUTE)

    Base Addr    Size         Type   Attr      Idx    E Section Name        Object

    0x20000098   0x0000010e   Zero   RW         3067    .bss                main.o
    0x200001a6   0x0000000e   Zero   RW         3381    .bss                lcd.o
    0x200001b4   0x00000004   PAD
    0x200001b8   0x00000400   Zero   RW         3056    STACK               startup_stm32f10x_hd.o


==============================================================================

Image component sizes


      Code (inc. data)   RO Data    RW Data    ZI Data      Debug   Object Name

       164         26          0          4          0       1559   delay.o
       146         14          0          1          0       1239   exti.o
     16316        160       6080          4         14      22004   lcd.o
      4306        326          0        116        270       5870   main.o
       292         48          0          0          0     235477   misc.o
       752         38        230          0          0       4817   ov7670.o
       654         66          0          0          0       4157   sccb.o
        36          8        304          0       1024        796   startup_stm32f10x_hd.o
       436         86          0          0          0       2196   stm32f10x_exti.o
       820         54          0          0          0       2081   stm32f10x_fsmc.o
      1284        284          0          0          0       4864   stm32f10x_gpio.o
        18          0          0          0          0       3598   stm32f10x_it.o
       176         52          0          0          0       1201   stm32f10x_rcc.o
       540        134          0          0          0       3530   stm32f10x_usart.o
       260         26          0         20          0       2005   system_stm32f10x.o
        96          8          0          1          0        693   usart1.o

    ----------------------------------------------------------------------
     26306       1330       6648        148       1312     296087   Object Totals
         0          0         32          0          0          0   (incl. Generated)
        10          0          2          2          4          0   (incl. Padding)

    ----------------------------------------------------------------------

      Code (inc. data)   RO Data    RW Data    ZI Data      Debug   Library Member Name

         0          0          0          0          0          0   entry.o
         0          0          0          0          0          0   entry10a.o
         0          0          0          0          0          0   entry11a.o
         8          4          0          0          0          0   entry2.o
         4          0          0          0          0          0   entry5.o
         0          0          0          0          0          0   entry7b.o
         0          0          0          0          0          0   entry8b.o
         8          4          0          0          0          0   entry9a.o
        18          0          0          0          0         80   fputc.o
        30          0          0          0          0          0   handlers.o
        36          8          0          0          0         68   init.o
         0          0          0          0          0          0   iusefp.o
         0          0          0          0          0          0   iusesemip.o
        30          0          0          0          0         68   llshl.o
        32          0          0          0          0         68   llushr.o
       472         14          0          0          0        184   printf3.o
         0          0          0          0          0          0   semi.o
         0          0          0          4          0          0   stdout.o
        44          0          0          0          0         80   uidiv.o
        20          0          0          0          0         68   cfcmple.o
        20          0          0          0          0         68   cfrcmple.o
       186          0          0          0          0        176   depilogue.o
        50          0          0          0          0         76   dfixui.o
        26          0          0          0          0         76   dfltui.o
       228          0          0          0          0         96   dmul.o
       176          0          0          0          0        140   fadd.o
       124          0          0          0          0         88   fdiv.o
       110          0          0          0          0        168   fepilogue.o
        50          0          0          0          0         68   ffixi.o
        18          0          0          0          0         68   fflti.o
       100          0          0          0          0         76   fmul.o
        24          0          0          0          0         68   fscalb.o

    ----------------------------------------------------------------------
      1818         30          0          4          0       1784   Library Totals
         4          0          0          0          0          0   (incl. Padding)

    ----------------------------------------------------------------------

      Code (inc. data)   RO Data    RW Data    ZI Data      Debug   Library Name

       682         30          0          4          0        548   mc_w.l
      1132          0          0          0          0       1236   mf_w.l

    ----------------------------------------------------------------------
      1818         30          0          4          0       1784   Library Totals

    ----------------------------------------------------------------------

==============================================================================


      Code (inc. data)   RO Data    RW Data    ZI Data      Debug   

     28124       1360       6648        152       1312     293603   Grand Totals
     28124       1360       6648        152       1312     293603   ELF Image Totals
     28124       1360       6648        152          0          0   ROM Totals

==============================================================================

    Total RO  Size (Code + RO Data)                34772 (  33.96kB)
    Total RW  Size (RW Data + ZI Data)              1464 (   1.43kB)
    Total ROM Size (Code + RO Data + RW Data)      34924 (  34.11kB)

==============================================================================

