Component: ARM Compiler 5.06 update 3 (build 300) Tool: armlink [4d35c9]

==============================================================================

Section Cross References

    misc.o(i.NVIC_Init) refers to main.o(i.assert_failed) for assert_failed
    misc.o(i.NVIC_PriorityGroupConfig) refers to main.o(i.assert_failed) for assert_failed
    misc.o(i.NVIC_SetVectorTable) refers to main.o(i.assert_failed) for assert_failed
    misc.o(i.NVIC_SystemLPConfig) refers to main.o(i.assert_failed) for assert_failed
    misc.o(i.SysTick_CLKSourceConfig) refers to main.o(i.assert_failed) for assert_failed
    stm32f10x_adc.o(i.ADC_AnalogWatchdogCmd) refers to main.o(i.assert_failed) for assert_failed
    stm32f10x_adc.o(i.ADC_AnalogWatchdogSingleChannelConfig) refers to main.o(i.assert_failed) for assert_failed
    stm32f10x_adc.o(i.ADC_AnalogWatchdogThresholdsConfig) refers to main.o(i.assert_failed) for assert_failed
    stm32f10x_adc.o(i.ADC_AutoInjectedConvCmd) refers to main.o(i.assert_failed) for assert_failed
    stm32f10x_adc.o(i.ADC_ClearFlag) refers to main.o(i.assert_failed) for assert_failed
    stm32f10x_adc.o(i.ADC_ClearITPendingBit) refers to main.o(i.assert_failed) for assert_failed
    stm32f10x_adc.o(i.ADC_Cmd) refers to main.o(i.assert_failed) for assert_failed
    stm32f10x_adc.o(i.ADC_DMACmd) refers to main.o(i.assert_failed) for assert_failed
    stm32f10x_adc.o(i.ADC_DeInit) refers to main.o(i.assert_failed) for assert_failed
    stm32f10x_adc.o(i.ADC_DeInit) refers to stm32f10x_rcc.o(i.RCC_APB2PeriphResetCmd) for RCC_APB2PeriphResetCmd
    stm32f10x_adc.o(i.ADC_DiscModeChannelCountConfig) refers to main.o(i.assert_failed) for assert_failed
    stm32f10x_adc.o(i.ADC_DiscModeCmd) refers to main.o(i.assert_failed) for assert_failed
    stm32f10x_adc.o(i.ADC_ExternalTrigConvCmd) refers to main.o(i.assert_failed) for assert_failed
    stm32f10x_adc.o(i.ADC_ExternalTrigInjectedConvCmd) refers to main.o(i.assert_failed) for assert_failed
    stm32f10x_adc.o(i.ADC_ExternalTrigInjectedConvConfig) refers to main.o(i.assert_failed) for assert_failed
    stm32f10x_adc.o(i.ADC_GetCalibrationStatus) refers to main.o(i.assert_failed) for assert_failed
    stm32f10x_adc.o(i.ADC_GetConversionValue) refers to main.o(i.assert_failed) for assert_failed
    stm32f10x_adc.o(i.ADC_GetFlagStatus) refers to main.o(i.assert_failed) for assert_failed
    stm32f10x_adc.o(i.ADC_GetITStatus) refers to main.o(i.assert_failed) for assert_failed
    stm32f10x_adc.o(i.ADC_GetInjectedConversionValue) refers to main.o(i.assert_failed) for assert_failed
    stm32f10x_adc.o(i.ADC_GetResetCalibrationStatus) refers to main.o(i.assert_failed) for assert_failed
    stm32f10x_adc.o(i.ADC_GetSoftwareStartConvStatus) refers to main.o(i.assert_failed) for assert_failed
    stm32f10x_adc.o(i.ADC_GetSoftwareStartInjectedConvCmdStatus) refers to main.o(i.assert_failed) for assert_failed
    stm32f10x_adc.o(i.ADC_ITConfig) refers to main.o(i.assert_failed) for assert_failed
    stm32f10x_adc.o(i.ADC_Init) refers to main.o(i.assert_failed) for assert_failed
    stm32f10x_adc.o(i.ADC_InjectedChannelConfig) refers to main.o(i.assert_failed) for assert_failed
    stm32f10x_adc.o(i.ADC_InjectedDiscModeCmd) refers to main.o(i.assert_failed) for assert_failed
    stm32f10x_adc.o(i.ADC_InjectedSequencerLengthConfig) refers to main.o(i.assert_failed) for assert_failed
    stm32f10x_adc.o(i.ADC_RegularChannelConfig) refers to main.o(i.assert_failed) for assert_failed
    stm32f10x_adc.o(i.ADC_ResetCalibration) refers to main.o(i.assert_failed) for assert_failed
    stm32f10x_adc.o(i.ADC_SetInjectedOffset) refers to main.o(i.assert_failed) for assert_failed
    stm32f10x_adc.o(i.ADC_SoftwareStartConvCmd) refers to main.o(i.assert_failed) for assert_failed
    stm32f10x_adc.o(i.ADC_SoftwareStartInjectedConvCmd) refers to main.o(i.assert_failed) for assert_failed
    stm32f10x_adc.o(i.ADC_StartCalibration) refers to main.o(i.assert_failed) for assert_failed
    stm32f10x_adc.o(i.ADC_TempSensorVrefintCmd) refers to main.o(i.assert_failed) for assert_failed
    stm32f10x_bkp.o(i.BKP_DeInit) refers to stm32f10x_rcc.o(i.RCC_BackupResetCmd) for RCC_BackupResetCmd
    stm32f10x_bkp.o(i.BKP_ITConfig) refers to main.o(i.assert_failed) for assert_failed
    stm32f10x_bkp.o(i.BKP_RTCOutputConfig) refers to main.o(i.assert_failed) for assert_failed
    stm32f10x_bkp.o(i.BKP_ReadBackupRegister) refers to main.o(i.assert_failed) for assert_failed
    stm32f10x_bkp.o(i.BKP_SetRTCCalibrationValue) refers to main.o(i.assert_failed) for assert_failed
    stm32f10x_bkp.o(i.BKP_TamperPinCmd) refers to main.o(i.assert_failed) for assert_failed
    stm32f10x_bkp.o(i.BKP_TamperPinLevelConfig) refers to main.o(i.assert_failed) for assert_failed
    stm32f10x_bkp.o(i.BKP_WriteBackupRegister) refers to main.o(i.assert_failed) for assert_failed
    stm32f10x_can.o(i.CAN_CancelTransmit) refers to main.o(i.assert_failed) for assert_failed
[...]
    printf8.o(i._printf_core) refers to printf8.o(i._printf_post_padding) for _printf_post_padding
    printfa.o(i.__0fprintf) refers (Special) to iusefp.o(.text) for __I$use$fp
    printfa.o(i.__0fprintf) refers to printfa.o(i._printf_core) for _printf_core
    printfa.o(i.__0fprintf) refers to fputc.o(i.fputc) for fputc
    printfa.o(i.__0printf) refers (Special) to iusefp.o(.text) for __I$use$fp
    printfa.o(i.__0printf) refers to printfa.o(i._printf_core) for _printf_core
    printfa.o(i.__0printf) refers to fputc.o(i.fputc) for fputc
    printfa.o(i.__0printf) refers to stdout.o(.data) for __stdout
    printfa.o(i.__0snprintf) refers (Special) to iusefp.o(.text) for __I$use$fp
    printfa.o(i.__0snprintf) refers to printfa.o(i._printf_core) for _printf_core
    printfa.o(i.__0snprintf) refers to printfa.o(i._snputc) for _snputc
    printfa.o(i.__0sprintf) refers (Special) to iusefp.o(.text) for __I$use$fp
    printfa.o(i.__0sprintf) refers to printfa.o(i._printf_core) for _printf_core
    printfa.o(i.__0sprintf) refers to printfa.o(i._sputc) for _sputc
    printfa.o(i.__0vfprintf) refers (Special) to iusefp.o(.text) for __I$use$fp
    printfa.o(i.__0vfprintf) refers to printfa.o(i._printf_core) for _printf_core
    printfa.o(i.__0vfprintf) refers to fputc.o(i.fputc) for fputc
    printfa.o(i.__0vprintf) refers (Special) to iusefp.o(.text) for __I$use$fp
    printfa.o(i.__0vprintf) refers to printfa.o(i._printf_core) for _printf_core
    printfa.o(i.__0vprintf) refers to fputc.o(i.fputc) for fputc
    printfa.o(i.__0vprintf) refers to stdout.o(.data) for __stdout
    printfa.o(i.__0vsnprintf) refers (Special) to iusefp.o(.text) for __I$use$fp
    printfa.o(i.__0vsnprintf) refers to printfa.o(i._printf_core) for _printf_core
    printfa.o(i.__0vsnprintf) refers to printfa.o(i._snputc) for _snputc
    printfa.o(i.__0vsprintf) refers (Special) to iusefp.o(.text) for __I$use$fp
    printfa.o(i.__0vsprintf) refers to printfa.o(i._printf_core) for _printf_core
    printfa.o(i.__0vsprintf) refers to printfa.o(i._sputc) for _sputc
    printfa.o(i._fp_digits) refers (Special) to iusefp.o(.text) for __I$use$fp
    printfa.o(i._fp_digits) refers to dmul.o(.text) for __aeabi_dmul
    printfa.o(i._fp_digits) refers to ddiv.o(.text) for __aeabi_ddiv
    printfa.o(i._fp_digits) refers to cdrcmple.o(.text) for __aeabi_cdrcmple
    printfa.o(i._fp_digits) refers to dadd.o(.text) for __aeabi_dadd
    printfa.o(i._fp_digits) refers to dfixul.o(.text) for __aeabi_d2ulz
    printfa.o(i._fp_digits) refers to uldiv.o(.text) for __aeabi_uldivmod
    printfa.o(i._printf_core) refers (Special) to iusefp.o(.text) for __I$use$fp
    printfa.o(i._printf_core) refers to printfa.o(i._printf_pre_padding) for _printf_pre_padding
    printfa.o(i._printf_core) refers to uldiv.o(.text) for __aeabi_uldivmod
    printfa.o(i._printf_core) refers to printfa.o(i._printf_post_padding) for _printf_post_padding
    printfa.o(i._printf_core) refers to printfa.o(i._fp_digits) for _fp_digits
    printfa.o(i._printf_core) refers to uidiv.o(.text) for __aeabi_uidivmod
    printfa.o(i._printf_post_padding) refers (Special) to iusefp.o(.text) for __I$use$fp
    printfa.o(i._printf_pre_padding) refers (Special) to iusefp.o(.text) for __I$use$fp
    printfa.o(i._snputc) refers (Special) to iusefp.o(.text) for __I$use$fp
    printfa.o(i._sputc) refers (Special) to iusefp.o(.text) for __I$use$fp
    dmul.o(.text) refers (Special) to iusefp.o(.text) for __I$use$fp
    dmul.o(.text) refers to depilogue.o(.text) for _double_epilogue
    dfltui.o(.text) refers (Special) to iusefp.o(.text) for __I$use$fp
    dfltui.o(.text) refers to depilogue.o(.text) for _double_epilogue
    dfixui.o(.text) refers (Special) to iusefp.o(.text) for __I$use$fp
    dfixui.o(.text) refers to llushr.o(.text) for __aeabi_llsr
    entry2.o(.ARM.Collect$$$$00000001) refers to entry2.o(.ARM.Collect$$$$00002712) for __lit__00000000
    entry2.o(.ARM.Collect$$$$00002712) refers to startup_stm32f10x_md.o(STACK) for __initial_sp
    entry2.o(__vectab_stack_and_reset_area) refers to startup_stm32f10x_md.o(STACK) for __initial_sp
    entry2.o(__vectab_stack_and_reset_area) refers to entry.o(.ARM.Collect$$$$00000000) for __main
    entry5.o(.ARM.Collect$$$$00000004) refers to init.o(.text) for __scatterload
    entry9a.o(.ARM.Collect$$$$0000000B) refers to main.o(i.main) for main
    entry9b.o(.ARM.Collect$$$$0000000C) refers to main.o(i.main) for main
    fputc.o(i.fputc) refers (Special) to iusesemip.o(.text) for __I$use$semihosting$fputc
    fputc.o(i.fputc) refers (Special) to semi.o(.text) for __semihosting_library_function
    uldiv.o(.text) refers to llushr.o(.text) for __aeabi_llsr
    uldiv.o(.text) refers to llshl.o(.text) for __aeabi_llsl
    depilogue.o(.text) refers to llshl.o(.text) for __aeabi_llsl
    depilogue.o(.text) refers to llushr.o(.text) for __aeabi_llsr
    dadd.o(.text) refers to llshl.o(.text) for __aeabi_llsl
    dadd.o(.text) refers to llsshr.o(.text) for __aeabi_lasr
    dadd.o(.text) refers to depilogue.o(.text) for _double_epilogue
    ddiv.o(.text) refers to depilogue.o(.text) for _double_round
    dfixul.o(.text) refers to llushr.o(.text) for __aeabi_llsr
    dfixul.o(.text) refers to llshl.o(.text) for __aeabi_llsl
    init.o(.text) refers to entry5.o(.ARM.Collect$$$$00000004) for __main_after_scatterload


==============================================================================

Removing Unused input sections from the image.

    Removing misc.o(i.NVIC_SetVectorTable), (76 bytes).
    Removing misc.o(i.NVIC_SystemLPConfig), (72 bytes).
    Removing stm32f10x_adc.o(i.ADC_AnalogWatchdogCmd), (140 bytes).
    Removing stm32f10x_adc.o(i.ADC_AnalogWatchdogSingleChannelConfig), (160 bytes).
    Removing stm32f10x_adc.o(i.ADC_AnalogWatchdogThresholdsConfig), (112 bytes).
    Removing stm32f10x_adc.o(i.ADC_AutoInjectedConvCmd), (100 bytes).
    Removing stm32f10x_adc.o(i.ADC_ClearFlag), (88 bytes).
    Removing stm32f10x_adc.o(i.ADC_ClearITPendingBit), (92 bytes).
    Removing stm32f10x_adc.o(i.ADC_Cmd), (100 bytes).
    Removing stm32f10x_adc.o(i.ADC_DMACmd), (92 bytes).
    Removing stm32f10x_adc.o(i.ADC_DeInit), (116 bytes).
    Removing stm32f10x_adc.o(i.ADC_DiscModeChannelCountConfig), (100 bytes).
    Removing stm32f10x_adc.o(i.ADC_DiscModeCmd), (100 bytes).
    Removing stm32f10x_adc.o(i.ADC_ExternalTrigConvCmd), (100 bytes).
    Removing stm32f10x_adc.o(i.ADC_ExternalTrigInjectedConvCmd), (100 bytes).
    Removing stm32f10x_adc.o(i.ADC_ExternalTrigInjectedConvConfig), (132 bytes).
    Removing stm32f10x_adc.o(i.ADC_GetCalibrationStatus), (80 bytes).
    Removing stm32f10x_adc.o(i.ADC_GetConversionValue), (72 bytes).
    Removing stm32f10x_adc.o(i.ADC_GetDualModeConversionValue), (12 bytes).
    Removing stm32f10x_adc.o(i.ADC_GetFlagStatus), (112 bytes).
    Removing stm32f10x_adc.o(i.ADC_GetITStatus), (120 bytes).
    Removing stm32f10x_adc.o(i.ADC_GetInjectedConversionValue), (108 bytes).
    Removing stm32f10x_adc.o(i.ADC_GetResetCalibrationStatus), (80 bytes).
    Removing stm32f10x_adc.o(i.ADC_GetSoftwareStartConvStatus), (80 bytes).
    Removing stm32f10x_adc.o(i.ADC_GetSoftwareStartInjectedConvCmdStatus), (80 bytes).
    Removing stm32f10x_adc.o(i.ADC_ITConfig), (120 bytes).
    Removing stm32f10x_adc.o(i.ADC_Init), (320 bytes).
    Removing stm32f10x_adc.o(i.ADC_InjectedChannelConfig), (284 bytes).
    Removing stm32f10x_adc.o(i.ADC_InjectedDiscModeCmd), (100 bytes).
    Removing stm32f10x_adc.o(i.ADC_InjectedSequencerLengthConfig), (100 bytes).
    Removing stm32f10x_adc.o(i.ADC_RegularChannelConfig), (328 bytes).
    Removing stm32f10x_adc.o(i.ADC_ResetCalibration), (76 bytes).
    Removing stm32f10x_adc.o(i.ADC_SetInjectedOffset), (124 bytes).
    Removing stm32f10x_adc.o(i.ADC_SoftwareStartConvCmd), (100 bytes).
    Removing stm32f10x_adc.o(i.ADC_SoftwareStartInjectedConvCmd), (100 bytes).
    Removing stm32f10x_adc.o(i.ADC_StartCalibration), (76 bytes).
    Removing stm32f10x_adc.o(i.ADC_StructInit), (18 bytes).
    Removing stm32f10x_adc.o(i.ADC_TempSensorVrefintCmd), (64 bytes).
    Removing stm32f10x_bkp.o(i.BKP_ClearFlag), (16 bytes).
    Removing stm32f10x_bkp.o(i.BKP_ClearITPendingBit), (16 bytes).
    Removing stm32f10x_bkp.o(i.BKP_DeInit), (18 bytes).
    Removing stm32f10x_bkp.o(i.BKP_GetFlagStatus), (12 bytes).
    Removing stm32f10x_bkp.o(i.BKP_GetITStatus), (12 bytes).
    Removing stm32f10x_bkp.o(i.BKP_ITConfig), (48 bytes).
    Removing stm32f10x_bkp.o(i.BKP_RTCOutputConfig), (68 bytes).
    Removing stm32f10x_bkp.o(i.BKP_ReadBackupRegister), (220 bytes).
    Removing stm32f10x_bkp.o(i.BKP_SetRTCCalibrationValue), (56 bytes).
    Removing stm32f10x_bkp.o(i.BKP_TamperPinCmd), (48 bytes).
    Removing stm32f10x_bkp.o(i.BKP_TamperPinLevelConfig), (48 bytes).
    Removing stm32f10x_bkp.o(i.BKP_WriteBackupRegister), (220 bytes).
    Removing stm32f10x_can.o(i.CAN_CancelTransmit), (108 bytes).
    Removing stm32f10x_can.o(i.CAN_ClearFlag), (196 bytes).
    Removing stm32f10x_can.o(i.CAN_ClearITPendingBit), (248 bytes).
    Removing stm32f10x_can.o(i.CAN_DBGFreeze), (92 bytes).
    Removing stm32f10x_can.o(i.CAN_DeInit), (88 bytes).
    Removing stm32f10x_can.o(i.CAN_FIFORelease), (92 bytes).
    Removing stm32f10x_can.o(i.CAN_FilterInit), (316 bytes).
    Removing stm32f10x_can.o(i.CAN_GetFlagStatus), (240 bytes).
    Removing stm32f10x_can.o(i.CAN_GetITStatus), (316 bytes).
    Removing stm32f10x_can.o(i.CAN_GetLSBTransmitErrorCounter), (64 bytes).
    Removing stm32f10x_can.o(i.CAN_GetLastErrorCode), (64 bytes).
    Removing stm32f10x_can.o(i.CAN_GetReceiveErrorCounter), (60 bytes).
    Removing stm32f10x_can.o(i.CAN_ITConfig), (168 bytes).
    Removing stm32f10x_can.o(i.CAN_Init), (476 bytes).
    Removing stm32f10x_can.o(i.CAN_MessagePending), (92 bytes).
    Removing stm32f10x_can.o(i.CAN_OperatingModeRequest), (212 bytes).
    Removing stm32f10x_can.o(i.CAN_Receive), (216 bytes).
    Removing stm32f10x_can.o(i.CAN_SlaveStartBank), (84 bytes).
    Removing stm32f10x_can.o(i.CAN_Sleep), (84 bytes).
    Removing stm32f10x_can.o(i.CAN_StructInit), (32 bytes).
    Removing stm32f10x_can.o(i.CAN_TTComModeCmd), (160 bytes).
    Removing stm32f10x_can.o(i.CAN_Transmit), (308 bytes).
    Removing stm32f10x_can.o(i.CAN_TransmitStatus), (180 bytes).
    Removing stm32f10x_can.o(i.CAN_WakeUp), (96 bytes).
    Removing stm32f10x_can.o(i.CheckITStatus), (12 bytes).
    Removing stm32f10x_cec.o(i.CEC_ClearFlag), (72 bytes).
    Removing stm32f10x_cec.o(i.CEC_ClearITPendingBit), (80 bytes).
    Removing stm32f10x_cec.o(i.CEC_Cmd), (64 bytes).
    Removing stm32f10x_cec.o(i.CEC_DeInit), (24 bytes).
    Removing stm32f10x_cec.o(i.CEC_EndOfMessageCmd), (52 bytes).
    Removing stm32f10x_cec.o(i.CEC_GetFlagStatus), (160 bytes).
    Removing stm32f10x_cec.o(i.CEC_GetITStatus), (84 bytes).
    Removing stm32f10x_cec.o(i.CEC_ITConfig), (48 bytes).
    Removing stm32f10x_cec.o(i.CEC_Init), (80 bytes).
    Removing stm32f10x_cec.o(i.CEC_OwnAddressConfig), (48 bytes).
    Removing stm32f10x_cec.o(i.CEC_ReceiveDataByte), (12 bytes).
    Removing stm32f10x_cec.o(i.CEC_SendDataByte), (12 bytes).
    Removing stm32f10x_cec.o(i.CEC_SetPrescaler), (48 bytes).
    Removing stm32f10x_cec.o(i.CEC_StartOfMessage), (16 bytes).
    Removing stm32f10x_crc.o(i.CRC_CalcBlockCRC), (28 bytes).
    Removing stm32f10x_crc.o(i.CRC_CalcCRC), (12 bytes).
    Removing stm32f10x_crc.o(i.CRC_GetCRC), (12 bytes).
    Removing stm32f10x_crc.o(i.CRC_GetIDRegister), (12 bytes).
    Removing stm32f10x_crc.o(i.CRC_ResetDR), (12 bytes).
    Removing stm32f10x_crc.o(i.CRC_SetIDRegister), (12 bytes).
    Removing stm32f10x_dac.o(i.DAC_Cmd), (84 bytes).
    Removing stm32f10x_dac.o(i.DAC_DMACmd), (84 bytes).
    Removing stm32f10x_dac.o(i.DAC_DeInit), (24 bytes).
    Removing stm32f10x_dac.o(i.DAC_DualSoftwareTriggerCmd), (64 bytes).
    Removing stm32f10x_dac.o(i.DAC_GetDataOutputValue), (68 bytes).
    Removing stm32f10x_dac.o(i.DAC_Init), (224 bytes).
    Removing stm32f10x_dac.o(i.DAC_SetChannel1Data), (88 bytes).
    Removing stm32f10x_dac.o(i.DAC_SetChannel2Data), (88 bytes).
    Removing stm32f10x_dac.o(i.DAC_SetDualChannelData), (112 bytes).
    Removing stm32f10x_dac.o(i.DAC_SoftwareTriggerCmd), (88 bytes).
    Removing stm32f10x_dac.o(i.DAC_StructInit), (12 bytes).
    Removing stm32f10x_dac.o(i.DAC_WaveGenerationCmd), (104 bytes).
    Removing stm32f10x_dbgmcu.o(i.DBGMCU_Config), (84 bytes).
    Removing stm32f10x_dbgmcu.o(i.DBGMCU_GetDEVID), (16 bytes).
    Removing stm32f10x_dbgmcu.o(i.DBGMCU_GetREVID), (12 bytes).
    Removing stm32f10x_dma.o(i.DMA_ClearFlag), (76 bytes).
    Removing stm32f10x_dma.o(i.DMA_ClearITPendingBit), (76 bytes).
    Removing stm32f10x_dma.o(i.DMA_Cmd), (172 bytes).
    Removing stm32f10x_dma.o(i.DMA_DeInit), (344 bytes).
    Removing stm32f10x_dma.o(i.DMA_GetCurrDataCounter), (140 bytes).
    Removing stm32f10x_dma.o(i.DMA_GetFlagStatus), (400 bytes).
    Removing stm32f10x_dma.o(i.DMA_GetITStatus), (400 bytes).
    Removing stm32f10x_dma.o(i.DMA_ITConfig), (188 bytes).
    Removing stm32f10x_dma.o(i.DMA_Init), (372 bytes).
    Removing stm32f10x_dma.o(i.DMA_SetCurrDataCounter), (140 bytes).
    Removing stm32f10x_dma.o(i.DMA_StructInit), (26 bytes).
    Removing stm32f10x_exti.o(i.EXTI_ClearFlag), (52 bytes).
    Removing stm32f10x_exti.o(i.EXTI_DeInit), (36 bytes).
    Removing stm32f10x_exti.o(i.EXTI_GenerateSWInterrupt), (56 bytes).
    Removing stm32f10x_exti.o(i.EXTI_GetFlagStatus), (160 bytes).
    Removing stm32f10x_exti.o(i.EXTI_StructInit), (14 bytes).
    Removing stm32f10x_flash.o(i.FLASH_ClearFlag), (56 bytes).
    Removing stm32f10x_flash.o(i.FLASH_EnableWriteProtection), (212 bytes).
    Removing stm32f10x_flash.o(i.FLASH_EraseAllBank1Pages), (56 bytes).
    Removing stm32f10x_flash.o(i.FLASH_EraseAllPages), (56 bytes).
    Removing stm32f10x_flash.o(i.FLASH_EraseOptionBytes), (124 bytes).
    Removing stm32f10x_flash.o(i.FLASH_ErasePage), (108 bytes).
    Removing stm32f10x_flash.o(i.FLASH_GetBank1Status), (40 bytes).
    Removing stm32f10x_flash.o(i.FLASH_GetFlagStatus), (80 bytes).
    Removing stm32f10x_flash.o(i.FLASH_GetPrefetchBufferStatus), (20 bytes).
    Removing stm32f10x_flash.o(i.FLASH_GetReadOutProtectionStatus), (20 bytes).
    Removing stm32f10x_flash.o(i.FLASH_GetStatus), (40 bytes).
    Removing stm32f10x_flash.o(i.FLASH_GetUserOptionByte), (12 bytes).
    Removing stm32f10x_flash.o(i.FLASH_GetWriteProtectionOptionByte), (12 bytes).
    Removing stm32f10x_flash.o(i.FLASH_HalfCycleAccessCmd), (68 bytes).
    Removing stm32f10x_flash.o(i.FLASH_ITConfig), (84 bytes).
    Removing stm32f10x_flash.o(i.FLASH_Lock), (16 bytes).
    Removing stm32f10x_flash.o(i.FLASH_LockBank1), (16 bytes).
    Removing stm32f10x_flash.o(i.FLASH_PrefetchBufferCmd), (68 bytes).
    Removing stm32f10x_flash.o(i.FLASH_ProgramHalfWord), (104 bytes).
    Removing stm32f10x_flash.o(i.FLASH_ProgramOptionByteData), (128 bytes).
    Removing stm32f10x_flash.o(i.FLASH_ProgramWord), (128 bytes).
    Removing stm32f10x_flash.o(i.FLASH_ReadOutProtection), (176 bytes).
    Removing stm32f10x_flash.o(i.FLASH_SetLatency), (68 bytes).
    Removing stm32f10x_flash.o(i.FLASH_Unlock), (24 bytes).
    Removing stm32f10x_flash.o(i.FLASH_UnlockBank1), (24 bytes).
    Removing stm32f10x_flash.o(i.FLASH_UserOptionByteConfig), (168 bytes).
    Removing stm32f10x_flash.o(i.FLASH_WaitForLastBank1Operation), (34 bytes).
    Removing stm32f10x_flash.o(i.FLASH_WaitForLastOperation), (34 bytes).
    Removing stm32f10x_fsmc.o(i.FSMC_ClearFlag), (112 bytes).
    Removing stm32f10x_fsmc.o(i.FSMC_ClearITPendingBit), (116 bytes).
    Removing stm32f10x_fsmc.o(i.FSMC_GetECC), (18 bytes).
    Removing stm32f10x_fsmc.o(i.FSMC_GetFlagStatus), (128 bytes).
    Removing stm32f10x_fsmc.o(i.FSMC_GetITStatus), (128 bytes).
    Removing stm32f10x_fsmc.o(i.FSMC_ITConfig), (168 bytes).
    Removing stm32f10x_fsmc.o(i.FSMC_NANDCmd), (124 bytes).
    Removing stm32f10x_fsmc.o(i.FSMC_NANDDeInit), (84 bytes).
    Removing stm32f10x_fsmc.o(i.FSMC_NANDECCCmd), (124 bytes).
    Removing stm32f10x_fsmc.o(i.FSMC_NANDInit), (428 bytes).
    Removing stm32f10x_fsmc.o(i.FSMC_NANDStructInit), (54 bytes).
    Removing stm32f10x_fsmc.o(i.FSMC_NORSRAMDeInit), (84 bytes).
    Removing stm32f10x_fsmc.o(i.FSMC_NORSRAMStructInit), (98 bytes).
    Removing stm32f10x_fsmc.o(i.FSMC_PCCARDCmd), (72 bytes).
    Removing stm32f10x_fsmc.o(i.FSMC_PCCARDDeInit), (26 bytes).
    Removing stm32f10x_fsmc.o(i.FSMC_PCCARDInit), (396 bytes).
    Removing stm32f10x_fsmc.o(i.FSMC_PCCARDStructInit), (60 bytes).
    Removing stm32f10x_gpio.o(i.GPIO_AFIODeInit), (22 bytes).
    Removing stm32f10x_gpio.o(i.GPIO_DeInit), (256 bytes).
    Removing stm32f10x_gpio.o(i.GPIO_ETH_MediaInterfaceConfig), (56 bytes).
    Removing stm32f10x_gpio.o(i.GPIO_EventOutputCmd), (56 bytes).
    Removing stm32f10x_gpio.o(i.GPIO_EventOutputConfig), (156 bytes).
    Removing stm32f10x_gpio.o(i.GPIO_PinLockConfig), (140 bytes).
    Removing stm32f10x_gpio.o(i.GPIO_ReadInputData), (116 bytes).
    Removing stm32f10x_gpio.o(i.GPIO_ReadInputDataBit), (216 bytes).
    Removing stm32f10x_gpio.o(i.GPIO_ReadOutputData), (116 bytes).
    Removing stm32f10x_gpio.o(i.GPIO_ReadOutputDataBit), (216 bytes).
    Removing stm32f10x_gpio.o(i.GPIO_StructInit), (16 bytes).
    Removing stm32f10x_gpio.o(i.GPIO_Write), (116 bytes).
    Removing stm32f10x_gpio.o(i.GPIO_WriteBit), (228 bytes).
    Removing stm32f10x_i2c.o(i.I2C_ARPCmd), (92 bytes).
    Removing stm32f10x_i2c.o(i.I2C_AcknowledgeConfig), (92 bytes).
    Removing stm32f10x_i2c.o(i.I2C_CalculatePEC), (92 bytes).
    Removing stm32f10x_i2c.o(i.I2C_CheckEvent), (240 bytes).
    Removing stm32f10x_i2c.o(i.I2C_ClearFlag), (84 bytes).
    Removing stm32f10x_i2c.o(i.I2C_ClearITPendingBit), (84 bytes).
    Removing stm32f10x_i2c.o(i.I2C_Cmd), (92 bytes).
    Removing stm32f10x_i2c.o(i.I2C_DMACmd), (92 bytes).
    Removing stm32f10x_i2c.o(i.I2C_DMALastTransferCmd), (92 bytes).
    Removing stm32f10x_i2c.o(i.I2C_DeInit), (88 bytes).
    Removing stm32f10x_i2c.o(i.I2C_DualAddressCmd), (92 bytes).
    Removing stm32f10x_i2c.o(i.I2C_FastModeDutyCycleConfig), (100 bytes).
    Removing stm32f10x_i2c.o(i.I2C_GeneralCallCmd), (92 bytes).
    Removing stm32f10x_i2c.o(i.I2C_GenerateSTART), (92 bytes).
    Removing stm32f10x_i2c.o(i.I2C_GenerateSTOP), (92 bytes).
    Removing stm32f10x_i2c.o(i.I2C_GetFlagStatus), (276 bytes).
    Removing stm32f10x_i2c.o(i.I2C_GetITStatus), (220 bytes).
    Removing stm32f10x_i2c.o(i.I2C_GetLastEvent), (68 bytes).
    Removing stm32f10x_i2c.o(i.I2C_GetPEC), (60 bytes).
    Removing stm32f10x_i2c.o(i.I2C_ITConfig), (108 bytes).
    Removing stm32f10x_i2c.o(i.I2C_Init), (356 bytes).
    Removing stm32f10x_i2c.o(i.I2C_NACKPositionConfig), (100 bytes).
    Removing stm32f10x_i2c.o(i.I2C_OwnAddress2Config), (72 bytes).
    Removing stm32f10x_i2c.o(i.I2C_PECPositionConfig), (100 bytes).
    Removing stm32f10x_i2c.o(i.I2C_ReadRegister), (112 bytes).
    Removing stm32f10x_i2c.o(i.I2C_ReceiveData), (60 bytes).
    Removing stm32f10x_i2c.o(i.I2C_SMBusAlertConfig), (100 bytes).
    Removing stm32f10x_i2c.o(i.I2C_Send7bitAddress), (88 bytes).
    Removing stm32f10x_i2c.o(i.I2C_SendData), (60 bytes).
    Removing stm32f10x_i2c.o(i.I2C_SoftwareResetCmd), (92 bytes).
    Removing stm32f10x_i2c.o(i.I2C_StretchClockCmd), (92 bytes).
    Removing stm32f10x_i2c.o(i.I2C_StructInit), (28 bytes).
    Removing stm32f10x_i2c.o(i.I2C_TransmitPEC), (92 bytes).
    Removing stm32f10x_iwdg.o(i.IWDG_Enable), (16 bytes).
    Removing stm32f10x_iwdg.o(i.IWDG_GetFlagStatus), (64 bytes).
    Removing stm32f10x_iwdg.o(i.IWDG_ReloadCounter), (16 bytes).
    Removing stm32f10x_iwdg.o(i.IWDG_SetPrescaler), (72 bytes).
    Removing stm32f10x_iwdg.o(i.IWDG_SetReload), (52 bytes).
    Removing stm32f10x_iwdg.o(i.IWDG_WriteAccessCmd), (56 bytes).
    Removing stm32f10x_pwr.o(i.PWR_BackupAccessCmd), (48 bytes).
    Removing stm32f10x_pwr.o(i.PWR_ClearFlag), (60 bytes).
    Removing stm32f10x_pwr.o(i.PWR_DeInit), (24 bytes).
    Removing stm32f10x_pwr.o(i.PWR_EnterSTANDBYMode), (40 bytes).
    Removing stm32f10x_pwr.o(i.PWR_EnterSTOPMode), (108 bytes).
    Removing stm32f10x_pwr.o(i.PWR_GetFlagStatus), (68 bytes).
    Removing stm32f10x_pwr.o(i.PWR_PVDCmd), (48 bytes).
    Removing stm32f10x_pwr.o(i.PWR_PVDLevelConfig), (80 bytes).
    Removing stm32f10x_pwr.o(i.PWR_WakeUpPinCmd), (52 bytes).
    Removing stm32f10x_rcc.o(i.RCC_ADCCLKConfig), (72 bytes).
    Removing stm32f10x_rcc.o(i.RCC_APB1PeriphClockCmd), (84 bytes).
    Removing stm32f10x_rcc.o(i.RCC_APB1PeriphResetCmd), (84 bytes).
    Removing stm32f10x_rcc.o(i.RCC_APB2PeriphResetCmd), (84 bytes).
    Removing stm32f10x_rcc.o(i.RCC_AdjustHSICalibrationValue), (60 bytes).
    Removing stm32f10x_rcc.o(i.RCC_BackupResetCmd), (52 bytes).
    Removing stm32f10x_rcc.o(i.RCC_ClearFlag), (16 bytes).
    Removing stm32f10x_rcc.o(i.RCC_ClearITPendingBit), (52 bytes).
    Removing stm32f10x_rcc.o(i.RCC_ClockSecuritySystemCmd), (52 bytes).
    Removing stm32f10x_rcc.o(i.RCC_DeInit), (64 bytes).
    Removing stm32f10x_rcc.o(i.RCC_GetClocksFreq), (148 bytes).
    Removing stm32f10x_rcc.o(i.RCC_GetFlagStatus), (124 bytes).
    Removing stm32f10x_rcc.o(i.RCC_GetITStatus), (80 bytes).
    Removing stm32f10x_rcc.o(i.RCC_GetSYSCLKSource), (16 bytes).
    Removing stm32f10x_rcc.o(i.RCC_HCLKConfig), (88 bytes).
    Removing stm32f10x_rcc.o(i.RCC_HSEConfig), (100 bytes).
    Removing stm32f10x_rcc.o(i.RCC_HSICmd), (52 bytes).
    Removing stm32f10x_rcc.o(i.RCC_ITConfig), (80 bytes).
    Removing stm32f10x_rcc.o(i.RCC_LSEConfig), (80 bytes).
    Removing stm32f10x_rcc.o(i.RCC_LSICmd), (52 bytes).
    Removing stm32f10x_rcc.o(i.RCC_MCOConfig), (64 bytes).
    Removing stm32f10x_rcc.o(i.RCC_PCLK1Config), (80 bytes).
    Removing stm32f10x_rcc.o(i.RCC_PCLK2Config), (80 bytes).
    Removing stm32f10x_rcc.o(i.RCC_PLLCmd), (52 bytes).
    Removing stm32f10x_rcc.o(i.RCC_PLLConfig), (168 bytes).
    Removing stm32f10x_rcc.o(i.RCC_RTCCLKCmd), (52 bytes).
    Removing stm32f10x_rcc.o(i.RCC_RTCCLKConfig), (68 bytes).
    Removing stm32f10x_rcc.o(i.RCC_SYSCLKConfig), (64 bytes).
    Removing stm32f10x_rcc.o(i.RCC_USBCLKConfig), (52 bytes).
    Removing stm32f10x_rcc.o(i.RCC_WaitForHSEStartUp), (44 bytes).
    Removing stm32f10x_rcc.o(.data), (20 bytes).
    Removing stm32f10x_rtc.o(i.RTC_ClearFlag), (56 bytes).
    Removing stm32f10x_rtc.o(i.RTC_ClearITPendingBit), (56 bytes).
    Removing stm32f10x_rtc.o(i.RTC_EnterConfigMode), (16 bytes).
    Removing stm32f10x_rtc.o(i.RTC_ExitConfigMode), (16 bytes).
    Removing stm32f10x_rtc.o(i.RTC_GetCounter), (20 bytes).
    Removing stm32f10x_rtc.o(i.RTC_GetDivider), (24 bytes).
    Removing stm32f10x_rtc.o(i.RTC_GetFlagStatus), (72 bytes).
    Removing stm32f10x_rtc.o(i.RTC_GetITStatus), (80 bytes).
    Removing stm32f10x_rtc.o(i.RTC_ITConfig), (76 bytes).
    Removing stm32f10x_rtc.o(i.RTC_SetAlarm), (32 bytes).
    Removing stm32f10x_rtc.o(i.RTC_SetCounter), (32 bytes).
    Removing stm32f10x_rtc.o(i.RTC_SetPrescaler), (68 bytes).
    Removing stm32f10x_rtc.o(i.RTC_WaitForLastTask), (16 bytes).
    Removing stm32f10x_rtc.o(i.RTC_WaitForSynchro), (24 bytes).
    Removing stm32f10x_sdio.o(i.SDIO_CEATAITCmd), (60 bytes).
    Removing stm32f10x_sdio.o(i.SDIO_ClearFlag), (60 bytes).
    Removing stm32f10x_sdio.o(i.SDIO_ClearITPendingBit), (60 bytes).
    Removing stm32f10x_sdio.o(i.SDIO_ClockCmd), (56 bytes).
    Removing stm32f10x_sdio.o(i.SDIO_CmdStructInit), (14 bytes).
    Removing stm32f10x_sdio.o(i.SDIO_CommandCompletionCmd), (56 bytes).
    Removing stm32f10x_sdio.o(i.SDIO_DMACmd), (56 bytes).
    Removing stm32f10x_sdio.o(i.SDIO_DataConfig), (212 bytes).
    Removing stm32f10x_sdio.o(i.SDIO_DataStructInit), (20 bytes).
    Removing stm32f10x_sdio.o(i.SDIO_DeInit), (36 bytes).
    Removing stm32f10x_sdio.o(i.SDIO_GetCommandResponse), (12 bytes).
    Removing stm32f10x_sdio.o(i.SDIO_GetDataCounter), (12 bytes).
    Removing stm32f10x_sdio.o(i.SDIO_GetFIFOCount), (12 bytes).
    Removing stm32f10x_sdio.o(i.SDIO_GetFlagStatus), (188 bytes).
    Removing stm32f10x_sdio.o(i.SDIO_GetITStatus), (188 bytes).
    Removing stm32f10x_sdio.o(i.SDIO_GetPowerState), (16 bytes).
    Removing stm32f10x_sdio.o(i.SDIO_GetResponse), (72 bytes).
    Removing stm32f10x_sdio.o(i.SDIO_ITConfig), (84 bytes).
    Removing stm32f10x_sdio.o(i.SDIO_Init), (168 bytes).
    Removing stm32f10x_sdio.o(i.SDIO_ReadData), (12 bytes).
    Removing stm32f10x_sdio.o(i.SDIO_SendCEATACmd), (56 bytes).
    Removing stm32f10x_sdio.o(i.SDIO_SendCommand), (148 bytes).
    Removing stm32f10x_sdio.o(i.SDIO_SendSDIOSuspendCmd), (56 bytes).
    Removing stm32f10x_sdio.o(i.SDIO_SetPowerState), (64 bytes).
    Removing stm32f10x_sdio.o(i.SDIO_SetSDIOOperation), (56 bytes).
    Removing stm32f10x_sdio.o(i.SDIO_SetSDIOReadWaitMode), (56 bytes).
    Removing stm32f10x_sdio.o(i.SDIO_StartSDIOReadWait), (56 bytes).
    Removing stm32f10x_sdio.o(i.SDIO_StopSDIOReadWait), (56 bytes).
    Removing stm32f10x_sdio.o(i.SDIO_StructInit), (16 bytes).
    Removing stm32f10x_sdio.o(i.SDIO_WriteData), (12 bytes).
    Removing stm32f10x_spi.o(i.I2S_Cmd), (92 bytes).
    Removing stm32f10x_spi.o(i.I2S_Init), (360 bytes).
    Removing stm32f10x_spi.o(i.I2S_StructInit), (18 bytes).
    Removing stm32f10x_spi.o(i.SPI_BiDirectionalLineConfig), (116 bytes).
    Removing stm32f10x_spi.o(i.SPI_CalculateCRC), (100 bytes).
    Removing stm32f10x_spi.o(i.SPI_DataSizeConfig), (100 bytes).
    Removing stm32f10x_spi.o(i.SPI_GetCRC), (92 bytes).
    Removing stm32f10x_spi.o(i.SPI_GetCRCPolynomial), (68 bytes).
    Removing stm32f10x_spi.o(i.SPI_I2S_ClearFlag), (88 bytes).
    Removing stm32f10x_spi.o(i.SPI_I2S_ClearITPendingBit), (96 bytes).
    Removing stm32f10x_spi.o(i.SPI_I2S_DMACmd), (116 bytes).
    Removing stm32f10x_spi.o(i.SPI_I2S_DeInit), (132 bytes).
    Removing stm32f10x_spi.o(i.SPI_I2S_GetITStatus), (140 bytes).
    Removing stm32f10x_spi.o(i.SPI_I2S_ITConfig), (128 bytes).
    Removing stm32f10x_spi.o(i.SPI_NSSInternalSoftwareConfig), (112 bytes).
    Removing stm32f10x_spi.o(i.SPI_SSOutputCmd), (100 bytes).
    Removing stm32f10x_spi.o(i.SPI_StructInit), (24 bytes).
    Removing stm32f10x_spi.o(i.SPI_TransmitCRC), (76 bytes).
    Removing stm32f10x_tim.o(i.TI1_Config), (108 bytes).
    Removing stm32f10x_tim.o(i.TI2_Config), (124 bytes).
    Removing stm32f10x_tim.o(i.TIM_ARRPreloadConfig), (236 bytes).
    Removing stm32f10x_tim.o(i.TIM_BDTRConfig), (252 bytes).
    Removing stm32f10x_tim.o(i.TIM_BDTRStructInit), (18 bytes).
    Removing stm32f10x_tim.o(i.TIM_CCPreloadControl), (136 bytes).
    Removing stm32f10x_tim.o(i.TIM_CCxCmd), (244 bytes).
    Removing stm32f10x_tim.o(i.TIM_CCxNCmd), (144 bytes).
    Removing stm32f10x_tim.o(i.TIM_ClearFlag), (228 bytes).
    Removing stm32f10x_tim.o(i.TIM_ClearITPendingBit), (224 bytes).
    Removing stm32f10x_tim.o(i.TIM_ClearOC1Ref), (120 bytes).
    Removing stm32f10x_tim.o(i.TIM_ClearOC2Ref), (128 bytes).
    Removing stm32f10x_tim.o(i.TIM_ClearOC3Ref), (120 bytes).
    Removing stm32f10x_tim.o(i.TIM_ClearOC4Ref), (128 bytes).
    Removing stm32f10x_tim.o(i.TIM_Cmd), (236 bytes).
    Removing stm32f10x_tim.o(i.TIM_CounterModeConfig), (132 bytes).
    Removing stm32f10x_tim.o(i.TIM_CtrlPWMOutputs), (124 bytes).
    Removing stm32f10x_tim.o(i.TIM_DMACmd), (192 bytes).
    Removing stm32f10x_tim.o(i.TIM_DMAConfig), (332 bytes).
    Removing stm32f10x_tim.o(i.TIM_DeInit), (500 bytes).
    Removing stm32f10x_tim.o(i.TIM_ETRClockMode1Config), (184 bytes).
    Removing stm32f10x_tim.o(i.TIM_ETRClockMode2Config), (184 bytes).
    Removing stm32f10x_tim.o(i.TIM_ETRConfig), (184 bytes).
    Removing stm32f10x_tim.o(i.TIM_EncoderInterfaceConfig), (212 bytes).
    Removing stm32f10x_tim.o(i.TIM_ForcedOC1Config), (212 bytes).
    Removing stm32f10x_tim.o(i.TIM_ForcedOC2Config), (160 bytes).
    Removing stm32f10x_tim.o(i.TIM_ForcedOC3Config), (124 bytes).
    Removing stm32f10x_tim.o(i.TIM_ForcedOC4Config), (132 bytes).
    Removing stm32f10x_tim.o(i.TIM_GenerateEvent), (224 bytes).
    Removing stm32f10x_tim.o(i.TIM_GetCapture1), (184 bytes).
    Removing stm32f10x_tim.o(i.TIM_GetCapture2), (124 bytes).
    Removing stm32f10x_tim.o(i.TIM_GetCapture3), (96 bytes).
    Removing stm32f10x_tim.o(i.TIM_GetCapture4), (96 bytes).
    Removing stm32f10x_tim.o(i.TIM_GetCounter), (204 bytes).
    Removing stm32f10x_tim.o(i.TIM_GetFlagStatus), (284 bytes).
    Removing stm32f10x_tim.o(i.TIM_GetITStatus), (268 bytes).
    Removing stm32f10x_tim.o(i.TIM_GetPrescaler), (204 bytes).
    Removing stm32f10x_tim.o(i.TIM_ICInit), (756 bytes).
    Removing stm32f10x_tim.o(i.TIM_ICStructInit), (16 bytes).
    Removing stm32f10x_tim.o(i.TIM_ITConfig), (252 bytes).
    Removing stm32f10x_tim.o(i.TIM_ITRxExternalClockConfig), (164 bytes).
    Removing stm32f10x_tim.o(i.TIM_InternalClockConfig), (132 bytes).
    Removing stm32f10x_tim.o(i.TIM_OC1FastConfig), (212 bytes).
    Removing stm32f10x_tim.o(i.TIM_OC1Init), (440 bytes).
    Removing stm32f10x_tim.o(i.TIM_OC1NPolarityConfig), (116 bytes).
    Removing stm32f10x_tim.o(i.TIM_OC1PolarityConfig), (212 bytes).
    Removing stm32f10x_tim.o(i.TIM_OC1PreloadConfig), (212 bytes).
    Removing stm32f10x_tim.o(i.TIM_OC2FastConfig), (160 bytes).
    Removing stm32f10x_tim.o(i.TIM_OC2Init), (396 bytes).
    Removing stm32f10x_tim.o(i.TIM_OC2NPolarityConfig), (92 bytes).
    Removing stm32f10x_tim.o(i.TIM_OC2PolarityConfig), (160 bytes).
    Removing stm32f10x_tim.o(i.TIM_OC2PreloadConfig), (160 bytes).
    Removing stm32f10x_tim.o(i.TIM_OC3FastConfig), (120 bytes).
    Removing stm32f10x_tim.o(i.TIM_OC3Init), (360 bytes).
    Removing stm32f10x_tim.o(i.TIM_OC3NPolarityConfig), (92 bytes).
    Removing stm32f10x_tim.o(i.TIM_OC3PolarityConfig), (128 bytes).
    Removing stm32f10x_tim.o(i.TIM_OC3PreloadConfig), (120 bytes).
    Removing stm32f10x_tim.o(i.TIM_OC4FastConfig), (128 bytes).
    Removing stm32f10x_tim.o(i.TIM_OC4Init), (280 bytes).
    Removing stm32f10x_tim.o(i.TIM_OC4PolarityConfig), (128 bytes).
    Removing stm32f10x_tim.o(i.TIM_OC4PreloadConfig), (128 bytes).
    Removing stm32f10x_tim.o(i.TIM_OCStructInit), (20 bytes).
    Removing stm32f10x_tim.o(i.TIM_PWMIConfig), (224 bytes).
    Removing stm32f10x_tim.o(i.TIM_PrescalerConfig), (228 bytes).
    Removing stm32f10x_tim.o(i.TIM_SelectCCDMA), (156 bytes).
    Removing stm32f10x_tim.o(i.TIM_SelectCOM), (120 bytes).
    Removing stm32f10x_tim.o(i.TIM_SelectHallSensor), (156 bytes).
    Removing stm32f10x_tim.o(i.TIM_SelectInputTrigger), (176 bytes).
    Removing stm32f10x_tim.o(i.TIM_SelectMasterSlaveMode), (156 bytes).
    Removing stm32f10x_tim.o(i.TIM_SelectOCxM), (320 bytes).
    Removing stm32f10x_tim.o(i.TIM_SelectOnePulseMode), (236 bytes).
    Removing stm32f10x_tim.o(i.TIM_SelectOutputTrigger), (200 bytes).
    Removing stm32f10x_tim.o(i.TIM_SelectSlaveMode), (164 bytes).
    Removing stm32f10x_tim.o(i.TIM_SetAutoreload), (208 bytes).
    Removing stm32f10x_tim.o(i.TIM_SetClockDivision), (224 bytes).
    Removing stm32f10x_tim.o(i.TIM_SetCompare1), (188 bytes).
    Removing stm32f10x_tim.o(i.TIM_SetCompare2), (128 bytes).
    Removing stm32f10x_tim.o(i.TIM_SetCompare3), (96 bytes).
    Removing stm32f10x_tim.o(i.TIM_SetCompare4), (100 bytes).
    Removing stm32f10x_tim.o(i.TIM_SetCounter), (208 bytes).
    Removing stm32f10x_tim.o(i.TIM_SetIC1Prescaler), (224 bytes).
    Removing stm32f10x_tim.o(i.TIM_SetIC2Prescaler), (172 bytes).
    Removing stm32f10x_tim.o(i.TIM_SetIC3Prescaler), (132 bytes).
    Removing stm32f10x_tim.o(i.TIM_SetIC4Prescaler), (140 bytes).
    Removing stm32f10x_tim.o(i.TIM_TIxExternalClockConfig), (224 bytes).
    Removing stm32f10x_tim.o(i.TIM_TimeBaseInit), (364 bytes).
    Removing stm32f10x_tim.o(i.TIM_TimeBaseStructInit), (18 bytes).
    Removing stm32f10x_tim.o(i.TIM_UpdateDisableConfig), (236 bytes).
    Removing stm32f10x_tim.o(i.TIM_UpdateRequestConfig), (236 bytes).
    Removing stm32f10x_usart.o(i.USART_ClearFlag), (148 bytes).
    Removing stm32f10x_usart.o(i.USART_ClearITPendingBit), (180 bytes).
    Removing stm32f10x_usart.o(i.USART_ClockInit), (180 bytes).
    Removing stm32f10x_usart.o(i.USART_ClockStructInit), (12 bytes).
    Removing stm32f10x_usart.o(i.USART_Cmd), (124 bytes).
    Removing stm32f10x_usart.o(i.USART_DMACmd), (140 bytes).
    Removing stm32f10x_usart.o(i.USART_DeInit), (180 bytes).
    Removing stm32f10x_usart.o(i.USART_GetFlagStatus), (184 bytes).
    Removing stm32f10x_usart.o(i.USART_GetITStatus), (268 bytes).
    Removing stm32f10x_usart.o(i.USART_HalfDuplexCmd), (124 bytes).
    Removing stm32f10x_usart.o(i.USART_ITConfig), (256 bytes).
    Removing stm32f10x_usart.o(i.USART_Init), (420 bytes).
    Removing stm32f10x_usart.o(i.USART_IrDACmd), (124 bytes).
    Removing stm32f10x_usart.o(i.USART_IrDAConfig), (124 bytes).
    Removing stm32f10x_usart.o(i.USART_LINBreakDetectLengthConfig), (124 bytes).
    Removing stm32f10x_usart.o(i.USART_LINCmd), (124 bytes).
    Removing stm32f10x_usart.o(i.USART_OneBitMethodCmd), (124 bytes).
    Removing stm32f10x_usart.o(i.USART_OverSampling8Cmd), (124 bytes).
    Removing stm32f10x_usart.o(i.USART_ReceiveData), (96 bytes).
    Removing stm32f10x_usart.o(i.USART_ReceiverWakeUpCmd), (124 bytes).
    Removing stm32f10x_usart.o(i.USART_SendBreak), (100 bytes).
    Removing stm32f10x_usart.o(i.USART_SendData), (116 bytes).
    Removing stm32f10x_usart.o(i.USART_SetAddress), (120 bytes).
    Removing stm32f10x_usart.o(i.USART_SetGuardTime), (88 bytes).
    Removing stm32f10x_usart.o(i.USART_SetPrescaler), (108 bytes).
    Removing stm32f10x_usart.o(i.USART_SmartCardCmd), (104 bytes).
    Removing stm32f10x_usart.o(i.USART_SmartCardNACKCmd), (104 bytes).
    Removing stm32f10x_usart.o(i.USART_StructInit), (22 bytes).
    Removing stm32f10x_usart.o(i.USART_WakeUpConfig), (124 bytes).
    Removing stm32f10x_wwdg.o(i.WWDG_ClearFlag), (12 bytes).
    Removing stm32f10x_wwdg.o(i.WWDG_DeInit), (24 bytes).
    Removing stm32f10x_wwdg.o(i.WWDG_Enable), (56 bytes).
    Removing stm32f10x_wwdg.o(i.WWDG_EnableIT), (16 bytes).
    Removing stm32f10x_wwdg.o(i.WWDG_GetFlagStatus), (12 bytes).
    Removing stm32f10x_wwdg.o(i.WWDG_SetCounter), (56 bytes).
    Removing stm32f10x_wwdg.o(i.WWDG_SetPrescaler), (72 bytes).
    Removing stm32f10x_wwdg.o(i.WWDG_SetWindowValue), (72 bytes).
    Removing startup_stm32f10x_md.o(HEAP), (512 bytes).
    Removing main.o(i.camera_refresh), (156 bytes).
    Removing main.o(.data), (14 bytes).
    Removing main.o(.data), (4 bytes).
    Removing main.o(.data), (4 bytes).
    Removing main.o(.data), (1 bytes).
    Removing system_stm32f10x.o(i.SystemCoreClockUpdate), (104 bytes).
    Removing bsp_spi_nrf.o(i.NRF_RX_Mode), (92 bytes).
    Removing bsp_spi_nrf.o(i.NRF_Rx_Dat), (84 bytes).
    Removing bsp_spi_nrf.o(i.NRF_Tx_Dat), (92 bytes).
    Removing bsp_spi_nrf.o(i.SPI_NRF_ReadReg), (52 bytes).
    Removing bsp_spi_nrf.o(.data), (4 bytes).
    Removing bsp_spi_nrf.o(.data), (4 bytes).
    Removing lcd.o(i.LCD_BGR2RGB), (18 bytes).
    Removing lcd.o(i.LCD_Color_Fill), (88 bytes).
    Removing lcd.o(i.LCD_DisplayOff), (76 bytes).
    Removing lcd.o(i.LCD_DisplayOn), (76 bytes).
    Removing lcd.o(i.LCD_DrawLine), (150 bytes).
    Removing lcd.o(i.LCD_DrawPoint), (28 bytes).
    Removing lcd.o(i.LCD_DrawRectangle), (56 bytes).
    Removing lcd.o(i.LCD_Draw_Circle), (176 bytes).
    Removing lcd.o(i.LCD_Pow), (16 bytes).
    Removing lcd.o(i.LCD_ReadPoint), (268 bytes).
    Removing lcd.o(i.LCD_Set_Window), (380 bytes).
    Removing lcd.o(i.LCD_ShowNum), (118 bytes).
    Removing lcd.o(i.LCD_ShowxNum), (134 bytes).
    Removing lcd.o(i.LCD_WR_DATA), (12 bytes).
    Removing lcd.o(i.LCD_WR_REG), (12 bytes).
    Removing lcd.o(i.LCD_WriteRAM), (12 bytes).
    Removing lcd.o(i.opt_delay), (8 bytes).
    Removing sys.o(.emb_text), (6 bytes).
    Removing sys.o(i.INTX_DISABLE), (4 bytes).
    Removing sys.o(i.INTX_ENABLE), (4 bytes).
    Removing sys.o(i.WFI_SET), (4 bytes).
    Removing dadd.o(.text), (334 bytes).
    Removing ddiv.o(.text), (222 bytes).
    Removing dfixul.o(.text), (48 bytes).
    Removing cdrcmple.o(.text), (48 bytes).

489 unused section(s) (total 55349 bytes) removed from the image.

==============================================================================

Image Symbol Table

    Local Symbols

    Symbol Name                              Value     Ov Type        Size  Object(Section)

    ../clib/microlib/division.c              0x00000000   Number         0  uldiv.o ABSOLUTE
    ../clib/microlib/division.c              0x00000000   Number         0  uidiv.o ABSOLUTE
    ../clib/microlib/init/entry.s            0x00000000   Number         0  entry7a.o ABSOLUTE
    ../clib/microlib/init/entry.s            0x00000000   Number         0  entry7b.o ABSOLUTE
    ../clib/microlib/init/entry.s            0x00000000   Number         0  entry9a.o ABSOLUTE
    ../clib/microlib/init/entry.s            0x00000000   Number         0  entry10a.o ABSOLUTE
    ../clib/microlib/init/entry.s            0x00000000   Number         0  entry9b.o ABSOLUTE
    ../clib/microlib/init/entry.s            0x00000000   Number         0  entry5.o ABSOLUTE
    ../clib/microlib/init/entry.s            0x00000000   Number         0  entry2.o ABSOLUTE
    ../clib/microlib/init/entry.s            0x00000000   Number         0  entry8a.o ABSOLUTE
    ../clib/microlib/init/entry.s            0x00000000   Number         0  entry8b.o ABSOLUTE
    ../clib/microlib/init/entry.s            0x00000000   Number         0  entry.o ABSOLUTE
    ../clib/microlib/init/entry.s            0x00000000   Number         0  entry10b.o ABSOLUTE
    ../clib/microlib/init/entry.s            0x00000000   Number         0  entry11b.o ABSOLUTE
    ../clib/microlib/init/entry.s            0x00000000   Number         0  entry11a.o ABSOLUTE
    ../clib/microlib/longlong.c              0x00000000   Number         0  llushr.o ABSOLUTE
    ../clib/microlib/longlong.c              0x00000000   Number         0  llsshr.o ABSOLUTE
    ../clib/microlib/longlong.c              0x00000000   Number         0  llshl.o ABSOLUTE
    ../clib/microlib/printf/printf.c         0x00000000   Number         0  printf4.o ABSOLUTE
    ../clib/microlib/printf/printf.c         0x00000000   Number         0  printf5.o ABSOLUTE
    ../clib/microlib/printf/printf.c         0x00000000   Number         0  printfa.o ABSOLUTE
    ../clib/microlib/printf/printf.c         0x00000000   Number         0  printf6.o ABSOLUTE
    ../clib/microlib/printf/printf.c         0x00000000   Number         0  printfb.o ABSOLUTE
    ../clib/microlib/printf/printf.c         0x00000000   Number         0  printf0.o ABSOLUTE
    ../clib/microlib/printf/printf.c         0x00000000   Number         0  printf1.o ABSOLUTE
    ../clib/microlib/printf/printf.c         0x00000000   Number         0  printf2.o ABSOLUTE
    ../clib/microlib/printf/printf.c         0x00000000   Number         0  printf7.o ABSOLUTE
    ../clib/microlib/printf/printf.c         0x00000000   Number         0  printf3.o ABSOLUTE
    ../clib/microlib/printf/printf.c         0x00000000   Number         0  printf8.o ABSOLUTE
    ../clib/microlib/printf/stubs.s          0x00000000   Number         0  stubs.o ABSOLUTE
    ../clib/microlib/stdio/fputc.c           0x00000000   Number         0  fputc.o ABSOLUTE
    ../clib/microlib/stdio/semi.s            0x00000000   Number         0  semi.o ABSOLUTE
    ../clib/microlib/stdio/streams.c         0x00000000   Number         0  stdout.o ABSOLUTE
    ../clib/microlib/stubs.s                 0x00000000   Number         0  iusefp.o ABSOLUTE
    ../clib/microlib/stubs.s                 0x00000000   Number         0  iusesemip.o ABSOLUTE
    ../fplib/microlib/fpadd.c                0x00000000   Number         0  dadd.o ABSOLUTE
    ../fplib/microlib/fpdiv.c                0x00000000   Number         0  ddiv.o ABSOLUTE
    ../fplib/microlib/fpepilogue.c           0x00000000   Number         0  depilogue.o ABSOLUTE
    ../fplib/microlib/fpfix.c                0x00000000   Number         0  dfixul.o ABSOLUTE
    ../fplib/microlib/fpfix.c                0x00000000   Number         0  dfixui.o ABSOLUTE
    ../fplib/microlib/fpflt.c                0x00000000   Number         0  dfltui.o ABSOLUTE
    ../fplib/microlib/fpmul.c                0x00000000   Number         0  dmul.o ABSOLUTE
    MDK-ARM\startup_stm32f10x_md.s           0x00000000   Number         0  startup_stm32f10x_md.o ABSOLUTE
    cdrcmple.s                               0x00000000   Number         0  cdrcmple.o ABSOLUTE
    dc.s                                     0x00000000   Number         0  dc.o ABSOLUTE
    handlers.s                               0x00000000   Number         0  handlers.o ABSOLUTE
    init.s                                   0x00000000   Number         0  init.o ABSOLUTE
    main\\sys.c                              0x00000000   Number         0  sys.o ABSOLUTE
    main\bsp_spi_nrf.c                       0x00000000   Number         0  bsp_spi_nrf.o ABSOLUTE
    main\delay.c                             0x00000000   Number         0  delay.o ABSOLUTE
    main\exti.c                              0x00000000   Number         0  exti.o ABSOLUTE
    main\lcd.c                               0x00000000   Number         0  lcd.o ABSOLUTE
    main\main.c                              0x00000000   Number         0  main.o ABSOLUTE
    main\ov7670.c                            0x00000000   Number         0  ov7670.o ABSOLUTE
    main\sccb.c                              0x00000000   Number         0  sccb.o ABSOLUTE
    main\stm32f10x_it.c                      0x00000000   Number         0  stm32f10x_it.o ABSOLUTE
    main\sys.c                               0x00000000   Number         0  sys.o ABSOLUTE
    main\system_stm32f10x.c                  0x00000000   Number         0  system_stm32f10x.o ABSOLUTE
    src\misc.c                               0x00000000   Number         0  misc.o ABSOLUTE
    src\stm32f10x_adc.c                      0x00000000   Number         0  stm32f10x_adc.o ABSOLUTE
    src\stm32f10x_bkp.c                      0x00000000   Number         0  stm32f10x_bkp.o ABSOLUTE
    src\stm32f10x_can.c                      0x00000000   Number         0  stm32f10x_can.o ABSOLUTE
    src\stm32f10x_cec.c                      0x00000000   Number         0  stm32f10x_cec.o ABSOLUTE
    src\stm32f10x_crc.c                      0x00000000   Number         0  stm32f10x_crc.o ABSOLUTE
    src\stm32f10x_dac.c                      0x00000000   Number         0  stm32f10x_dac.o ABSOLUTE
    src\stm32f10x_dbgmcu.c                   0x00000000   Number         0  stm32f10x_dbgmcu.o ABSOLUTE
    src\stm32f10x_dma.c                      0x00000000   Number         0  stm32f10x_dma.o ABSOLUTE
    src\stm32f10x_exti.c                     0x00000000   Number         0  stm32f10x_exti.o ABSOLUTE
    src\stm32f10x_flash.c                    0x00000000   Number         0  stm32f10x_flash.o ABSOLUTE
    src\stm32f10x_fsmc.c                     0x00000000   Number         0  stm32f10x_fsmc.o ABSOLUTE
    src\stm32f10x_gpio.c                     0x00000000   Number         0  stm32f10x_gpio.o ABSOLUTE
    src\stm32f10x_i2c.c                      0x00000000   Number         0  stm32f10x_i2c.o ABSOLUTE
    src\stm32f10x_iwdg.c                     0x00000000   Number         0  stm32f10x_iwdg.o ABSOLUTE
    src\stm32f10x_pwr.c                      0x00000000   Number         0  stm32f10x_pwr.o ABSOLUTE
    src\stm32f10x_rcc.c                      0x00000000   Number         0  stm32f10x_rcc.o ABSOLUTE
    src\stm32f10x_rtc.c                      0x00000000   Number         0  stm32f10x_rtc.o ABSOLUTE
    src\stm32f10x_sdio.c                     0x00000000   Number         0  stm32f10x_sdio.o ABSOLUTE
    src\stm32f10x_spi.c                      0x00000000   Number         0  stm32f10x_spi.o ABSOLUTE
    src\stm32f10x_tim.c                      0x00000000   Number         0  stm32f10x_tim.o ABSOLUTE
    src\stm32f10x_usart.c                    0x00000000   Number         0  stm32f10x_usart.o ABSOLUTE
    src\stm32f10x_wwdg.c                     0x00000000   Number         0  stm32f10x_wwdg.o ABSOLUTE
    RESET                                    0x08000000   Section      236  startup_stm32f10x_md.o(RESET)
    .ARM.Collect$$$$00000000                 0x080000ec   Section        0  entry.o(.ARM.Collect$$$$00000000)
    .ARM.Collect$$$$00000001                 0x080000ec   Section        4  entry2.o(.ARM.Collect$$$$00000001)
    .ARM.Collect$$$$00000004                 0x080000f0   Section        4  entry5.o(.ARM.Collect$$$$00000004)
    .ARM.Collect$$$$00000008                 0x080000f4   Section        0  entry7b.o(.ARM.Collect$$$$00000008)
    .ARM.Collect$$$$0000000A                 0x080000f4   Section        0  entry8b.o(.ARM.Collect$$$$0000000A)
    .ARM.Collect$$$$0000000B                 0x080000f4   Section        8  entry9a.o(.ARM.Collect$$$$0000000B)
    .ARM.Collect$$$$0000000D                 0x080000fc   Section        0  entry10a.o(.ARM.Collect$$$$0000000D)
    .ARM.Collect$$$$0000000F                 0x080000fc   Section        0  entry11a.o(.ARM.Collect$$$$0000000F)
    .ARM.Collect$$$$00002712                 0x080000fc   Section        4  entry2.o(.ARM.Collect$$$$00002712)
    __lit__00000000                          0x080000fc   Data           4  entry2.o(.ARM.Collect$$$$00002712)
    .text                                    0x08000100   Section       36  startup_stm32f10x_md.o(.text)
    .text                                    0x08000124   Section        0  dmul.o(.text)
    .text                                    0x08000208   Section        0  dfltui.o(.text)
    .text                                    0x08000222   Section        0  dfixui.o(.text)
    .text                                    0x08000254   Section        0  uidiv.o(.text)
    .text                                    0x08000280   Section        0  llushr.o(.text)
    .text                                    0x080002a0   Section        0  iusefp.o(.text)
    .text                                    0x080002a0   Section        0  depilogue.o(.text)
    .text                                    0x0800035c   Section       36  init.o(.text)
    .text                                    0x08000380   Section        0  semi.o(.text)
    .text                                    0x08000380   Section        0  llshl.o(.text)
    .text                                    0x0800039e   Section        0  iusesemip.o(.text)
    i.BusFault_Handler                       0x0800039e   Section        0  stm32f10x_it.o(i.BusFault_Handler)
    i.DebugMon_Handler                       0x080003a0   Section        0  stm32f10x_it.o(i.DebugMon_Handler)
    i.EXTI8_Init                             0x080003a2   Section        0  exti.o(i.EXTI8_Init)
    i.EXTI9_5_IRQHandler                     0x080003e4   Section        0  exti.o(i.EXTI9_5_IRQHandler)
    i.EXTI_ClearITPendingBit                 0x08000438   Section        0  stm32f10x_exti.o(i.EXTI_ClearITPendingBit)
    i.EXTI_GetITStatus                       0x0800046c   Section        0  stm32f10x_exti.o(i.EXTI_GetITStatus)
    i.EXTI_Init                              0x08000518   Section        0  stm32f10x_exti.o(i.EXTI_Init)
    i.FSMC_NORSRAMCmd                        0x080005e8   Section        0  stm32f10x_fsmc.o(i.FSMC_NORSRAMCmd)
    i.FSMC_NORSRAMInit                       0x0800064c   Section        0  stm32f10x_fsmc.o(i.FSMC_NORSRAMInit)
    i.GPIO_EXTILineConfig                    0x08000908   Section        0  stm32f10x_gpio.o(i.GPIO_EXTILineConfig)
    i.GPIO_Init                              0x080009b8   Section        0  stm32f10x_gpio.o(i.GPIO_Init)
    i.GPIO_PinRemapConfig                    0x08000b0c   Section        0  stm32f10x_gpio.o(i.GPIO_PinRemapConfig)
    i.GPIO_ResetBits                         0x08000d00   Section        0  stm32f10x_gpio.o(i.GPIO_ResetBits)
    i.GPIO_SetBits                           0x08000d80   Section        0  stm32f10x_gpio.o(i.GPIO_SetBits)
    i.HardFault_Handler                      0x08000e00   Section        0  stm32f10x_it.o(i.HardFault_Handler)
    i.LCD_Clear                              0x08000e04   Section        0  lcd.o(i.LCD_Clear)
    i.LCD_Display_Dir                        0x08000e70   Section        0  lcd.o(i.LCD_Display_Dir)
    i.LCD_Fast_DrawPoint                     0x08000fa4   Section        0  lcd.o(i.LCD_Fast_DrawPoint)
    i.LCD_Fill                               0x080010c4   Section        0  lcd.o(i.LCD_Fill)
    i.LCD_Init                               0x08001150   Section        0  lcd.o(i.LCD_Init)
    i.LCD_RD_DATA                            0x08003f8c   Section        0  lcd.o(i.LCD_RD_DATA)
    i.LCD_ReadReg                            0x08003fa0   Section        0  lcd.o(i.LCD_ReadReg)
    i.LCD_SSD_BackLightSet                   0x08003fb8   Section        0  lcd.o(i.LCD_SSD_BackLightSet)
    i.LCD_Scan_Dir                           0x08003ff4   Section        0  lcd.o(i.LCD_Scan_Dir)
    i.LCD_SetCursor                          0x0800419c   Section        0  lcd.o(i.LCD_SetCursor)
    i.LCD_ShowChar                           0x080042e4   Section        0  lcd.o(i.LCD_ShowChar)
    i.LCD_ShowString                         0x080043b0   Section        0  lcd.o(i.LCD_ShowString)
    i.LCD_WriteRAM_Prepare                   0x08004404   Section        0  lcd.o(i.LCD_WriteRAM_Prepare)
    i.LCD_WriteReg                           0x08004418   Section        0  lcd.o(i.LCD_WriteReg)
    i.MemManage_Handler                      0x08004428   Section        0  stm32f10x_it.o(i.MemManage_Handler)
    i.NMI_Handler                            0x0800442a   Section        0  stm32f10x_it.o(i.NMI_Handler)
    i.NRF_Check                              0x0800442c   Section        0  bsp_spi_nrf.o(i.NRF_Check)
    i.NRF_TX_Mode                            0x08004474   Section        0  bsp_spi_nrf.o(i.NRF_TX_Mode)
    i.NVIC_Init                              0x080044e0   Section        0  misc.o(i.NVIC_Init)
    i.NVIC_PriorityGroupConfig               0x08004580   Section        0  misc.o(i.NVIC_PriorityGroupConfig)
    i.OV7670_Brightness                      0x080045c8   Section        0  ov7670.o(i.OV7670_Brightness)
    i.OV7670_Color_Saturation                0x080045ee   Section        0  ov7670.o(i.OV7670_Color_Saturation)
    i.OV7670_Contrast                        0x08004660   Section        0  ov7670.o(i.OV7670_Contrast)
    i.OV7670_Init                            0x08004688   Section        0  ov7670.o(i.OV7670_Init)
    i.OV7670_Light_Mode                      0x08004798   Section        0  ov7670.o(i.OV7670_Light_Mode)
    i.OV7670_Special_Effects                 0x080047ea   Section        0  ov7670.o(i.OV7670_Special_Effects)
    i.OV7670_Window_Set                      0x0800483e   Section        0  ov7670.o(i.OV7670_Window_Set)
    i.PendSV_Handler                         0x080048ac   Section        0  stm32f10x_it.o(i.PendSV_Handler)
    i.RCC_AHBPeriphClockCmd                  0x080048b0   Section        0  stm32f10x_rcc.o(i.RCC_AHBPeriphClockCmd)
    i.RCC_APB2PeriphClockCmd                 0x08004904   Section        0  stm32f10x_rcc.o(i.RCC_APB2PeriphClockCmd)
    i.SCCB_Init                              0x08004958   Section        0  sccb.o(i.SCCB_Init)
    i.SCCB_No_Ack                            0x080049c4   Section        0  sccb.o(i.SCCB_No_Ack)
    i.SCCB_RD_Byte                           0x08004a08   Section        0  sccb.o(i.SCCB_RD_Byte)
    i.SCCB_RD_Reg                            0x08004a7c   Section        0  sccb.o(i.SCCB_RD_Reg)
    i.SCCB_Start                             0x08004ac8   Section        0  sccb.o(i.SCCB_Start)
    i.SCCB_Stop                              0x08004afc   Section        0  sccb.o(i.SCCB_Stop)
    i.SCCB_WR_Byte                           0x08004b34   Section        0  sccb.o(i.SCCB_WR_Byte)
    i.SCCB_WR_Reg                            0x08004bc4   Section        0  sccb.o(i.SCCB_WR_Reg)
    i.SPI_Cmd                                0x08004c04   Section        0  stm32f10x_spi.o(i.SPI_Cmd)
    i.SPI_I2S_GetFlagStatus                  0x08004c68   Section        0  stm32f10x_spi.o(i.SPI_I2S_GetFlagStatus)
    i.SPI_I2S_ReceiveData                    0x08004ce4   Section        0  stm32f10x_spi.o(i.SPI_I2S_ReceiveData)
    i.SPI_I2S_SendData                       0x08004d28   Section        0  stm32f10x_spi.o(i.SPI_I2S_SendData)
    i.SPI_Init                               0x08004d70   Section        0  stm32f10x_spi.o(i.SPI_Init)
    i.SPI_NRF_Init                           0x08004ea0   Section        0  bsp_spi_nrf.o(i.SPI_NRF_Init)
    i.SPI_NRF_RW                             0x08004f6c   Section        0  bsp_spi_nrf.o(i.SPI_NRF_RW)
    i.SPI_NRF_ReadBuf                        0x08004fa0   Section        0  bsp_spi_nrf.o(i.SPI_NRF_ReadBuf)
    i.SPI_NRF_WriteBuf                       0x08004fec   Section        0  bsp_spi_nrf.o(i.SPI_NRF_WriteBuf)
    i.SPI_NRF_WriteReg                       0x08005038   Section        0  bsp_spi_nrf.o(i.SPI_NRF_WriteReg)
    i.SVC_Handler                            0x08005070   Section        0  stm32f10x_it.o(i.SVC_Handler)
    i.SetSysClockTo72                        0x08005074   Section        0  system_stm32f10x.o(i.SetSysClockTo72)
    SetSysClockTo72                          0x08005075   Thumb Code   160  system_stm32f10x.o(i.SetSysClockTo72)
    i.SysTick_CLKSourceConfig                0x0800511c   Section        0  misc.o(i.SysTick_CLKSourceConfig)
    i.SysTick_Handler                        0x08005150   Section        0  stm32f10x_it.o(i.SysTick_Handler)
    i.SystemInit                             0x08005154   Section        0  system_stm32f10x.o(i.SystemInit)
    i.UsageFault_Handler                     0x080051a4   Section        0  stm32f10x_it.o(i.UsageFault_Handler)
    i.__0printf$3                            0x080051a8   Section        0  printf3.o(i.__0printf$3)
    i.__scatterload_copy                     0x080051c8   Section       14  handlers.o(i.__scatterload_copy)
    i.__scatterload_null                     0x080051d6   Section        2  handlers.o(i.__scatterload_null)
    i.__scatterload_zeroinit                 0x080051d8   Section       14  handlers.o(i.__scatterload_zeroinit)
    i._printf_core                           0x080051e8   Section        0  printf3.o(i._printf_core)
    _printf_core                             0x080051e9   Thumb Code   436  printf3.o(i._printf_core)
    i.assert_failed                          0x080053a0   Section        0  main.o(i.assert_failed)
    i.delay_init                             0x080053dc   Section        0  delay.o(i.delay_init)
    i.delay_ms                               0x08005418   Section        0  delay.o(i.delay_ms)
    i.delay_us                               0x0800544c   Section        0  delay.o(i.delay_us)
    i.fputc                                  0x08005480   Section        0  fputc.o(i.fputc)
    i.main                                   0x08005494   Section        0  main.o(i.main)
    .constdata                               0x0800571c   Section     6080  lcd.o(.constdata)
    .constdata                               0x08006edc   Section      336  ov7670.o(.constdata)
    .data                                    0x20000000   Section       20  system_stm32f10x.o(.data)
    .data                                    0x20000014   Section        4  delay.o(.data)
    fac_us                                   0x20000014   Data           1  delay.o(.data)
    fac_ms                                   0x20000016   Data           2  delay.o(.data)
    .data                                    0x20000018   Section       10  bsp_spi_nrf.o(.data)
    .data                                    0x20000022   Section        1  exti.o(.data)
    .data                                    0x20000024   Section        4  lcd.o(.data)
    .data                                    0x20000028   Section        4  stdout.o(.data)
    .bss                                     0x2000002c   Section       14  lcd.o(.bss)
    STACK                                    0x20000040   Section     1024  startup_stm32f10x_md.o(STACK)

    Global Symbols

    Symbol Name                              Value     Ov Type        Size  Object(Section)

    BuildAttributes$$THM_ISAv4$P$D$K$B$S$PE$A:L22UL41UL21$X:L11$S22US41US21$IEEE1$IW$USESV6$~STKCKD$USESV7$~SHL$OSPACE$ROPI$EBA8$MICROLIB$REQ8$PRES8$EABIv2 0x00000000   Number         0  anon$$obj.o ABSOLUTE
    __ARM_use_no_argv                        0x00000000   Number         0  main.o ABSOLUTE
    _printf_a                                0x00000000   Number         0  stubs.o ABSOLUTE
    _printf_c                                0x00000000   Number         0  stubs.o ABSOLUTE
    _printf_charcount                        0x00000000   Number         0  stubs.o ABSOLUTE
    _printf_d                                0x00000000   Number         0  stubs.o ABSOLUTE
    _printf_e                                0x00000000   Number         0  stubs.o ABSOLUTE
    _printf_f                                0x00000000   Number         0  stubs.o ABSOLUTE
    _printf_flags                            0x00000000   Number         0  stubs.o ABSOLUTE
    _printf_fp_dec                           0x00000000   Number         0  stubs.o ABSOLUTE
    _printf_fp_hex                           0x00000000   Number         0  stubs.o ABSOLUTE
    _printf_g                                0x00000000   Number         0  stubs.o ABSOLUTE
    _printf_i                                0x00000000   Number         0  stubs.o ABSOLUTE
    _printf_int_dec                          0x00000000   Number         0  stubs.o ABSOLUTE
    _printf_l                                0x00000000   Number         0  stubs.o ABSOLUTE
    _printf_lc                               0x00000000   Number         0  stubs.o ABSOLUTE
    _printf_ll                               0x00000000   Number         0  stubs.o ABSOLUTE
    _printf_lld                              0x00000000   Number         0  stubs.o ABSOLUTE
    _printf_lli                              0x00000000   Number         0  stubs.o ABSOLUTE
    _printf_llo                              0x00000000   Number         0  stubs.o ABSOLUTE
    _printf_llu                              0x00000000   Number         0  stubs.o ABSOLUTE
    _printf_llx                              0x00000000   Number         0  stubs.o ABSOLUTE
    _printf_longlong_dec                     0x00000000   Number         0  stubs.o ABSOLUTE
    _printf_longlong_hex                     0x00000000   Number         0  stubs.o ABSOLUTE
    _printf_longlong_oct                     0x00000000   Number         0  stubs.o ABSOLUTE
    _printf_ls                               0x00000000   Number         0  stubs.o ABSOLUTE
    _printf_mbtowc                           0x00000000   Number         0  stubs.o ABSOLUTE
    _printf_n                                0x00000000   Number         0  stubs.o ABSOLUTE
    _printf_o                                0x00000000   Number         0  stubs.o ABSOLUTE
    _printf_p                                0x00000000   Number         0  stubs.o ABSOLUTE
    _printf_percent                          0x00000000   Number         0  stubs.o ABSOLUTE
    _printf_pre_padding                      0x00000000   Number         0  stubs.o ABSOLUTE
    _printf_return_value                     0x00000000   Number         0  stubs.o ABSOLUTE
    _printf_s                                0x00000000   Number         0  stubs.o ABSOLUTE
    _printf_sizespec                         0x00000000   Number         0  stubs.o ABSOLUTE
    _printf_str                              0x00000000   Number         0  stubs.o ABSOLUTE
    _printf_truncate_signed                  0x00000000   Number         0  stubs.o ABSOLUTE
    _printf_truncate_unsigned                0x00000000   Number         0  stubs.o ABSOLUTE
    _printf_u                                0x00000000   Number         0  stubs.o ABSOLUTE
    _printf_wc                               0x00000000   Number         0  stubs.o ABSOLUTE
    _printf_wctomb                           0x00000000   Number         0  stubs.o ABSOLUTE
    _printf_widthprec                        0x00000000   Number         0  stubs.o ABSOLUTE
    _printf_x                                0x00000000   Number         0  stubs.o ABSOLUTE
    __cpp_initialize__aeabi_                  - Undefined Weak Reference
    __cxa_finalize                            - Undefined Weak Reference
    __decompress                              - Undefined Weak Reference
    _clock_init                               - Undefined Weak Reference
    _microlib_exit                            - Undefined Weak Reference
    __Vectors_Size                           0x000000ec   Number         0  startup_stm32f10x_md.o ABSOLUTE
    __Vectors                                0x08000000   Data           4  startup_stm32f10x_md.o(RESET)
    __Vectors_End                            0x080000ec   Data           0  startup_stm32f10x_md.o(RESET)
    __main                                   0x080000ed   Thumb Code     0  entry.o(.ARM.Collect$$$$00000000)
    _main_stk                                0x080000ed   Thumb Code     0  entry2.o(.ARM.Collect$$$$00000001)
    _main_scatterload                        0x080000f1   Thumb Code     0  entry5.o(.ARM.Collect$$$$00000004)
    __main_after_scatterload                 0x080000f5   Thumb Code     0  entry5.o(.ARM.Collect$$$$00000004)
    _main_clock                              0x080000f5   Thumb Code     0  entry7b.o(.ARM.Collect$$$$00000008)
    _main_cpp_init                           0x080000f5   Thumb Code     0  entry8b.o(.ARM.Collect$$$$0000000A)
    _main_init                               0x080000f5   Thumb Code     0  entry9a.o(.ARM.Collect$$$$0000000B)
    __rt_final_cpp                           0x080000fd   Thumb Code     0  entry10a.o(.ARM.Collect$$$$0000000D)
    __rt_final_exit                          0x080000fd   Thumb Code     0  entry11a.o(.ARM.Collect$$$$0000000F)
    Reset_Handler                            0x08000101   Thumb Code     8  startup_stm32f10x_md.o(.text)
    ADC1_2_IRQHandler                        0x0800011b   Thumb Code     0  startup_stm32f10x_md.o(.text)
    CAN1_RX1_IRQHandler                      0x0800011b   Thumb Code     0  startup_stm32f10x_md.o(.text)
    CAN1_SCE_IRQHandler                      0x0800011b   Thumb Code     0  startup_stm32f10x_md.o(.text)
    DMA1_Channel1_IRQHandler                 0x0800011b   Thumb Code     0  startup_stm32f10x_md.o(.text)
    DMA1_Channel2_IRQHandler                 0x0800011b   Thumb Code     0  startup_stm32f10x_md.o(.text)
    DMA1_Channel3_IRQHandler                 0x0800011b   Thumb Code     0  startup_stm32f10x_md.o(.text)
    DMA1_Channel4_IRQHandler                 0x0800011b   Thumb Code     0  startup_stm32f10x_md.o(.text)
    DMA1_Channel5_IRQHandler                 0x0800011b   Thumb Code     0  startup_stm32f10x_md.o(.text)
    DMA1_Channel6_IRQHandler                 0x0800011b   Thumb Code     0  startup_stm32f10x_md.o(.text)
    DMA1_Channel7_IRQHandler                 0x0800011b   Thumb Code     0  startup_stm32f10x_md.o(.text)
    EXTI0_IRQHandler                         0x0800011b   Thumb Code     0  startup_stm32f10x_md.o(.text)
    EXTI15_10_IRQHandler                     0x0800011b   Thumb Code     0  startup_stm32f10x_md.o(.text)
    EXTI1_IRQHandler                         0x0800011b   Thumb Code     0  startup_stm32f10x_md.o(.text)
    EXTI2_IRQHandler                         0x0800011b   Thumb Code     0  startup_stm32f10x_md.o(.text)
    EXTI3_IRQHandler                         0x0800011b   Thumb Code     0  startup_stm32f10x_md.o(.text)
    EXTI4_IRQHandler                         0x0800011b   Thumb Code     0  startup_stm32f10x_md.o(.text)
    FLASH_IRQHandler                         0x0800011b   Thumb Code     0  startup_stm32f10x_md.o(.text)
    I2C1_ER_IRQHandler                       0x0800011b   Thumb Code     0  startup_stm32f10x_md.o(.text)
    I2C1_EV_IRQHandler                       0x0800011b   Thumb Code     0  startup_stm32f10x_md.o(.text)
    I2C2_ER_IRQHandler                       0x0800011b   Thumb Code     0  startup_stm32f10x_md.o(.text)
    I2C2_EV_IRQHandler                       0x0800011b   Thumb Code     0  startup_stm32f10x_md.o(.text)
    PVD_IRQHandler                           0x0800011b   Thumb Code     0  startup_stm32f10x_md.o(.text)
    RCC_IRQHandler                           0x0800011b   Thumb Code     0  startup_stm32f10x_md.o(.text)
    RTCAlarm_IRQHandler                      0x0800011b   Thumb Code     0  startup_stm32f10x_md.o(.text)
    RTC_IRQHandler                           0x0800011b   Thumb Code     0  startup_stm32f10x_md.o(.text)
    SPI1_IRQHandler                          0x0800011b   Thumb Code     0  startup_stm32f10x_md.o(.text)
    SPI2_IRQHandler                          0x0800011b   Thumb Code     0  startup_stm32f10x_md.o(.text)
    TAMPER_IRQHandler                        0x0800011b   Thumb Code     0  startup_stm32f10x_md.o(.text)
    TIM1_BRK_IRQHandler                      0x0800011b   Thumb Code     0  startup_stm32f10x_md.o(.text)
    TIM1_CC_IRQHandler                       0x0800011b   Thumb Code     0  startup_stm32f10x_md.o(.text)
    TIM1_TRG_COM_IRQHandler                  0x0800011b   Thumb Code     0  startup_stm32f10x_md.o(.text)
    TIM1_UP_IRQHandler                       0x0800011b   Thumb Code     0  startup_stm32f10x_md.o(.text)
    TIM2_IRQHandler                          0x0800011b   Thumb Code     0  startup_stm32f10x_md.o(.text)
    TIM3_IRQHandler                          0x0800011b   Thumb Code     0  startup_stm32f10x_md.o(.text)
    TIM4_IRQHandler                          0x0800011b   Thumb Code     0  startup_stm32f10x_md.o(.text)
    USART1_IRQHandler                        0x0800011b   Thumb Code     0  startup_stm32f10x_md.o(.text)
    USART2_IRQHandler                        0x0800011b   Thumb Code     0  startup_stm32f10x_md.o(.text)
    USART3_IRQHandler                        0x0800011b   Thumb Code     0  startup_stm32f10x_md.o(.text)
    USBWakeUp_IRQHandler                     0x0800011b   Thumb Code     0  startup_stm32f10x_md.o(.text)
    USB_HP_CAN1_TX_IRQHandler                0x0800011b   Thumb Code     0  startup_stm32f10x_md.o(.text)
    USB_LP_CAN1_RX0_IRQHandler               0x0800011b   Thumb Code     0  startup_stm32f10x_md.o(.text)
    WWDG_IRQHandler                          0x0800011b   Thumb Code     0  startup_stm32f10x_md.o(.text)
    __aeabi_dmul                             0x08000125   Thumb Code   228  dmul.o(.text)
    __aeabi_ui2d                             0x08000209   Thumb Code    26  dfltui.o(.text)
    __aeabi_d2uiz                            0x08000223   Thumb Code    50  dfixui.o(.text)
    __aeabi_uidiv                            0x08000255   Thumb Code     0  uidiv.o(.text)
    __aeabi_uidivmod                         0x08000255   Thumb Code    44  uidiv.o(.text)
    __aeabi_llsr                             0x08000281   Thumb Code    32  llushr.o(.text)
    _ll_ushift_r                             0x08000281   Thumb Code     0  llushr.o(.text)
    __I$use$fp                               0x080002a1   Thumb Code     0  iusefp.o(.text)
    _double_round                            0x080002a1   Thumb Code    30  depilogue.o(.text)
    _double_epilogue                         0x080002bf   Thumb Code   156  depilogue.o(.text)
    __scatterload                            0x0800035d   Thumb Code    28  init.o(.text)
    __scatterload_rt2                        0x0800035d   Thumb Code     0  init.o(.text)
    __aeabi_llsl                             0x08000381   Thumb Code    30  llshl.o(.text)
    __semihosting_library_function           0x08000381   Thumb Code     0  semi.o(.text)
    _ll_shift_l                              0x08000381   Thumb Code     0  llshl.o(.text)
    BusFault_Handler                         0x0800039f   Thumb Code     2  stm32f10x_it.o(i.BusFault_Handler)
    __I$use$semihosting$fputc                0x0800039f   Thumb Code     0  iusesemip.o(.text)
    DebugMon_Handler                         0x080003a1   Thumb Code     2  stm32f10x_it.o(i.DebugMon_Handler)
    EXTI8_Init                               0x080003a3   Thumb Code    66  exti.o(i.EXTI8_Init)
    EXTI9_5_IRQHandler                       0x080003e5   Thumb Code    70  exti.o(i.EXTI9_5_IRQHandler)
    EXTI_ClearITPendingBit                   0x08000439   Thumb Code    24  stm32f10x_exti.o(i.EXTI_ClearITPendingBit)
    EXTI_GetITStatus                         0x0800046d   Thumb Code   142  stm32f10x_exti.o(i.EXTI_GetITStatus)
    EXTI_Init                                0x08000519   Thumb Code   180  stm32f10x_exti.o(i.EXTI_Init)
    FSMC_NORSRAMCmd                          0x080005e9   Thumb Code    70  stm32f10x_fsmc.o(i.FSMC_NORSRAMCmd)
    FSMC_NORSRAMInit                         0x0800064d   Thumb Code   674  stm32f10x_fsmc.o(i.FSMC_NORSRAMInit)
    GPIO_EXTILineConfig                      0x08000909   Thumb Code   146  stm32f10x_gpio.o(i.GPIO_EXTILineConfig)
    GPIO_Init                                0x080009b9   Thumb Code   288  stm32f10x_gpio.o(i.GPIO_Init)
    GPIO_PinRemapConfig                      0x08000b0d   Thumb Code   406  stm32f10x_gpio.o(i.GPIO_PinRemapConfig)
    GPIO_ResetBits                           0x08000d01   Thumb Code    74  stm32f10x_gpio.o(i.GPIO_ResetBits)
    GPIO_SetBits                             0x08000d81   Thumb Code    74  stm32f10x_gpio.o(i.GPIO_SetBits)
    HardFault_Handler                        0x08000e01   Thumb Code     2  stm32f10x_it.o(i.HardFault_Handler)
    LCD_Clear                                0x08000e05   Thumb Code   100  lcd.o(i.LCD_Clear)
    LCD_Display_Dir                          0x08000e71   Thumb Code   304  lcd.o(i.LCD_Display_Dir)
    LCD_Fast_DrawPoint                       0x08000fa5   Thumb Code   278  lcd.o(i.LCD_Fast_DrawPoint)
    LCD_Fill                                 0x080010c5   Thumb Code   132  lcd.o(i.LCD_Fill)
    LCD_Init                                 0x08001151   Thumb Code 11832  lcd.o(i.LCD_Init)
    LCD_RD_DATA                              0x08003f8d   Thumb Code    16  lcd.o(i.LCD_RD_DATA)
    LCD_ReadReg                              0x08003fa1   Thumb Code    20  lcd.o(i.LCD_ReadReg)
    LCD_SSD_BackLightSet                     0x08003fb9   Thumb Code    50  lcd.o(i.LCD_SSD_BackLightSet)
    LCD_Scan_Dir                             0x08003ff5   Thumb Code   414  lcd.o(i.LCD_Scan_Dir)
    LCD_SetCursor                            0x0800419d   Thumb Code   320  lcd.o(i.LCD_SetCursor)
    LCD_ShowChar                             0x080042e5   Thumb Code   182  lcd.o(i.LCD_ShowChar)
    LCD_ShowString                           0x080043b1   Thumb Code    84  lcd.o(i.LCD_ShowString)
    LCD_WriteRAM_Prepare                     0x08004405   Thumb Code    10  lcd.o(i.LCD_WriteRAM_Prepare)
    LCD_WriteReg                             0x08004419   Thumb Code    10  lcd.o(i.LCD_WriteReg)
    MemManage_Handler                        0x08004429   Thumb Code     2  stm32f10x_it.o(i.MemManage_Handler)
    NMI_Handler                              0x0800442b   Thumb Code     2  stm32f10x_it.o(i.NMI_Handler)
    NRF_Check                                0x0800442d   Thumb Code    64  bsp_spi_nrf.o(i.NRF_Check)
    NRF_TX_Mode                              0x08004475   Thumb Code   100  bsp_spi_nrf.o(i.NRF_TX_Mode)
    NVIC_Init                                0x080044e1   Thumb Code   142  misc.o(i.NVIC_Init)
    NVIC_PriorityGroupConfig                 0x08004581   Thumb Code    52  misc.o(i.NVIC_PriorityGroupConfig)
    OV7670_Brightness                        0x080045c9   Thumb Code    38  ov7670.o(i.OV7670_Brightness)
    OV7670_Color_Saturation                  0x080045ef   Thumb Code   114  ov7670.o(i.OV7670_Color_Saturation)
    OV7670_Contrast                          0x08004661   Thumb Code    38  ov7670.o(i.OV7670_Contrast)
    OV7670_Init                              0x08004689   Thumb Code   242  ov7670.o(i.OV7670_Init)
    OV7670_Light_Mode                        0x08004799   Thumb Code    82  ov7670.o(i.OV7670_Light_Mode)
    OV7670_Special_Effects                   0x080047eb   Thumb Code    84  ov7670.o(i.OV7670_Special_Effects)
    OV7670_Window_Set                        0x0800483f   Thumb Code   110  ov7670.o(i.OV7670_Window_Set)
    PendSV_Handler                           0x080048ad   Thumb Code     2  stm32f10x_it.o(i.PendSV_Handler)
    RCC_AHBPeriphClockCmd                    0x080048b1   Thumb Code    60  stm32f10x_rcc.o(i.RCC_AHBPeriphClockCmd)
    RCC_APB2PeriphClockCmd                   0x08004905   Thumb Code    56  stm32f10x_rcc.o(i.RCC_APB2PeriphClockCmd)
    SCCB_Init                                0x08004959   Thumb Code    98  sccb.o(i.SCCB_Init)
    SCCB_No_Ack                              0x080049c5   Thumb Code    58  sccb.o(i.SCCB_No_Ack)
    SCCB_RD_Byte                             0x08004a09   Thumb Code   102  sccb.o(i.SCCB_RD_Byte)
    SCCB_RD_Reg                              0x08004a7d   Thumb Code    76  sccb.o(i.SCCB_RD_Reg)
    SCCB_Start                               0x08004ac9   Thumb Code    44  sccb.o(i.SCCB_Start)
    SCCB_Stop                                0x08004afd   Thumb Code    46  sccb.o(i.SCCB_Stop)
    SCCB_WR_Byte                             0x08004b35   Thumb Code   130  sccb.o(i.SCCB_WR_Byte)
    SCCB_WR_Reg                              0x08004bc5   Thumb Code    62  sccb.o(i.SCCB_WR_Reg)
    SPI_Cmd                                  0x08004c05   Thumb Code    68  stm32f10x_spi.o(i.SPI_Cmd)
    SPI_I2S_GetFlagStatus                    0x08004c69   Thumb Code    90  stm32f10x_spi.o(i.SPI_I2S_GetFlagStatus)
    SPI_I2S_ReceiveData                      0x08004ce5   Thumb Code    36  stm32f10x_spi.o(i.SPI_I2S_ReceiveData)
    SPI_I2S_SendData                         0x08004d29   Thumb Code    38  stm32f10x_spi.o(i.SPI_I2S_SendData)
    SPI_Init                                 0x08004d71   Thumb Code   270  stm32f10x_spi.o(i.SPI_Init)
    SPI_NRF_Init                             0x08004ea1   Thumb Code   190  bsp_spi_nrf.o(i.SPI_NRF_Init)
    SPI_NRF_RW                               0x08004f6d   Thumb Code    48  bsp_spi_nrf.o(i.SPI_NRF_RW)
    SPI_NRF_ReadBuf                          0x08004fa1   Thumb Code    70  bsp_spi_nrf.o(i.SPI_NRF_ReadBuf)
    SPI_NRF_WriteBuf                         0x08004fed   Thumb Code    70  bsp_spi_nrf.o(i.SPI_NRF_WriteBuf)
    SPI_NRF_WriteReg                         0x08005039   Thumb Code    50  bsp_spi_nrf.o(i.SPI_NRF_WriteReg)
    SVC_Handler                              0x08005071   Thumb Code     2  stm32f10x_it.o(i.SVC_Handler)
    SysTick_CLKSourceConfig                  0x0800511d   Thumb Code    40  misc.o(i.SysTick_CLKSourceConfig)
    SysTick_Handler                          0x08005151   Thumb Code     2  stm32f10x_it.o(i.SysTick_Handler)
    SystemInit                               0x08005155   Thumb Code    64  system_stm32f10x.o(i.SystemInit)
    UsageFault_Handler                       0x080051a5   Thumb Code     2  stm32f10x_it.o(i.UsageFault_Handler)
    __0printf$3                              0x080051a9   Thumb Code    22  printf3.o(i.__0printf$3)
    __1printf$3                              0x080051a9   Thumb Code     0  printf3.o(i.__0printf$3)
    __2printf                                0x080051a9   Thumb Code     0  printf3.o(i.__0printf$3)
    __scatterload_copy                       0x080051c9   Thumb Code    14  handlers.o(i.__scatterload_copy)
    __scatterload_null                       0x080051d7   Thumb Code     2  handlers.o(i.__scatterload_null)
    __scatterload_zeroinit                   0x080051d9   Thumb Code    14  handlers.o(i.__scatterload_zeroinit)
    assert_failed                            0x080053a1   Thumb Code    12  main.o(i.assert_failed)
    delay_init                               0x080053dd   Thumb Code    46  delay.o(i.delay_init)
    delay_ms                                 0x08005419   Thumb Code    46  delay.o(i.delay_ms)
    delay_us                                 0x0800544d   Thumb Code    46  delay.o(i.delay_us)
    fputc                                    0x08005481   Thumb Code    18  fputc.o(i.fputc)
    main                                     0x08005495   Thumb Code   436  main.o(i.main)
    asc2_1206                                0x0800571c   Data        1140  lcd.o(.constdata)
    asc2_1608                                0x08005b90   Data        1520  lcd.o(.constdata)
    asc2_2412                                0x08006180   Data        3420  lcd.o(.constdata)
    ov7670_init_reg_tbl                      0x08006edc   Data         336  ov7670.o(.constdata)
    Region$$Table$$Base                      0x0800702c   Number         0  anon$$obj.o(Region$$Table)
    Region$$Table$$Limit                     0x0800704c   Number         0  anon$$obj.o(Region$$Table)
    SystemCoreClock                          0x20000000   Data           4  system_stm32f10x.o(.data)
    AHBPrescTable                            0x20000004   Data          16  system_stm32f10x.o(.data)
    TX_ADDRESS                               0x20000018   Data           5  bsp_spi_nrf.o(.data)
    RX_ADDRESS                               0x2000001d   Data           5  bsp_spi_nrf.o(.data)
    ov_sta                                   0x20000022   Data           1  exti.o(.data)
    POINT_COLOR                              0x20000024   Data           2  lcd.o(.data)
    BACK_COLOR                               0x20000026   Data           2  lcd.o(.data)
    __stdout                                 0x20000028   Data           4  stdout.o(.data)
    lcddev                                   0x2000002c   Data          14  lcd.o(.bss)
    __initial_sp                             0x20000440   Data           0  startup_stm32f10x_md.o(STACK)



==============================================================================

Memory Map of the image

  Image Entry point : 0x08000101

  Load Region LR_1 (Base: 0x08000000, Size: 0x00007078, Max: 0xffffffff, ABSOLUTE)

    Execution Region ER_RO (Base: 0x08000000, Size: 0x0000704c, Max: 0xffffffff, ABSOLUTE)

    Base Addr    Size         Type   Attr      Idx    E Section Name        Object

    0x08000000   0x000000ec   Data   RO         3045    RESET               startup_stm32f10x_md.o
    0x080000ec   0x00000000   Code   RO         3659  * .ARM.Collect$$$$00000000  mc_w.l(entry.o)
    0x080000ec   0x00000004   Code   RO         3929    .ARM.Collect$$$$00000001  mc_w.l(entry2.o)
    0x080000f0   0x00000004   Code   RO         3932    .ARM.Collect$$$$00000004  mc_w.l(entry5.o)
    0x080000f4   0x00000000   Code   RO         3934    .ARM.Collect$$$$00000008  mc_w.l(entry7b.o)
    0x080000f4   0x00000000   Code   RO         3936    .ARM.Collect$$$$0000000A  mc_w.l(entry8b.o)
    0x080000f4   0x00000008   Code   RO         3937    .ARM.Collect$$$$0000000B  mc_w.l(entry9a.o)
    0x080000fc   0x00000000   Code   RO         3939    .ARM.Collect$$$$0000000D  mc_w.l(entry10a.o)
    0x080000fc   0x00000000   Code   RO         3941    .ARM.Collect$$$$0000000F  mc_w.l(entry11a.o)
    0x080000fc   0x00000004   Code   RO         3930    .ARM.Collect$$$$00002712  mc_w.l(entry2.o)
    0x08000100   0x00000024   Code   RO         3046  * .text               startup_stm32f10x_md.o
    0x08000124   0x000000e4   Code   RO         3923    .text               mf_w.l(dmul.o)
    0x08000208   0x0000001a   Code   RO         3925    .text               mf_w.l(dfltui.o)
    0x08000222   0x00000032   Code   RO         3927    .text               mf_w.l(dfixui.o)
    0x08000254   0x0000002c   Code   RO         3946    .text               mc_w.l(uidiv.o)
    0x08000280   0x00000020   Code   RO         3950    .text               mc_w.l(llushr.o)
    0x080002a0   0x00000000   Code   RO         3952    .text               mc_w.l(iusefp.o)
    0x080002a0   0x000000ba   Code   RO         3953    .text               mf_w.l(depilogue.o)
    0x0800035a   0x00000002   PAD
    0x0800035c   0x00000024   Code   RO         3963    .text               mc_w.l(init.o)
    0x08000380   0x00000000   Code   RO         3965    .text               mc_w.l(semi.o)
    0x08000380   0x0000001e   Code   RO         3966    .text               mc_w.l(llshl.o)
    0x0800039e   0x00000000   Code   RO         3970    .text               mc_w.l(iusesemip.o)
    0x0800039e   0x00000002   Code   RO         3108    i.BusFault_Handler  stm32f10x_it.o
    0x080003a0   0x00000002   Code   RO         3109    i.DebugMon_Handler  stm32f10x_it.o
    0x080003a2   0x00000042   Code   RO         3303    i.EXTI8_Init        exti.o
    0x080003e4   0x00000054   Code   RO         3304    i.EXTI9_5_IRQHandler  exti.o
    0x08000438   0x00000034   Code   RO          887    i.EXTI_ClearITPendingBit  stm32f10x_exti.o
    0x0800046c   0x000000ac   Code   RO          891    i.EXTI_GetITStatus  stm32f10x_exti.o
    0x08000518   0x000000d0   Code   RO          892    i.EXTI_Init         stm32f10x_exti.o
    0x080005e8   0x00000064   Code   RO         1123    i.FSMC_NORSRAMCmd   stm32f10x_fsmc.o
    0x0800064c   0x000002bc   Code   RO         1125    i.FSMC_NORSRAMInit  stm32f10x_fsmc.o
    0x08000908   0x000000b0   Code   RO         1235    i.GPIO_EXTILineConfig  stm32f10x_gpio.o
    0x080009b8   0x00000154   Code   RO         1238    i.GPIO_Init         stm32f10x_gpio.o
    0x08000b0c   0x000001f4   Code   RO         1240    i.GPIO_PinRemapConfig  stm32f10x_gpio.o
    0x08000d00   0x00000080   Code   RO         1245    i.GPIO_ResetBits    stm32f10x_gpio.o
    0x08000d80   0x00000080   Code   RO         1246    i.GPIO_SetBits      stm32f10x_gpio.o
    0x08000e00   0x00000002   Code   RO         3110    i.HardFault_Handler  stm32f10x_it.o
    0x08000e02   0x00000002   PAD
    0x08000e04   0x0000006c   Code   RO         3331    i.LCD_Clear         lcd.o
    0x08000e70   0x00000134   Code   RO         3335    i.LCD_Display_Dir   lcd.o
    0x08000fa4   0x00000120   Code   RO         3340    i.LCD_Fast_DrawPoint  lcd.o
    0x080010c4   0x0000008c   Code   RO         3341    i.LCD_Fill          lcd.o
    0x08001150   0x00002e3c   Code   RO         3342    i.LCD_Init          lcd.o
    0x08003f8c   0x00000014   Code   RO         3344    i.LCD_RD_DATA       lcd.o
    0x08003fa0   0x00000018   Code   RO         3346    i.LCD_ReadReg       lcd.o
    0x08003fb8   0x0000003c   Code   RO         3347    i.LCD_SSD_BackLightSet  lcd.o
    0x08003ff4   0x000001a8   Code   RO         3348    i.LCD_Scan_Dir      lcd.o
    0x0800419c   0x00000148   Code   RO         3349    i.LCD_SetCursor     lcd.o
    0x080042e4   0x000000cc   Code   RO         3351    i.LCD_ShowChar      lcd.o
    0x080043b0   0x00000054   Code   RO         3353    i.LCD_ShowString    lcd.o
    0x08004404   0x00000014   Code   RO         3358    i.LCD_WriteRAM_Prepare  lcd.o
    0x08004418   0x00000010   Code   RO         3359    i.LCD_WriteReg      lcd.o
    0x08004428   0x00000002   Code   RO         3111    i.MemManage_Handler  stm32f10x_it.o
    0x0800442a   0x00000002   Code   RO         3112    i.NMI_Handler       stm32f10x_it.o
    0x0800442c   0x00000048   Code   RO         3226    i.NRF_Check         bsp_spi_nrf.o
    0x08004474   0x0000006c   Code   RO         3229    i.NRF_TX_Mode       bsp_spi_nrf.o
    0x080044e0   0x000000a0   Code   RO            1    i.NVIC_Init         misc.o
    0x08004580   0x00000048   Code   RO            2    i.NVIC_PriorityGroupConfig  misc.o
    0x080045c8   0x00000026   Code   RO         3524    i.OV7670_Brightness  ov7670.o
    0x080045ee   0x00000072   Code   RO         3525    i.OV7670_Color_Saturation  ov7670.o
    0x08004660   0x00000026   Code   RO         3526    i.OV7670_Contrast   ov7670.o
    0x08004686   0x00000002   PAD
    0x08004688   0x00000110   Code   RO         3527    i.OV7670_Init       ov7670.o
    0x08004798   0x00000052   Code   RO         3528    i.OV7670_Light_Mode  ov7670.o
    0x080047ea   0x00000054   Code   RO         3529    i.OV7670_Special_Effects  ov7670.o
    0x0800483e   0x0000006e   Code   RO         3530    i.OV7670_Window_Set  ov7670.o
    0x080048ac   0x00000002   Code   RO         3113    i.PendSV_Handler    stm32f10x_it.o
    0x080048ae   0x00000002   PAD
    0x080048b0   0x00000054   Code   RO         1653    i.RCC_AHBPeriphClockCmd  stm32f10x_rcc.o
    0x08004904   0x00000054   Code   RO         1656    i.RCC_APB2PeriphClockCmd  stm32f10x_rcc.o
    0x08004958   0x0000006c   Code   RO         3578    i.SCCB_Init         sccb.o
    0x080049c4   0x00000044   Code   RO         3579    i.SCCB_No_Ack       sccb.o
    0x08004a08   0x00000074   Code   RO         3580    i.SCCB_RD_Byte      sccb.o
    0x08004a7c   0x0000004c   Code   RO         3581    i.SCCB_RD_Reg       sccb.o
    0x08004ac8   0x00000034   Code   RO         3582    i.SCCB_Start        sccb.o
    0x08004afc   0x00000038   Code   RO         3583    i.SCCB_Stop         sccb.o
    0x08004b34   0x00000090   Code   RO         3584    i.SCCB_WR_Byte      sccb.o
    0x08004bc4   0x0000003e   Code   RO         3585    i.SCCB_WR_Reg       sccb.o
    0x08004c02   0x00000002   PAD
    0x08004c04   0x00000064   Code   RO         2132    i.SPI_Cmd           stm32f10x_spi.o
    0x08004c68   0x0000007c   Code   RO         2140    i.SPI_I2S_GetFlagStatus  stm32f10x_spi.o
    0x08004ce4   0x00000044   Code   RO         2143    i.SPI_I2S_ReceiveData  stm32f10x_spi.o
    0x08004d28   0x00000048   Code   RO         2144    i.SPI_I2S_SendData  stm32f10x_spi.o
    0x08004d70   0x00000130   Code   RO         2145    i.SPI_Init          stm32f10x_spi.o
    0x08004ea0   0x000000cc   Code   RO         3231    i.SPI_NRF_Init      bsp_spi_nrf.o
    0x08004f6c   0x00000034   Code   RO         3232    i.SPI_NRF_RW        bsp_spi_nrf.o
    0x08004fa0   0x0000004c   Code   RO         3233    i.SPI_NRF_ReadBuf   bsp_spi_nrf.o
    0x08004fec   0x0000004c   Code   RO         3235    i.SPI_NRF_WriteBuf  bsp_spi_nrf.o
    0x08005038   0x00000038   Code   RO         3236    i.SPI_NRF_WriteReg  bsp_spi_nrf.o
    0x08005070   0x00000002   Code   RO         3114    i.SVC_Handler       stm32f10x_it.o
    0x08005072   0x00000002   PAD
    0x08005074   0x000000a8   Code   RO         3171    i.SetSysClockTo72   system_stm32f10x.o
    0x0800511c   0x00000034   Code   RO            5    i.SysTick_CLKSourceConfig  misc.o
    0x08005150   0x00000002   Code   RO         3115    i.SysTick_Handler   stm32f10x_it.o
    0x08005152   0x00000002   PAD
    0x08005154   0x00000050   Code   RO         3173    i.SystemInit        system_stm32f10x.o
    0x080051a4   0x00000002   Code   RO         3116    i.UsageFault_Handler  stm32f10x_it.o
    0x080051a6   0x00000002   PAD
    0x080051a8   0x00000020   Code   RO         3751    i.__0printf$3       mc_w.l(printf3.o)
    0x080051c8   0x0000000e   Code   RO         3973    i.__scatterload_copy  mc_w.l(handlers.o)
    0x080051d6   0x00000002   Code   RO         3974    i.__scatterload_null  mc_w.l(handlers.o)
    0x080051d8   0x0000000e   Code   RO         3975    i.__scatterload_zeroinit  mc_w.l(handlers.o)
    0x080051e6   0x00000002   PAD
    0x080051e8   0x000001b8   Code   RO         3758    i._printf_core      mc_w.l(printf3.o)
    0x080053a0   0x0000003c   Code   RO         3051    i.assert_failed     main.o
    0x080053dc   0x0000003c   Code   RO         3200    i.delay_init        delay.o
    0x08005418   0x00000034   Code   RO         3201    i.delay_ms          delay.o
    0x0800544c   0x00000034   Code   RO         3202    i.delay_us          delay.o
    0x08005480   0x00000012   Code   RO         3943    i.fputc             mc_w.l(fputc.o)
    0x08005492   0x00000002   PAD
    0x08005494   0x00000288   Code   RO         3053    i.main              main.o
    0x0800571c   0x000017c0   Data   RO         3362    .constdata          lcd.o
    0x08006edc   0x00000150   Data   RO         3531    .constdata          ov7670.o
    0x0800702c   0x00000020   Data   RO         3971    Region$$Table       anon$$obj.o


    Execution Region ER_RW (Base: 0x20000000, Size: 0x0000002c, Max: 0xffffffff, ABSOLUTE)

    Base Addr    Size         Type   Attr      Idx    E Section Name        Object

    0x20000000   0x00000014   Data   RW         3174    .data               system_stm32f10x.o
    0x20000014   0x00000004   Data   RW         3203    .data               delay.o
    0x20000018   0x0000000a   Data   RW         3237    .data               bsp_spi_nrf.o
    0x20000022   0x00000001   Data   RW         3305    .data               exti.o
    0x20000023   0x00000001   PAD
    0x20000024   0x00000004   Data   RW         3363    .data               lcd.o
    0x20000028   0x00000004   Data   RW         3945    .data               mc_w.l(stdout.o)


    Execution Region ER_ZI (Base: 0x2000002c, Size: 0x00000414, Max: 0xffffffff, ABSOLUTE)

    Base Addr    Size         Type   Attr      Idx    E Section Name        Object

    0x2000002c   0x0000000e   Zero   RW         3361    .bss                lcd.o
    0x2000003a   0x00000006   PAD
    0x20000040   0x00000400   Zero   RW         3043    STACK               startup_stm32f10x_md.o


==============================================================================

Image component sizes


      Code (inc. data)   RO Data    RW Data    ZI Data      Debug   Object Name

       644         52          0         10          0       4768   bsp_spi_nrf.o
       164         26          0          4          0       1491   delay.o
       150         14          0          1          0       1199   exti.o
     13860        156       6080          4         14      50380   lcd.o
       708        260          0          0          0       1736   main.o
       284         50          0          0          0     234753   misc.o
       738         38        336          0          0       4697   ov7670.o
       682         66          0          0          0       4303   sccb.o
        36          8        236          0       1024        784   startup_stm32f10x_md.o
       432         86          0          0          0       2120   stm32f10x_exti.o
       800         56          0          0          0       2101   stm32f10x_fsmc.o
      1272        284          0          0          0       4676   stm32f10x_gpio.o
        18          0          0          0          0       3442   stm32f10x_it.o
       168         52          0          0          0       1201   stm32f10x_rcc.o
       668        166          0          0          0       3850   stm32f10x_spi.o
       248         24          0         20          0       1625   system_stm32f10x.o

    ----------------------------------------------------------------------
     20886       1338       6684         40       1044     323126   Object Totals
         0          0         32          0          0          0   (incl. Generated)
        14          0          0          1          6          0   (incl. Padding)

    ----------------------------------------------------------------------

      Code (inc. data)   RO Data    RW Data    ZI Data      Debug   Library Member Name

         0          0          0          0          0          0   entry.o
         0          0          0          0          0          0   entry10a.o
         0          0          0          0          0          0   entry11a.o
         8          4          0          0          0          0   entry2.o
         4          0          0          0          0          0   entry5.o
         0          0          0          0          0          0   entry7b.o
         0          0          0          0          0          0   entry8b.o
         8          4          0          0          0          0   entry9a.o
        18          0          0          0          0         80   fputc.o
        30          0          0          0          0          0   handlers.o
        36          8          0          0          0         68   init.o
         0          0          0          0          0          0   iusefp.o
         0          0          0          0          0          0   iusesemip.o
        30          0          0          0          0         68   llshl.o
        32          0          0          0          0         68   llushr.o
       472         14          0          0          0        184   printf3.o
         0          0          0          0          0          0   semi.o
         0          0          0          4          0          0   stdout.o
        44          0          0          0          0         80   uidiv.o
       186          0          0          0          0        176   depilogue.o
        50          0          0          0          0         76   dfixui.o
        26          0          0          0          0         76   dfltui.o
       228          0          0          0          0         96   dmul.o

    ----------------------------------------------------------------------
      1178         30          0          4          0        972   Library Totals
         6          0          0          0          0          0   (incl. Padding)

    ----------------------------------------------------------------------

      Code (inc. data)   RO Data    RW Data    ZI Data      Debug   Library Name

       682         30          0          4          0        548   mc_w.l
       490          0          0          0          0        424   mf_w.l

    ----------------------------------------------------------------------
      1178         30          0          4          0        972   Library Totals

    ----------------------------------------------------------------------

==============================================================================


      Code (inc. data)   RO Data    RW Data    ZI Data      Debug   

     22064       1368       6684         44       1044     320142   Grand Totals
     22064       1368       6684         44       1044     320142   ELF Image Totals
     22064       1368       6684         44          0          0   ROM Totals

==============================================================================

    Total RO  Size (Code + RO Data)                28748 (  28.07kB)
    Total RW  Size (RW Data + ZI Data)              1088 (   1.06kB)
    Total ROM Size (Code + RO Data + RW Data)      28792 (  28.12kB)

==============================================================================

